Archive member included to satisfy reference by file (symbol)

/opt/st/stm32cubeide_2.0.0/plugins/com.st.stm32cube.ide.mcu.externaltools.gnu-tools-for-stm32.13.3.rel1.linux64_1.0.100.202509120712/tools/bin/../lib/gcc/arm-none-eabi/13.3.1/../../../../arm-none-eabi/lib/thumb/v7e-m+dp/hard/libc_nano.a(libc_a-exit.o)
                              /opt/st/stm32cubeide_2.0.0/plugins/com.st.stm32cube.ide.mcu.externaltools.gnu-tools-for-stm32.13.3.rel1.linux64_1.0.100.202509120712/tools/bin/../lib/gcc/arm-none-eabi/13.3.1/../../../../arm-none-eabi/lib/thumb/v7e-m+dp/hard/crt0.o (exit)
/opt/st/stm32cubeide_2.0.0/plugins/com.st.stm32cube.ide.mcu.externaltools.gnu-tools-for-stm32.13.3.rel1.linux64_1.0.100.202509120712/tools/bin/../lib/gcc/arm-none-eabi/13.3.1/../../../../arm-none-eabi/lib/thumb/v7e-m+dp/hard/libc_nano.a(libc_a-findfp.o)
                              /opt/st/stm32cubeide_2.0.0/plugins/com.st.stm32cube.ide.mcu.externaltools.gnu-tools-for-stm32.13.3.rel1.linux64_1.0.100.202509120712/tools/bin/../lib/gcc/arm-none-eabi/13.3.1/../../../../arm-none-eabi/lib/thumb/v7e-m+dp/hard/libc_nano.a(libc_a-exit.o) (__stdio_exit_handler)
/opt/st/stm32cubeide_2.0.0/plugins/com.st.stm32cube.ide.mcu.externaltools.gnu-tools-for-stm32.13.3.rel1.linux64_1.0.100.202509120712/tools/bin/../lib/gcc/arm-none-eabi/13.3.1/../../../../arm-none-eabi/lib/thumb/v7e-m+dp/hard/libc_nano.a(libc_a-fwalk.o)
                              /opt/st/stm32cubeide_2.0.0/plugins/com.st.stm32cube.ide.mcu.externaltools.gnu-tools-for-stm32.13.3.rel1.linux64_1.0.100.202509120712/tools/bin/../lib/gcc/arm-none-eabi/13.3.1/../../../../arm-none-eabi/lib/thumb/v7e-m+dp/hard/libc_nano.a(libc_a-findfp.o) (_fwalk_sglue)
/opt/st/stm32cubeide_2.0.0/plugins/com.st.stm32cube.ide.mcu.externaltools.gnu-tools-for-stm32.13.3.rel1.linux64_1.0.100.202509120712/tools/bin/../lib/gcc/arm-none-eabi/13.3.1/../../../../arm-none-eabi/lib/thumb/v7e-m+dp/hard/libc_nano.a(libc_a-sprintf.o)
                              ./Core/Src/main.o (sprintf)
/opt/st/stm32cubeide_2.0.0/plugins/com.st.stm32cube.ide.mcu.externaltools.gnu-tools-for-stm32.13.3.rel1.linux64_1.0.100.202509120712/tools/bin/../lib/gcc/arm-none-eabi/13.3.1/../../../../arm-none-eabi/lib/thumb/v7e-m+dp/hard/libc_nano.a(libc_a-stdio.o)
                              /opt/st/stm32cubeide_2.0.0/plugins/com.st.stm32cube.ide.mcu.externaltools.gnu-tools-for-stm32.13.3.rel1.linux64_1.0.100.202509120712/tools/bin/../lib/gcc/arm-none-eabi/13.3.1/../../../../arm-none-eabi/lib/thumb/v7e-m+dp/hard/libc_nano.a(libc_a-findfp.o) (__sread)
/opt/st/stm32cubeide_2.0.0/plugins/com.st.stm32cube.ide.mcu.externaltools.gnu-tools-for-stm32.13.3.rel1.linux64_1.0.100.202509120712/tools/bin/../lib/gcc/arm-none-eabi/13.3.1/../../../../arm-none-eabi/lib/thumb/v7e-m+dp/hard/libc_nano.a(libc_a-memset.o)
                              /opt/st/stm32cubeide_2.0.0/plugins/com.st.stm32cube.ide.mcu.externaltools.gnu-tools-for-stm32.13.3.rel1.linux64_1.0.100.202509120712/tools/bin/../lib/gcc/arm-none-eabi/13.3.1/../../../../arm-none-eabi/lib/thumb/v7e-m+dp/hard/crt0.o (memset)
/opt/st/stm32cubeide_2.0.0/plugins/com.st.stm32cube.ide.mcu.externaltools.gnu-tools-for-stm32.13.3.rel1.linux64_1.0.100.202509120712/tools/bin/../lib/gcc/arm-none-eabi/13.3.1/../../../../arm-none-eabi/lib/thumb/v7e-m+dp/hard/libc_nano.a(libc_a-closer.o)
                              /opt/st/stm32cubeide_2.0.0/plugins/com.st.stm32cube.ide.mcu.externaltools.gnu-tools-for-stm32.13.3.rel1.linux64_1.0.100.202509120712/tools/bin/../lib/gcc/arm-none-eabi/13.3.1/../../../../arm-none-eabi/lib/thumb/v7e-m+dp/hard/libc_nano.a(libc_a-stdio.o) (_close_r)
/opt/st/stm32cubeide_2.0.0/plugins/com.st.stm32cube.ide.mcu.externaltools.gnu-tools-for-stm32.13.3.rel1.linux64_1.0.100.202509120712/tools/bin/../lib/gcc/arm-none-eabi/13.3.1/../../../../arm-none-eabi/lib/thumb/v7e-m+dp/hard/libc_nano.a(libc_a-reent.o)
                              /opt/st/stm32cubeide_2.0.0/plugins/com.st.stm32cube.ide.mcu.externaltools.gnu-tools-for-stm32.13.3.rel1.linux64_1.0.100.202509120712/tools/bin/../lib/gcc/arm-none-eabi/13.3.1/../../../../arm-none-eabi/lib/thumb/v7e-m+dp/hard/libc_nano.a(libc_a-closer.o) (errno)
/opt/st/stm32cubeide_2.0.0/plugins/com.st.stm32cube.ide.mcu.externaltools.gnu-tools-for-stm32.13.3.rel1.linux64_1.0.100.202509120712/tools/bin/../lib/gcc/arm-none-eabi/13.3.1/../../../../arm-none-eabi/lib/thumb/v7e-m+dp/hard/libc_nano.a(libc_a-impure.o)
                              /opt/st/stm32cubeide_2.0.0/plugins/com.st.stm32cube.ide.mcu.externaltools.gnu-tools-for-stm32.13.3.rel1.linux64_1.0.100.202509120712/tools/bin/../lib/gcc/arm-none-eabi/13.3.1/../../../../arm-none-eabi/lib/thumb/v7e-m+dp/hard/libc_nano.a(libc_a-sprintf.o) (_impure_ptr)
/opt/st/stm32cubeide_2.0.0/plugins/com.st.stm32cube.ide.mcu.externaltools.gnu-tools-for-stm32.13.3.rel1.linux64_1.0.100.202509120712/tools/bin/../lib/gcc/arm-none-eabi/13.3.1/../../../../arm-none-eabi/lib/thumb/v7e-m+dp/hard/libc_nano.a(libc_a-lseekr.o)
[...]
Memory Configuration

Name             Origin             Length             Attributes
RAM_D1           0x24000000         0x00080000         xrw
FLASH            0x08000000         0x00100000         xr
DTCMRAM          0x20000000         0x00020000         xrw
RAM_D2           0x30000000         0x00048000         xrw
RAM_D3           0x38000000         0x00010000         xrw
ITCMRAM          0x00000000         0x00010000         xrw
*default*        0x00000000         0xffffffff

Linker script and memory map

LOAD /opt/st/stm32cubeide_2.0.0/plugins/com.st.stm32cube.ide.mcu.externaltools.gnu-tools-for-stm32.13.3.rel1.linux64_1.0.100.202509120712/tools/bin/../lib/gcc/arm-none-eabi/13.3.1/thumb/v7e-m+dp/hard/crti.o
LOAD /opt/st/stm32cubeide_2.0.0/plugins/com.st.stm32cube.ide.mcu.externaltools.gnu-tools-for-stm32.13.3.rel1.linux64_1.0.100.202509120712/tools/bin/../lib/gcc/arm-none-eabi/13.3.1/thumb/v7e-m+dp/hard/crtbegin.o
LOAD /opt/st/stm32cubeide_2.0.0/plugins/com.st.stm32cube.ide.mcu.externaltools.gnu-tools-for-stm32.13.3.rel1.linux64_1.0.100.202509120712/tools/bin/../lib/gcc/arm-none-eabi/13.3.1/../../../../arm-none-eabi/lib/thumb/v7e-m+dp/hard/crt0.o
LOAD ./Common/Src/system_stm32h7xx_dualcore_boot_cm4_cm7.o
LOAD ./Core/Src/freertos.o
LOAD ./Core/Src/main.o
LOAD ./Core/Src/stm32h7xx_hal_msp.o
LOAD ./Core/Src/stm32h7xx_hal_timebase_tim.o
LOAD ./Core/Src/stm32h7xx_it.o
LOAD ./Core/Src/syscalls.o
LOAD ./Core/Src/sysmem.o
LOAD ./Core/Startup/startup_stm32h755zitx.o
LOAD ./Drivers/STM32H7xx_HAL_Driver/stm32h7xx_hal.o
LOAD ./Drivers/STM32H7xx_HAL_Driver/stm32h7xx_hal_cortex.o
LOAD ./Drivers/STM32H7xx_HAL_Driver/stm32h7xx_hal_dma.o
LOAD ./Drivers/STM32H7xx_HAL_Driver/stm32h7xx_hal_dma_ex.o
LOAD ./Drivers/STM32H7xx_HAL_Driver/stm32h7xx_hal_exti.o
LOAD ./Drivers/STM32H7xx_HAL_Driver/stm32h7xx_hal_flash.o
LOAD ./Drivers/STM32H7xx_HAL_Driver/stm32h7xx_hal_flash_ex.o
LOAD ./Drivers/STM32H7xx_HAL_Driver/stm32h7xx_hal_gpio.o
LOAD ./Drivers/STM32H7xx_HAL_Driver/stm32h7xx_hal_hsem.o
LOAD ./Drivers/STM32H7xx_HAL_Driver/stm32h7xx_hal_i2c.o
LOAD ./Drivers/STM32H7xx_HAL_Driver/stm32h7xx_hal_i2c_ex.o
LOAD ./Drivers/STM32H7xx_HAL_Driver/stm32h7xx_hal_mdma.o
LOAD ./Drivers/STM32H7xx_HAL_Driver/stm32h7xx_hal_pwr.o
LOAD ./Drivers/STM32H7xx_HAL_Driver/stm32h7xx_hal_pwr_ex.o
LOAD ./Drivers/STM32H7xx_HAL_Driver/stm32h7xx_hal_rcc.o
LOAD ./Drivers/STM32H7xx_HAL_Driver/stm32h7xx_hal_rcc_ex.o
LOAD ./Drivers/STM32H7xx_HAL_Driver/stm32h7xx_hal_tim.o
LOAD ./Drivers/STM32H7xx_HAL_Driver/stm32h7xx_hal_tim_ex.o
LOAD ./Drivers/STM32H7xx_HAL_Driver/stm32h7xx_hal_uart.o
LOAD ./Drivers/STM32H7xx_HAL_Driver/stm32h7xx_hal_uart_ex.o
LOAD ./Middlewares/Third_Party/FreeRTOS/cmsis_os2.o
LOAD ./Middlewares/Third_Party/FreeRTOS/croutine.o
LOAD ./Middlewares/Third_Party/FreeRTOS/event_groups.o
LOAD ./Middlewares/Third_Party/FreeRTOS/heap_4.o
LOAD ./Middlewares/Third_Party/FreeRTOS/list.o
LOAD ./Middlewares/Third_Party/FreeRTOS/port.o
LOAD ./Middlewares/Third_Party/FreeRTOS/queue.o
LOAD ./Middlewares/Third_Party/FreeRTOS/stream_buffer.o
LOAD ./Middlewares/Third_Party/FreeRTOS/tasks.o
LOAD ./Middlewares/Third_Party/FreeRTOS/timers.o
START GROUP
LOAD /opt/st/stm32cubeide_2.0.0/plugins/com.st.stm32cube.ide.mcu.externaltools.gnu-tools-for-stm32.13.3.rel1.linux64_1.0.100.202509120712/tools/bin/../lib/gcc/arm-none-eabi/13.3.1/../../../../arm-none-eabi/lib/thumb/v7e-m+dp/hard/libc_nano.a
LOAD /opt/st/stm32cubeide_2.0.0/plugins/com.st.stm32cube.ide.mcu.externaltools.gnu-tools-for-stm32.13.3.rel1.linux64_1.0.100.202509120712/tools/bin/../lib/gcc/arm-none-eabi/13.3.1/../../../../arm-none-eabi/lib/thumb/v7e-m+dp/hard/libm.a
END GROUP
START GROUP
LOAD /opt/st/stm32cubeide_2.0.0/plugins/com.st.stm32cube.ide.mcu.externaltools.gnu-tools-for-stm32.13.3.rel1.linux64_1.0.100.202509120712/tools/bin/../lib/gcc/arm-none-eabi/13.3.1/thumb/v7e-m+dp/hard/libgcc.a
LOAD /opt/st/stm32cubeide_2.0.0/plugins/com.st.stm32cube.ide.mcu.externaltools.gnu-tools-for-stm32.13.3.rel1.linux64_1.0.100.202509120712/tools/bin/../lib/gcc/arm-none-eabi/13.3.1/../../../../arm-none-eabi/lib/thumb/v7e-m+dp/hard/libc_nano.a
END GROUP
START GROUP
LOAD /opt/st/stm32cubeide_2.0.0/plugins/com.st.stm32cube.ide.mcu.externaltools.gnu-tools-for-stm32.13.3.rel1.linux64_1.0.100.202509120712/tools/bin/../lib/gcc/arm-none-eabi/13.3.1/thumb/v7e-m+dp/hard/libgcc.a
LOAD /opt/st/stm32cubeide_2.0.0/plugins/com.st.stm32cube.ide.mcu.externaltools.gnu-tools-for-stm32.13.3.rel1.linux64_1.0.100.202509120712/tools/bin/../lib/gcc/arm-none-eabi/13.3.1/../../../../arm-none-eabi/lib/thumb/v7e-m+dp/hard/libc_nano.a
LOAD /opt/st/stm32cubeide_2.0.0/plugins/com.st.stm32cube.ide.mcu.externaltools.gnu-tools-for-stm32.13.3.rel1.linux64_1.0.100.202509120712/tools/bin/../lib/gcc/arm-none-eabi/13.3.1/../../../../arm-none-eabi/lib/thumb/v7e-m+dp/hard/libnosys.a
END GROUP
START GROUP
LOAD /opt/st/stm32cubeide_2.0.0/plugins/com.st.stm32cube.ide.mcu.externaltools.gnu-tools-for-stm32.13.3.rel1.linux64_1.0.100.202509120712/tools/bin/../lib/gcc/arm-none-eabi/13.3.1/thumb/v7e-m+dp/hard/libgcc.a
LOAD /opt/st/stm32cubeide_2.0.0/plugins/com.st.stm32cube.ide.mcu.externaltools.gnu-tools-for-stm32.13.3.rel1.linux64_1.0.100.202509120712/tools/bin/../lib/gcc/arm-none-eabi/13.3.1/../../../../arm-none-eabi/lib/thumb/v7e-m+dp/hard/libc_nano.a
LOAD /opt/st/stm32cubeide_2.0.0/plugins/com.st.stm32cube.ide.mcu.externaltools.gnu-tools-for-stm32.13.3.rel1.linux64_1.0.100.202509120712/tools/bin/../lib/gcc/arm-none-eabi/13.3.1/../../../../arm-none-eabi/lib/thumb/v7e-m+dp/hard/libnosys.a
END GROUP
LOAD /opt/st/stm32cubeide_2.0.0/plugins/com.st.stm32cube.ide.mcu.externaltools.gnu-tools-for-stm32.13.3.rel1.linux64_1.0.100.202509120712/tools/bin/../lib/gcc/arm-none-eabi/13.3.1/thumb/v7e-m+dp/hard/crtend.o
LOAD /opt/st/stm32cubeide_2.0.0/plugins/com.st.stm32cube.ide.mcu.externaltools.gnu-tools-for-stm32.13.3.rel1.linux64_1.0.100.202509120712/tools/bin/../lib/gcc/arm-none-eabi/13.3.1/thumb/v7e-m+dp/hard/crtn.o
                0x24080000                        _estack = (ORIGIN (RAM_D1) + LENGTH (RAM_D1))
                0x00000200                        _Min_Heap_Size = 0x200
                0x00000400                        _Min_Stack_Size = 0x400

.isr_vector     0x08000000      0x298
                0x08000000                        . = ALIGN (0x4)
 *(.isr_vector)
 .isr_vector    0x08000000      0x298 ./Core/Startup/startup_stm32h755zitx.o
                0x08000000                g_pfnVectors
                0x08000298                        . = ALIGN (0x4)

.text           0x080002a0     0xbdd8
                0x080002a0                        . = ALIGN (0x4)
 *(.text)
 .text          0x080002a0       0x40 /opt/st/stm32cubeide_2.0.0/plugins/com.st.stm32cube.ide.mcu.externaltools.gnu-tools-for-stm32.13.3.rel1.linux64_1.0.100.202509120712/tools/bin/../lib/gcc/arm-none-eabi/13.3.1/thumb/v7e-m+dp/hard/crtbegin.o
 .text          0x080002e0       0x10 /opt/st/stm32cubeide_2.0.0/plugins/com.st.stm32cube.ide.mcu.externaltools.gnu-tools-for-stm32.13.3.rel1.linux64_1.0.100.202509120712/tools/bin/../lib/gcc/arm-none-eabi/13.3.1/../../../../arm-none-eabi/lib/thumb/v7e-m+dp/hard/libc_nano.a(libc_a-strlen.o)
                0x080002e0                strlen
 .text          0x080002f0       0xa0 /opt/st/stm32cubeide_2.0.0/plugins/com.st.stm32cube.ide.mcu.externaltools.gnu-tools-for-stm32.13.3.rel1.linux64_1.0.100.202509120712/tools/bin/../lib/gcc/arm-none-eabi/13.3.1/../../../../arm-none-eabi/lib/thumb/v7e-m+dp/hard/libc_nano.a(libc_a-memchr.o)
                0x080002f0                memchr
 .text          0x08000390       0x30 /opt/st/stm32cubeide_2.0.0/plugins/com.st.stm32cube.ide.mcu.externaltools.gnu-tools-for-stm32.13.3.rel1.linux64_1.0.100.202509120712/tools/bin/../lib/gcc/arm-none-eabi/13.3.1/thumb/v7e-m+dp/hard/libgcc.a(_aeabi_uldivmod.o)
                0x08000390                __aeabi_uldivmod
 .text          0x080003c0      0x2f8 /opt/st/stm32cubeide_2.0.0/plugins/com.st.stm32cube.ide.mcu.externaltools.gnu-tools-for-stm32.13.3.rel1.linux64_1.0.100.202509120712/tools/bin/../lib/gcc/arm-none-eabi/13.3.1/thumb/v7e-m+dp/hard/libgcc.a(_udivmoddi4.o)
                0x080003c0                __udivmoddi4
 .text          0x080006b8        0x4 /opt/st/stm32cubeide_2.0.0/plugins/com.st.stm32cube.ide.mcu.externaltools.gnu-tools-for-stm32.13.3.rel1.linux64_1.0.100.202509120712/tools/bin/../lib/gcc/arm-none-eabi/13.3.1/thumb/v7e-m+dp/hard/libgcc.a(_dvmd_tls.o)
                0x080006b8                __aeabi_ldiv0
                0x080006b8                __aeabi_idiv0
 *(.text*)
 .text.SystemInit
                0x080006bc      0x15c ./Common/Src/system_stm32h7xx_dualcore_boot_cm4_cm7.o
                0x080006bc                SystemInit
 .text.ExitRun0Mode
                0x08000818       0x30 ./Common/Src/system_stm32h7xx_dualcore_boot_cm4_cm7.o
                0x08000818                ExitRun0Mode
 .text.UART_Print
                0x08000848       0x2c ./Core/Src/main.o
                0x08000848                UART_Print
 .text.main     0x08000874      0x178 ./Core/Src/main.o
                0x08000874                main
 .text.SystemClock_Config
                0x080009ec       0xd4 ./Core/Src/main.o
                0x080009ec                SystemClock_Config
 .text.MX_USART3_UART_Init
                0x08000ac0       0x98 ./Core/Src/main.o
 .text.MX_GPIO_Init
                0x08000b58       0xcc ./Core/Src/main.o
 .text.HAL_UART_RxCpltCallback
                0x08000c24       0x40 ./Core/Src/main.o
                0x08000c24                HAL_UART_RxCpltCallback
 .text.StartDefaultTask
                0x08000c64       0x10 ./Core/Src/main.o
                0x08000c64                StartDefaultTask
 .text.StartUserInput
                0x08000c74       0xc8 ./Core/Src/main.o
                0x08000c74                StartUserInput
 .text.StartConsole
                0x08000d3c       0x68 ./Core/Src/main.o
                0x08000d3c                StartConsole
 .text.StartLED
                0x08000da4       0xac ./Core/Src/main.o
                0x08000da4                StartLED
 .text.HAL_TIM_PeriodElapsedCallback
                0x08000e50       0x1e ./Core/Src/main.o
                0x08000e50                HAL_TIM_PeriodElapsedCallback
 .text.Error_Handler
                0x08000e6e        0xc ./Core/Src/main.o
                0x08000e6e                Error_Handler
 *fill*         0x08000e7a        0x2 
 .text.HAL_MspInit
                0x08000e7c       0x3c ./Core/Src/stm32h7xx_hal_msp.o
                0x08000e7c                HAL_MspInit
 .text.HAL_UART_MspInit
                0x08000eb8       0xe4 ./Core/Src/stm32h7xx_hal_msp.o
                0x08000eb8                HAL_UART_MspInit
 .text.HAL_InitTick
                0x08000f9c       0xd4 ./Core/Src/stm32h7xx_hal_timebase_tim.o
                0x08000f9c                HAL_InitTick
 .text.NMI_Handler
                0x08001070        0x8 ./Core/Src/stm32h7xx_it.o
                0x08001070                NMI_Handler
 .text.HardFault_Handler
                0x08001078        0x8 ./Core/Src/stm32h7xx_it.o
                0x08001078                HardFault_Handler
 .text.MemManage_Handler
                0x08001080        0x8 ./Core/Src/stm32h7xx_it.o
                0x08001080                MemManage_Handler
 .text.BusFault_Handler
                0x08001088        0x8 ./Core/Src/stm32h7xx_it.o
                0x08001088                BusFault_Handler
 .text.UsageFault_Handler
                0x08001090        0x8 ./Core/Src/stm32h7xx_it.o
                0x08001090                UsageFault_Handler
 .text.DebugMon_Handler
                0x08001098        0xe ./Core/Src/stm32h7xx_it.o
                0x08001098                DebugMon_Handler
 *fill*         0x080010a6        0x2 
 .text.TIM2_IRQHandler
                0x080010a8       0x14 ./Core/Src/stm32h7xx_it.o
                0x080010a8                TIM2_IRQHandler
 .text.USART3_IRQHandler
                0x080010bc       0x14 ./Core/Src/stm32h7xx_it.o
                0x080010bc                USART3_IRQHandler
 .text._sbrk    0x080010d0       0x6c ./Core/Src/sysmem.o
                0x080010d0                _sbrk
 .text.Reset_Handler
                0x0800113c       0x54 ./Core/Startup/startup_stm32h755zitx.o
                0x0800113c                Reset_Handler
 .text.Default_Handler
                0x08001190        0x2 ./Core/Startup/startup_stm32h755zitx.o
                0x08001190                RTC_Alarm_IRQHandler
                0x08001190                HASH_RNG_IRQHandler
                0x08001190                EXTI2_IRQHandler
                0x08001190                TIM8_CC_IRQHandler
                0x08001190                HRTIM1_Master_IRQHandler
                0x08001190                UART8_IRQHandler
                0x08001190                SPI4_IRQHandler
                0x08001190                TIM1_CC_IRQHandler
                0x08001190                BDMA_Channel6_IRQHandler
                0x08001190                DMA2_Stream5_IRQHandler
                0x08001190                HRTIM1_FLT_IRQHandler
                0x08001190                JPEG_IRQHandler
                0x08001190                DMA1_Stream5_IRQHandler
                0x08001190                BDMA_Channel1_IRQHandler
                0x08001190                HRTIM1_TIMD_IRQHandler
                0x08001190                TAMP_STAMP_IRQHandler
                0x08001190                EXTI3_IRQHandler
                0x08001190                LPTIM4_IRQHandler
                0x08001190                TIM8_TRG_COM_TIM14_IRQHandler
                0x08001190                LPTIM2_IRQHandler
                0x08001190                DFSDM1_FLT1_IRQHandler
                0x08001190                DMAMUX2_OVR_IRQHandler
                0x08001190                TIM8_UP_TIM13_IRQHandler
                0x08001190                I2C3_ER_IRQHandler
                0x08001190                DFSDM1_FLT2_IRQHandler
                0x08001190                MDMA_IRQHandler
                0x08001190                LPTIM3_IRQHandler
                0x08001190                HSEM1_IRQHandler
                0x08001190                EXTI0_IRQHandler
                0x08001190                I2C2_EV_IRQHandler
                0x08001190                DMA1_Stream2_IRQHandler
                0x08001190                FPU_IRQHandler
                0x08001190                OTG_HS_WKUP_IRQHandler
                0x08001190                FDCAN1_IT1_IRQHandler
                0x08001190                LTDC_ER_IRQHandler
                0x08001190                DMA2_Stream2_IRQHandler
                0x08001190                HRTIM1_TIME_IRQHandler
                0x08001190                SPI1_IRQHandler
                0x08001190                TIM6_DAC_IRQHandler
                0x08001190                DCMI_IRQHandler
                0x08001190                HRTIM1_TIMC_IRQHandler
                0x08001190                DMA2_Stream3_IRQHandler
                0x08001190                SAI2_IRQHandler
                0x08001190                DFSDM1_FLT3_IRQHandler
                0x08001190                USART6_IRQHandler
                0x08001190                TIM17_IRQHandler
                0x08001190                BDMA_Channel7_IRQHandler
                0x08001190                CRYP_IRQHandler
                0x08001190                LPTIM5_IRQHandler
                0x08001190                UART5_IRQHandler
                0x08001190                ADC3_IRQHandler
                0x08001190                DMA2_Stream0_IRQHandler
                0x08001190                TIM4_IRQHandler
                0x08001190                BDMA_Channel2_IRQHandler
                0x08001190                QUADSPI_IRQHandler
                0x08001190                I2C1_EV_IRQHandler
                0x08001190                DMA1_Stream6_IRQHandler
                0x08001190                DMAMUX1_OVR_IRQHandler
                0x08001190                DMA1_Stream1_IRQHandler
                0x08001190                TIM16_IRQHandler
                0x08001190                UART4_IRQHandler
                0x08001190                BDMA_Channel5_IRQHandler
                0x08001190                TIM3_IRQHandler
                0x08001190                RCC_IRQHandler
                0x08001190                TIM8_BRK_TIM12_IRQHandler
                0x08001190                TIM1_TRG_COM_IRQHandler
                0x08001190                Default_Handler
                0x08001190                ECC_IRQHandler
                0x08001190                CEC_IRQHandler
                0x08001190                EXTI15_10_IRQHandler
                0x08001190                BDMA_Channel0_IRQHandler
                0x08001190                ADC_IRQHandler
                0x08001190                DMA1_Stream7_IRQHandler
                0x08001190                HRTIM1_TIMA_IRQHandler
                0x08001190                SPI5_IRQHandler
                0x08001190                TIM7_IRQHandler
                0x08001190                SDMMC1_IRQHandler
                0x08001190                TIM5_IRQHandler
                0x08001190                DMA2_Stream7_IRQHandler
                0x08001190                TIM15_IRQHandler
                0x08001190                PVD_AVD_IRQHandler
                0x08001190                I2C3_EV_IRQHandler
                0x08001190                EXTI9_5_IRQHandler
                0x08001190                RTC_WKUP_IRQHandler
                0x08001190                LTDC_IRQHandler
                0x08001190                SAI3_IRQHandler
                0x08001190                ETH_WKUP_IRQHandler
                0x08001190                SPDIF_RX_IRQHandler
                0x08001190                SPI2_IRQHandler
                0x08001190                OTG_HS_EP1_IN_IRQHandler
                0x08001190                DMA1_Stream0_IRQHandler
                0x08001190                CRS_IRQHandler
                0x08001190                CM7_SEV_IRQHandler
                0x08001190                EXTI4_IRQHandler
                0x08001190                CM4_SEV_IRQHandler
                0x08001190                HRTIM1_TIMB_IRQHandler
                0x08001190                FDCAN2_IT1_IRQHandler
                0x08001190                ETH_IRQHandler
                0x08001190                TIM1_UP_IRQHandler
                0x08001190                WWDG_RST_IRQHandler
                0x08001190                BDMA_Channel4_IRQHandler
                0x08001190                OTG_HS_EP1_OUT_IRQHandler
                0x08001190                WWDG_IRQHandler
                0x08001190                SPI6_IRQHandler
                0x08001190                MDIOS_IRQHandler
                0x08001190                I2C4_EV_IRQHandler
                0x08001190                FDCAN2_IT0_IRQHandler
                0x08001190                LPUART1_IRQHandler
                0x08001190                FDCAN1_IT0_IRQHandler
                0x08001190                OTG_FS_WKUP_IRQHandler
                0x08001190                OTG_HS_IRQHandler
                0x08001190                HSEM2_IRQHandler
                0x08001190                DMA2D_IRQHandler
                0x08001190                TIM1_BRK_IRQHandler
                0x08001190                EXTI1_IRQHandler
                0x08001190                SDMMC2_IRQHandler
                0x08001190                OTG_FS_EP1_OUT_IRQHandler
                0x08001190                BDMA_Channel3_IRQHandler
                0x08001190                HOLD_CORE_IRQHandler
                0x08001190                UART7_IRQHandler
                0x08001190                MDIOS_WKUP_IRQHandler
                0x08001190                USART2_IRQHandler
                0x08001190                DFSDM1_FLT0_IRQHandler
                0x08001190                SAI4_IRQHandler
                0x08001190                I2C2_ER_IRQHandler
                0x08001190                DMA2_Stream1_IRQHandler
                0x08001190                FLASH_IRQHandler
                0x08001190                DMA2_Stream4_IRQHandler
                0x08001190                USART1_IRQHandler
                0x08001190                OTG_FS_IRQHandler
                0x08001190                SPI3_IRQHandler
                0x08001190                WAKEUP_PIN_IRQHandler
                0x08001190                DMA1_Stream4_IRQHandler
                0x08001190                OTG_FS_EP1_IN_IRQHandler
                0x08001190                I2C1_ER_IRQHandler
                0x08001190                FMC_IRQHandler
                0x08001190                FDCAN_CAL_IRQHandler
                0x08001190                SWPMI1_IRQHandler
                0x08001190                COMP1_IRQHandler
                0x08001190                LPTIM1_IRQHandler
                0x08001190                I2C4_ER_IRQHandler
                0x08001190                DMA2_Stream6_IRQHandler
                0x08001190                SAI1_IRQHandler
                0x08001190                DMA1_Stream3_IRQHandler
 *fill*         0x08001192        0x2 
 .text.HAL_Init
                0x08001194       0x78 ./Drivers/STM32H7xx_HAL_Driver/stm32h7xx_hal.o
                0x08001194                HAL_Init
 .text.HAL_IncTick
                0x0800120c       0x28 ./Drivers/STM32H7xx_HAL_Driver/stm32h7xx_hal.o
                0x0800120c                HAL_IncTick
 .text.HAL_GetTick
                0x08001234       0x18 ./Drivers/STM32H7xx_HAL_Driver/stm32h7xx_hal.o
                0x08001234                HAL_GetTick
 .text.HAL_GetREVID
                0x0800124c       0x18 ./Drivers/STM32H7xx_HAL_Driver/stm32h7xx_hal.o
                0x0800124c                HAL_GetREVID
 .text.__NVIC_SetPriorityGrouping
                0x08001264       0x48 ./Drivers/STM32H7xx_HAL_Driver/stm32h7xx_hal_cortex.o
 .text.__NVIC_GetPriorityGrouping
                0x080012ac       0x1c ./Drivers/STM32H7xx_HAL_Driver/stm32h7xx_hal_cortex.o
 .text.__NVIC_EnableIRQ
                0x080012c8       0x3c ./Drivers/STM32H7xx_HAL_Driver/stm32h7xx_hal_cortex.o
 .text.__NVIC_SetPriority
                0x08001304       0x54 ./Drivers/STM32H7xx_HAL_Driver/stm32h7xx_hal_cortex.o
 .text.NVIC_EncodePriority
                0x08001358       0x66 ./Drivers/STM32H7xx_HAL_Driver/stm32h7xx_hal_cortex.o
 .text.HAL_NVIC_SetPriorityGrouping
                0x080013be       0x16 ./Drivers/STM32H7xx_HAL_Driver/stm32h7xx_hal_cortex.o
                0x080013be                HAL_NVIC_SetPriorityGrouping
 .text.HAL_NVIC_SetPriority
                0x080013d4       0x34 ./Drivers/STM32H7xx_HAL_Driver/stm32h7xx_hal_cortex.o
                0x080013d4                HAL_NVIC_SetPriority
 .text.HAL_NVIC_EnableIRQ
                0x08001408       0x1c ./Drivers/STM32H7xx_HAL_Driver/stm32h7xx_hal_cortex.o
                0x08001408                HAL_NVIC_EnableIRQ
 .text.HAL_DMA_Abort
                0x08001424      0x63c ./Drivers/STM32H7xx_HAL_Driver/stm32h7xx_hal_dma.o
                0x08001424                HAL_DMA_Abort
 .text.HAL_DMA_Abort_IT
                0x08001a60      0x48c ./Drivers/STM32H7xx_HAL_Driver/stm32h7xx_hal_dma.o
                0x08001a60                HAL_DMA_Abort_IT
 .text.HAL_GPIO_Init
                0x08001eec      0x360 ./Drivers/STM32H7xx_HAL_Driver/stm32h7xx_hal_gpio.o
                0x08001eec                HAL_GPIO_Init
 .text.HAL_GPIO_WritePin
                0x0800224c       0x32 ./Drivers/STM32H7xx_HAL_Driver/stm32h7xx_hal_gpio.o
                0x0800224c                HAL_GPIO_WritePin
 .text.HAL_GPIO_TogglePin
                0x0800227e       0x34 ./Drivers/STM32H7xx_HAL_Driver/stm32h7xx_hal_gpio.o
                0x0800227e                HAL_GPIO_TogglePin
 *fill*         0x080022b2        0x2 
 .text.HAL_HSEM_FastTake
                0x080022b4       0x34 ./Drivers/STM32H7xx_HAL_Driver/stm32h7xx_hal_hsem.o
                0x080022b4                HAL_HSEM_FastTake
 .text.HAL_HSEM_Release
                0x080022e8       0x28 ./Drivers/STM32H7xx_HAL_Driver/stm32h7xx_hal_hsem.o
                0x080022e8                HAL_HSEM_Release
 .text.HAL_PWREx_ConfigSupply
                0x08002310       0xb4 ./Drivers/STM32H7xx_HAL_Driver/stm32h7xx_hal_pwr_ex.o
                0x08002310                HAL_PWREx_ConfigSupply
 .text.HAL_RCC_OscConfig
                0x080023c4      0x8b4 ./Drivers/STM32H7xx_HAL_Driver/stm32h7xx_hal_rcc.o
                0x080023c4                HAL_RCC_OscConfig
 .text.HAL_RCC_ClockConfig
                0x08002c78      0x36c ./Drivers/STM32H7xx_HAL_Driver/stm32h7xx_hal_rcc.o
                0x08002c78                HAL_RCC_ClockConfig
 .text.HAL_RCC_GetSysClockFreq
                0x08002fe4      0x2f4 ./Drivers/STM32H7xx_HAL_Driver/stm32h7xx_hal_rcc.o
                0x08002fe4                HAL_RCC_GetSysClockFreq
 .text.HAL_RCC_GetHCLKFreq
                0x080032d8       0x60 ./Drivers/STM32H7xx_HAL_Driver/stm32h7xx_hal_rcc.o
                0x080032d8                HAL_RCC_GetHCLKFreq
 .text.HAL_RCC_GetPCLK1Freq
                0x08003338       0x2c ./Drivers/STM32H7xx_HAL_Driver/stm32h7xx_hal_rcc.o
                0x08003338                HAL_RCC_GetPCLK1Freq
 .text.HAL_RCC_GetPCLK2Freq
                0x08003364       0x2c ./Drivers/STM32H7xx_HAL_Driver/stm32h7xx_hal_rcc.o
                0x08003364                HAL_RCC_GetPCLK2Freq
 .text.HAL_RCC_GetClockConfig
                0x08003390       0x84 ./Drivers/STM32H7xx_HAL_Driver/stm32h7xx_hal_rcc.o
                0x08003390                HAL_RCC_GetClockConfig
 .text.HAL_RCCEx_PeriphCLKConfig
                0x08003414     0x1414 ./Drivers/STM32H7xx_HAL_Driver/stm32h7xx_hal_rcc_ex.o
                0x08003414                HAL_RCCEx_PeriphCLKConfig
 .text.HAL_RCCEx_GetD3PCLK1Freq
                0x08004828       0x2c ./Drivers/STM32H7xx_HAL_Driver/stm32h7xx_hal_rcc_ex.o
                0x08004828                HAL_RCCEx_GetD3PCLK1Freq
 .text.HAL_RCCEx_GetPLL2ClockFreq
                0x08004854      0x2a8 ./Drivers/STM32H7xx_HAL_Driver/stm32h7xx_hal_rcc_ex.o
                0x08004854                HAL_RCCEx_GetPLL2ClockFreq
 .text.HAL_RCCEx_GetPLL3ClockFreq
                0x08004afc      0x2a8 ./Drivers/STM32H7xx_HAL_Driver/stm32h7xx_hal_rcc_ex.o
                0x08004afc                HAL_RCCEx_GetPLL3ClockFreq
 .text.RCCEx_PLL2_Config
                0x08004da4      0x164 ./Drivers/STM32H7xx_HAL_Driver/stm32h7xx_hal_rcc_ex.o
 .text.RCCEx_PLL3_Config
                0x08004f08      0x164 ./Drivers/STM32H7xx_HAL_Driver/stm32h7xx_hal_rcc_ex.o
 .text.HAL_TIM_Base_Init
                0x0800506c       0xae ./Drivers/STM32H7xx_HAL_Driver/stm32h7xx_hal_tim.o
                0x0800506c                HAL_TIM_Base_Init
 .text.HAL_TIM_Base_MspInit
                0x0800511a       0x14 ./Drivers/STM32H7xx_HAL_Driver/stm32h7xx_hal_tim.o
                0x0800511a                HAL_TIM_Base_MspInit
 *fill*         0x0800512e        0x2 
 .text.HAL_TIM_Base_Start_IT
                0x08005130       0xf0 ./Drivers/STM32H7xx_HAL_Driver/stm32h7xx_hal_tim.o
                0x08005130                HAL_TIM_Base_Start_IT
 .text.HAL_TIM_IRQHandler
                0x08005220      0x20e ./Drivers/STM32H7xx_HAL_Driver/stm32h7xx_hal_tim.o
                0x08005220                HAL_TIM_IRQHandler
 .text.HAL_TIM_OC_DelayElapsedCallback
                0x0800542e       0x14 ./Drivers/STM32H7xx_HAL_Driver/stm32h7xx_hal_tim.o
                0x0800542e                HAL_TIM_OC_DelayElapsedCallback
 .text.HAL_TIM_IC_CaptureCallback
                0x08005442       0x14 ./Drivers/STM32H7xx_HAL_Driver/stm32h7xx_hal_tim.o
                0x08005442                HAL_TIM_IC_CaptureCallback
 .text.HAL_TIM_PWM_PulseFinishedCallback
                0x08005456       0x14 ./Drivers/STM32H7xx_HAL_Driver/stm32h7xx_hal_tim.o
                0x08005456                HAL_TIM_PWM_PulseFinishedCallback
 .text.HAL_TIM_TriggerCallback
                0x0800546a       0x14 ./Drivers/STM32H7xx_HAL_Driver/stm32h7xx_hal_tim.o
                0x0800546a                HAL_TIM_TriggerCallback
 *fill*         0x0800547e        0x2 
 .text.TIM_Base_SetConfig
                0x08005480      0x140 ./Drivers/STM32H7xx_HAL_Driver/stm32h7xx_hal_tim.o
                0x08005480                TIM_Base_SetConfig
 .text.HAL_TIMEx_CommutCallback
                0x080055c0       0x14 ./Drivers/STM32H7xx_HAL_Driver/stm32h7xx_hal_tim_ex.o
                0x080055c0                HAL_TIMEx_CommutCallback
 .text.HAL_TIMEx_BreakCallback
                0x080055d4       0x14 ./Drivers/STM32H7xx_HAL_Driver/stm32h7xx_hal_tim_ex.o
                0x080055d4                HAL_TIMEx_BreakCallback
 .text.HAL_TIMEx_Break2Callback
                0x080055e8       0x14 ./Drivers/STM32H7xx_HAL_Driver/stm32h7xx_hal_tim_ex.o
                0x080055e8                HAL_TIMEx_Break2Callback
 .text.HAL_UART_Init
                0x080055fc       0xa0 ./Drivers/STM32H7xx_HAL_Driver/stm32h7xx_hal_uart.o
                0x080055fc                HAL_UART_Init
 .text.HAL_UART_Transmit
                0x0800569c      0x11c ./Drivers/STM32H7xx_HAL_Driver/stm32h7xx_hal_uart.o
                0x0800569c                HAL_UART_Transmit
 .text.HAL_UART_Receive_IT
                0x080057b8       0x98 ./Drivers/STM32H7xx_HAL_Driver/stm32h7xx_hal_uart.o
                0x080057b8                HAL_UART_Receive_IT
 .text.HAL_UART_IRQHandler
                0x08005850      0x7ac ./Drivers/STM32H7xx_HAL_Driver/stm32h7xx_hal_uart.o
                0x08005850                HAL_UART_IRQHandler
 .text.HAL_UART_TxCpltCallback
                0x08005ffc       0x14 ./Drivers/STM32H7xx_HAL_Driver/stm32h7xx_hal_uart.o
                0x08005ffc                HAL_UART_TxCpltCallback
 .text.HAL_UART_ErrorCallback
                0x08006010       0x14 ./Drivers/STM32H7xx_HAL_Driver/stm32h7xx_hal_uart.o
                0x08006010                HAL_UART_ErrorCallback
 .text.HAL_UARTEx_RxEventCallback
                0x08006024       0x18 ./Drivers/STM32H7xx_HAL_Driver/stm32h7xx_hal_uart.o
                0x08006024                HAL_UARTEx_RxEventCallback
 .text.UART_SetConfig
                0x0800603c      0xad0 ./Drivers/STM32H7xx_HAL_Driver/stm32h7xx_hal_uart.o
                0x0800603c                UART_SetConfig
 .text.UART_AdvFeatureConfig
                0x08006b0c      0x144 ./Drivers/STM32H7xx_HAL_Driver/stm32h7xx_hal_uart.o
                0x08006b0c                UART_AdvFeatureConfig
 .text.UART_CheckIdleState
                0x08006c50      0x154 ./Drivers/STM32H7xx_HAL_Driver/stm32h7xx_hal_uart.o
                0x08006c50                UART_CheckIdleState
 .text.UART_WaitOnFlagUntilTimeout
                0x08006da4       0xda ./Drivers/STM32H7xx_HAL_Driver/stm32h7xx_hal_uart.o
                0x08006da4                UART_WaitOnFlagUntilTimeout
 *fill*         0x08006e7e        0x2 
 .text.UART_Start_Receive_IT
                0x08006e80      0x244 ./Drivers/STM32H7xx_HAL_Driver/stm32h7xx_hal_uart.o
                0x08006e80                UART_Start_Receive_IT
 .text.UART_EndRxTransfer
                0x080070c4       0xcc ./Drivers/STM32H7xx_HAL_Driver/stm32h7xx_hal_uart.o
 .text.UART_DMAAbortOnError
                0x08007190       0x24 ./Drivers/STM32H7xx_HAL_Driver/stm32h7xx_hal_uart.o
 .text.UART_EndTransmit_IT
                0x080071b4       0x56 ./Drivers/STM32H7xx_HAL_Driver/stm32h7xx_hal_uart.o
 *fill*         0x0800720a        0x2 
 .text.UART_RxISR_8BIT
                0x0800720c      0x1b8 ./Drivers/STM32H7xx_HAL_Driver/stm32h7xx_hal_uart.o
 .text.UART_RxISR_16BIT
                0x080073c4      0x1b8 ./Drivers/STM32H7xx_HAL_Driver/stm32h7xx_hal_uart.o
 .text.UART_RxISR_8BIT_FIFOEN
                0x0800757c      0x364 ./Drivers/STM32H7xx_HAL_Driver/stm32h7xx_hal_uart.o
 .text.UART_RxISR_16BIT_FIFOEN
                0x080078e0      0x36c ./Drivers/STM32H7xx_HAL_Driver/stm32h7xx_hal_uart.o
 .text.HAL_UARTEx_WakeupCallback
                0x08007c4c       0x14 ./Drivers/STM32H7xx_HAL_Driver/stm32h7xx_hal_uart_ex.o
                0x08007c4c                HAL_UARTEx_WakeupCallback
 .text.HAL_UARTEx_RxFifoFullCallback
                0x08007c60       0x14 ./Drivers/STM32H7xx_HAL_Driver/stm32h7xx_hal_uart_ex.o
                0x08007c60                HAL_UARTEx_RxFifoFullCallback
 .text.HAL_UARTEx_TxFifoEmptyCallback
                0x08007c74       0x14 ./Drivers/STM32H7xx_HAL_Driver/stm32h7xx_hal_uart_ex.o
                0x08007c74                HAL_UARTEx_TxFifoEmptyCallback
 .text.HAL_UARTEx_DisableFifoMode
                0x08007c88       0x72 ./Drivers/STM32H7xx_HAL_Driver/stm32h7xx_hal_uart_ex.o
                0x08007c88                HAL_UARTEx_DisableFifoMode
 .text.HAL_UARTEx_SetTxFifoThreshold
                0x08007cfa       0x7c ./Drivers/STM32H7xx_HAL_Driver/stm32h7xx_hal_uart_ex.o
                0x08007cfa                HAL_UARTEx_SetTxFifoThreshold
 .text.HAL_UARTEx_SetRxFifoThreshold
                0x08007d76       0x7c ./Drivers/STM32H7xx_HAL_Driver/stm32h7xx_hal_uart_ex.o
                0x08007d76                HAL_UARTEx_SetRxFifoThreshold
 *fill*         0x08007df2        0x2 
 .text.UARTEx_SetNbDataToProcess
                0x08007df4       0x9c ./Drivers/STM32H7xx_HAL_Driver/stm32h7xx_hal_uart_ex.o
 .text.__NVIC_SetPriority
                0x08007e90       0x54 ./Middlewares/Third_Party/FreeRTOS/cmsis_os2.o
 .text.SysTick_Handler
                0x08007ee4       0x20 ./Middlewares/Third_Party/FreeRTOS/cmsis_os2.o
                0x08007ee4                SysTick_Handler
 .text.SVC_Setup
                0x08007f04       0x12 ./Middlewares/Third_Party/FreeRTOS/cmsis_os2.o
 *fill*         0x08007f16        0x2 
 .text.osKernelInitialize
                0x08007f18       0x48 ./Middlewares/Third_Party/FreeRTOS/cmsis_os2.o
                0x08007f18                osKernelInitialize
 .text.osKernelStart
                0x08007f60       0x4c ./Middlewares/Third_Party/FreeRTOS/cmsis_os2.o
                0x08007f60                osKernelStart
 .text.osThreadNew
                0x08007fac      0x124 ./Middlewares/Third_Party/FreeRTOS/cmsis_os2.o
                0x08007fac                osThreadNew
 .text.osDelay  0x080080d0       0x36 ./Middlewares/Third_Party/FreeRTOS/cmsis_os2.o
                0x080080d0                osDelay
 .text.osSemaphoreNew
                0x08008106      0x112 ./Middlewares/Third_Party/FreeRTOS/cmsis_os2.o
                0x08008106                osSemaphoreNew
 .text.osSemaphoreAcquire
                0x08008218       0xa4 ./Middlewares/Third_Party/FreeRTOS/cmsis_os2.o
                0x08008218                osSemaphoreAcquire
 .text.osSemaphoreRelease
                0x080082bc       0x88 ./Middlewares/Third_Party/FreeRTOS/cmsis_os2.o
                0x080082bc                osSemaphoreRelease
 .text.osMessageQueueNew
                0x08008344       0xe6 ./Middlewares/Third_Party/FreeRTOS/cmsis_os2.o
                0x08008344                osMessageQueueNew
 *fill*         0x0800842a        0x2 
 .text.osMessageQueuePut
                0x0800842c       0xc0 ./Middlewares/Third_Party/FreeRTOS/cmsis_os2.o
                0x0800842c                osMessageQueuePut
 .text.osMessageQueueGet
                0x080084ec       0xbc ./Middlewares/Third_Party/FreeRTOS/cmsis_os2.o
                0x080084ec                osMessageQueueGet
 .text.vApplicationGetIdleTaskMemory
                0x080085a8       0x34 ./Middlewares/Third_Party/FreeRTOS/cmsis_os2.o
                0x080085a8                vApplicationGetIdleTaskMemory
 .text.vApplicationGetTimerTaskMemory
                0x080085dc       0x34 ./Middlewares/Third_Party/FreeRTOS/cmsis_os2.o
                0x080085dc                vApplicationGetTimerTaskMemory
 .text.pvPortMalloc
                0x08008610      0x19c ./Middlewares/Third_Party/FreeRTOS/heap_4.o
                0x08008610                pvPortMalloc
 .text.vPortFree
                0x080087ac       0xc8 ./Middlewares/Third_Party/FreeRTOS/heap_4.o
                0x080087ac                vPortFree
 .text.prvHeapInit
                0x08008874       0xc4 ./Middlewares/Third_Party/FreeRTOS/heap_4.o
 .text.prvInsertBlockIntoFreeList
                0x08008938       0xb4 ./Middlewares/Third_Party/FreeRTOS/heap_4.o
 .text.vListInitialise
                0x080089ec       0x40 ./Middlewares/Third_Party/FreeRTOS/list.o
                0x080089ec                vListInitialise
 .text.vListInitialiseItem
                0x08008a2c       0x1a ./Middlewares/Third_Party/FreeRTOS/list.o
                0x08008a2c                vListInitialiseItem
 .text.vListInsertEnd
                0x08008a46       0x48 ./Middlewares/Third_Party/FreeRTOS/list.o
                0x08008a46                vListInsertEnd
 .text.vListInsert
                0x08008a8e       0x72 ./Middlewares/Third_Party/FreeRTOS/list.o
                0x08008a8e                vListInsert
 .text.uxListRemove
                0x08008b00       0x54 ./Middlewares/Third_Party/FreeRTOS/list.o
                0x08008b00                uxListRemove
 .text.pxPortInitialiseStack
                0x08008b54       0x68 ./Middlewares/Third_Party/FreeRTOS/port.o
                0x08008b54                pxPortInitialiseStack
 .text.prvTaskExitError
                0x08008bbc       0x5c ./Middlewares/Third_Party/FreeRTOS/port.o
 *fill*         0x08008c18        0x8 
 .text.SVC_Handler
                0x08008c20       0x28 ./Middlewares/Third_Party/FreeRTOS/port.o
                0x08008c20                SVC_Handler
 .text.prvPortStartFirstTask
                0x08008c48       0x28 ./Middlewares/Third_Party/FreeRTOS/port.o
 .text.xPortStartScheduler
                0x08008c70      0x148 ./Middlewares/Third_Party/FreeRTOS/port.o
                0x08008c70                xPortStartScheduler
 .text.vPortEnterCritical
                0x08008db8       0x64 ./Middlewares/Third_Party/FreeRTOS/port.o
                0x08008db8                vPortEnterCritical
 .text.vPortExitCritical
                0x08008e1c       0x54 ./Middlewares/Third_Party/FreeRTOS/port.o
                0x08008e1c                vPortExitCritical
 .text.PendSV_Handler
                0x08008e70       0x68 ./Middlewares/Third_Party/FreeRTOS/port.o
                0x08008e70                PendSV_Handler
 .text.xPortSysTickHandler
                0x08008ed8       0x44 ./Middlewares/Third_Party/FreeRTOS/port.o
                0x08008ed8                xPortSysTickHandler
 .text.vPortSetupTimerInterrupt
                0x08008f1c       0x48 ./Middlewares/Third_Party/FreeRTOS/port.o
                0x08008f1c                vPortSetupTimerInterrupt
 .text.vPortEnableVFP
                0x08008f64       0x14 ./Middlewares/Third_Party/FreeRTOS/port.o
 .text.vPortValidateInterruptPriority
                0x08008f78       0x84 ./Middlewares/Third_Party/FreeRTOS/port.o
                0x08008f78                vPortValidateInterruptPriority
 .text.xQueueGenericReset
                0x08008ffc       0xd4 ./Middlewares/Third_Party/FreeRTOS/queue.o
                0x08008ffc                xQueueGenericReset
 .text.xQueueGenericCreateStatic
                0x080090d0       0xfa ./Middlewares/Third_Party/FreeRTOS/queue.o
                0x080090d0                xQueueGenericCreateStatic
 .text.xQueueGenericCreate
                0x080091ca       0x76 ./Middlewares/Third_Party/FreeRTOS/queue.o
                0x080091ca                xQueueGenericCreate
 .text.prvInitialiseNewQueue
                0x08009240       0x46 ./Middlewares/Third_Party/FreeRTOS/queue.o
 .text.xQueueCreateCountingSemaphoreStatic
                0x08009286       0x72 ./Middlewares/Third_Party/FreeRTOS/queue.o
                0x08009286                xQueueCreateCountingSemaphoreStatic
 .text.xQueueCreateCountingSemaphore
                0x080092f8       0x6a ./Middlewares/Third_Party/FreeRTOS/queue.o
                0x080092f8                xQueueCreateCountingSemaphore
 *fill*         0x08009362        0x2 
 .text.xQueueGenericSend
                0x08009364      0x204 ./Middlewares/Third_Party/FreeRTOS/queue.o
                0x08009364                xQueueGenericSend
 .text.xQueueGenericSendFromISR
                0x08009568      0x13c ./Middlewares/Third_Party/FreeRTOS/queue.o
                0x08009568                xQueueGenericSendFromISR
 .text.xQueueGiveFromISR
                0x080096a4      0x120 ./Middlewares/Third_Party/FreeRTOS/queue.o
                0x080096a4                xQueueGiveFromISR
 .text.xQueueReceive
                0x080097c4      0x1c4 ./Middlewares/Third_Party/FreeRTOS/queue.o
                0x080097c4                xQueueReceive
 .text.xQueueSemaphoreTake
                0x08009988      0x220 ./Middlewares/Third_Party/FreeRTOS/queue.o
                0x08009988                xQueueSemaphoreTake
 .text.xQueueReceiveFromISR
                0x08009ba8      0x104 ./Middlewares/Third_Party/FreeRTOS/queue.o
                0x08009ba8                xQueueReceiveFromISR
 .text.vQueueDelete
                0x08009cac       0x48 ./Middlewares/Third_Party/FreeRTOS/queue.o
                0x08009cac                vQueueDelete
 .text.prvGetDisinheritPriorityAfterTimeout
                0x08009cf4       0x30 ./Middlewares/Third_Party/FreeRTOS/queue.o
 .text.prvCopyDataToQueue
                0x08009d24       0xd4 ./Middlewares/Third_Party/FreeRTOS/queue.o
 .text.prvCopyDataFromQueue
                0x08009df8       0x4c ./Middlewares/Third_Party/FreeRTOS/queue.o
 .text.prvUnlockQueue
                0x08009e44       0xa4 ./Middlewares/Third_Party/FreeRTOS/queue.o
 .text.prvIsQueueEmpty
                0x08009ee8       0x2c ./Middlewares/Third_Party/FreeRTOS/queue.o
 .text.prvIsQueueFull
                0x08009f14       0x30 ./Middlewares/Third_Party/FreeRTOS/queue.o
 .text.vQueueAddToRegistry
                0x08009f44       0x54 ./Middlewares/Third_Party/FreeRTOS/queue.o
                0x08009f44                vQueueAddToRegistry
 .text.vQueueUnregisterQueue
                0x08009f98       0x54 ./Middlewares/Third_Party/FreeRTOS/queue.o
                0x08009f98                vQueueUnregisterQueue
 .text.vQueueWaitForMessageRestricted
                0x08009fec       0x68 ./Middlewares/Third_Party/FreeRTOS/queue.o
                0x08009fec                vQueueWaitForMessageRestricted
 .text.xTaskCreateStatic
                0x0800a054       0xc0 ./Middlewares/Third_Party/FreeRTOS/tasks.o
                0x0800a054                xTaskCreateStatic
 .text.xTaskCreate
                0x0800a114       0x8a ./Middlewares/Third_Party/FreeRTOS/tasks.o
                0x0800a114                xTaskCreate
 .text.prvInitialiseNewTask
                0x0800a19e      0x120 ./Middlewares/Third_Party/FreeRTOS/tasks.o
 *fill*         0x0800a2be        0x2 
 .text.prvAddNewTaskToReadyList
                0x0800a2c0       0xe0 ./Middlewares/Third_Party/FreeRTOS/tasks.o
 .text.vTaskDelay
                0x0800a3a0       0x6c ./Middlewares/Third_Party/FreeRTOS/tasks.o
                0x0800a3a0                vTaskDelay
 .text.vTaskStartScheduler
                0x0800a40c       0xd0 ./Middlewares/Third_Party/FreeRTOS/tasks.o
                0x0800a40c                vTaskStartScheduler
 .text.vTaskSuspendAll
                0x0800a4dc       0x1c ./Middlewares/Third_Party/FreeRTOS/tasks.o
                0x0800a4dc                vTaskSuspendAll
 .text.xTaskResumeAll
                0x0800a4f8      0x13c ./Middlewares/Third_Party/FreeRTOS/tasks.o
                0x0800a4f8                xTaskResumeAll
 .text.xTaskGetTickCount
                0x0800a634       0x20 ./Middlewares/Third_Party/FreeRTOS/tasks.o
                0x0800a634                xTaskGetTickCount
 .text.xTaskIncrementTick
                0x0800a654      0x174 ./Middlewares/Third_Party/FreeRTOS/tasks.o
                0x0800a654                xTaskIncrementTick
 .text.vTaskSwitchContext
                0x0800a7c8       0xbc ./Middlewares/Third_Party/FreeRTOS/tasks.o
                0x0800a7c8                vTaskSwitchContext
 .text.vTaskPlaceOnEventList
                0x0800a884       0x4c ./Middlewares/Third_Party/FreeRTOS/tasks.o
                0x0800a884                vTaskPlaceOnEventList
 .text.vTaskPlaceOnEventListRestricted
                0x0800a8d0       0x58 ./Middlewares/Third_Party/FreeRTOS/tasks.o
                0x0800a8d0                vTaskPlaceOnEventListRestricted
 .text.xTaskRemoveFromEventList
                0x0800a928       0xc8 ./Middlewares/Third_Party/FreeRTOS/tasks.o
                0x0800a928                xTaskRemoveFromEventList
 .text.vTaskInternalSetTimeOutState
                0x0800a9f0       0x2c ./Middlewares/Third_Party/FreeRTOS/tasks.o
                0x0800a9f0                vTaskInternalSetTimeOutState
 .text.xTaskCheckForTimeOut
                0x0800aa1c       0xc8 ./Middlewares/Third_Party/FreeRTOS/tasks.o
                0x0800aa1c                xTaskCheckForTimeOut
 .text.vTaskMissedYield
                0x0800aae4       0x18 ./Middlewares/Third_Party/FreeRTOS/tasks.o
                0x0800aae4                vTaskMissedYield
 .text.prvIdleTask
                0x0800aafc       0x30 ./Middlewares/Third_Party/FreeRTOS/tasks.o
 .text.prvInitialiseTaskLists
                0x0800ab2c       0x80 ./Middlewares/Third_Party/FreeRTOS/tasks.o
 .text.prvCheckTasksWaitingTermination
                0x0800abac       0x5c ./Middlewares/Third_Party/FreeRTOS/tasks.o
 .text.prvDeleteTCB
                0x0800ac08       0x60 ./Middlewares/Third_Party/FreeRTOS/tasks.o
 .text.prvResetNextTaskUnblockTime
                0x0800ac68       0x40 ./Middlewares/Third_Party/FreeRTOS/tasks.o
 .text.xTaskGetSchedulerState
                0x0800aca8       0x3c ./Middlewares/Third_Party/FreeRTOS/tasks.o
                0x0800aca8                xTaskGetSchedulerState
 .text.xTaskPriorityInherit
                0x0800ace4       0xd0 ./Middlewares/Third_Party/FreeRTOS/tasks.o
                0x0800ace4                xTaskPriorityInherit
 .text.xTaskPriorityDisinherit
                0x0800adb4       0xe0 ./Middlewares/Third_Party/FreeRTOS/tasks.o
                0x0800adb4                xTaskPriorityDisinherit
 .text.vTaskPriorityDisinheritAfterTimeout
                0x0800ae94      0x108 ./Middlewares/Third_Party/FreeRTOS/tasks.o
                0x0800ae94                vTaskPriorityDisinheritAfterTimeout
 .text.pvTaskIncrementMutexHeldCount
                0x0800af9c       0x28 ./Middlewares/Third_Party/FreeRTOS/tasks.o
                0x0800af9c                pvTaskIncrementMutexHeldCount
 .text.prvAddCurrentTaskToDelayedList
                0x0800afc4       0xa8 ./Middlewares/Third_Party/FreeRTOS/tasks.o
 .text.xTimerCreateTimerTask
                0x0800b06c       0x94 ./Middlewares/Third_Party/FreeRTOS/timers.o
                0x0800b06c                xTimerCreateTimerTask
 .text.xTimerGenericCommand
                0x0800b100       0x9c ./Middlewares/Third_Party/FreeRTOS/timers.o
                0x0800b100                xTimerGenericCommand
 .text.prvProcessExpiredTimer
                0x0800b19c       0x9c ./Middlewares/Third_Party/FreeRTOS/timers.o
 .text.prvTimerTask
                0x0800b238       0x26 ./Middlewares/Third_Party/FreeRTOS/timers.o
 *fill*         0x0800b25e        0x2 
 .text.prvProcessTimerOrBlockTask
                0x0800b260       0x9c ./Middlewares/Third_Party/FreeRTOS/timers.o
 .text.prvGetNextExpireTime
                0x0800b2fc       0x48 ./Middlewares/Third_Party/FreeRTOS/timers.o
 .text.prvSampleTimeNow
                0x0800b344       0x40 ./Middlewares/Third_Party/FreeRTOS/timers.o
 .text.prvInsertTimerInActiveList
                0x0800b384       0x84 ./Middlewares/Third_Party/FreeRTOS/timers.o
 .text.prvProcessReceivedCommands
                0x0800b408      0x1cc ./Middlewares/Third_Party/FreeRTOS/timers.o
 .text.prvSwitchTimerLists
                0x0800b5d4       0xcc ./Middlewares/Third_Party/FreeRTOS/timers.o
 .text.prvCheckForValidListAndQueue
                0x0800b6a0       0x80 ./Middlewares/Third_Party/FreeRTOS/timers.o
 .text.sprintf  0x0800b720       0x44 /opt/st/stm32cubeide_2.0.0/plugins/com.st.stm32cube.ide.mcu.externaltools.gnu-tools-for-stm32.13.3.rel1.linux64_1.0.100.202509120712/tools/bin/../lib/gcc/arm-none-eabi/13.3.1/../../../../arm-none-eabi/lib/thumb/v7e-m+dp/hard/libc_nano.a(libc_a-sprintf.o)
                0x0800b720                sprintf
                0x0800b720                siprintf
 .text.memset   0x0800b764       0x10 /opt/st/stm32cubeide_2.0.0/plugins/com.st.stm32cube.ide.mcu.externaltools.gnu-tools-for-stm32.13.3.rel1.linux64_1.0.100.202509120712/tools/bin/../lib/gcc/arm-none-eabi/13.3.1/../../../../arm-none-eabi/lib/thumb/v7e-m+dp/hard/libc_nano.a(libc_a-memset.o)
                0x0800b764                memset
 .text.__errno  0x0800b774        0xc /opt/st/stm32cubeide_2.0.0/plugins/com.st.stm32cube.ide.mcu.externaltools.gnu-tools-for-stm32.13.3.rel1.linux64_1.0.100.202509120712/tools/bin/../lib/gcc/arm-none-eabi/13.3.1/../../../../arm-none-eabi/lib/thumb/v7e-m+dp/hard/libc_nano.a(libc_a-errno.o)
                0x0800b774                __errno
 .text.__libc_init_array
                0x0800b780       0x48 /opt/st/stm32cubeide_2.0.0/plugins/com.st.stm32cube.ide.mcu.externaltools.gnu-tools-for-stm32.13.3.rel1.linux64_1.0.100.202509120712/tools/bin/../lib/gcc/arm-none-eabi/13.3.1/../../../../arm-none-eabi/lib/thumb/v7e-m+dp/hard/libc_nano.a(libc_a-init.o)
                0x0800b780                __libc_init_array
 .text.__retarget_lock_acquire_recursive
                0x0800b7c8        0x2 /opt/st/stm32cubeide_2.0.0/plugins/com.st.stm32cube.ide.mcu.externaltools.gnu-tools-for-stm32.13.3.rel1.linux64_1.0.100.202509120712/tools/bin/../lib/gcc/arm-none-eabi/13.3.1/../../../../arm-none-eabi/lib/thumb/v7e-m+dp/hard/libc_nano.a(libc_a-lock.o)
                0x0800b7c8                __retarget_lock_acquire_recursive
 .text.__retarget_lock_release_recursive
                0x0800b7ca        0x2 /opt/st/stm32cubeide_2.0.0/plugins/com.st.stm32cube.ide.mcu.externaltools.gnu-tools-for-stm32.13.3.rel1.linux64_1.0.100.202509120712/tools/bin/../lib/gcc/arm-none-eabi/13.3.1/../../../../arm-none-eabi/lib/thumb/v7e-m+dp/hard/libc_nano.a(libc_a-lock.o)
                0x0800b7ca                __retarget_lock_release_recursive
 .text.memcpy   0x0800b7cc       0x1c /opt/st/stm32cubeide_2.0.0/plugins/com.st.stm32cube.ide.mcu.externaltools.gnu-tools-for-stm32.13.3.rel1.linux64_1.0.100.202509120712/tools/bin/../lib/gcc/arm-none-eabi/13.3.1/../../../../arm-none-eabi/lib/thumb/v7e-m+dp/hard/libc_nano.a(libc_a-memcpy-stub.o)
                0x0800b7cc                memcpy
 .text._free_r  0x0800b7e8       0x94 /opt/st/stm32cubeide_2.0.0/plugins/com.st.stm32cube.ide.mcu.externaltools.gnu-tools-for-stm32.13.3.rel1.linux64_1.0.100.202509120712/tools/bin/../lib/gcc/arm-none-eabi/13.3.1/../../../../arm-none-eabi/lib/thumb/v7e-m+dp/hard/libc_nano.a(libc_a-freer.o)
                0x0800b7e8                _free_r
 .text.sbrk_aligned
                0x0800b87c       0x44 /opt/st/stm32cubeide_2.0.0/plugins/com.st.stm32cube.ide.mcu.externaltools.gnu-tools-for-stm32.13.3.rel1.linux64_1.0.100.202509120712/tools/bin/../lib/gcc/arm-none-eabi/13.3.1/../../../../arm-none-eabi/lib/thumb/v7e-m+dp/hard/libc_nano.a(libc_a-mallocr.o)
 .text._malloc_r
                0x0800b8c0      0x100 /opt/st/stm32cubeide_2.0.0/plugins/com.st.stm32cube.ide.mcu.externaltools.gnu-tools-for-stm32.13.3.rel1.linux64_1.0.100.202509120712/tools/bin/../lib/gcc/arm-none-eabi/13.3.1/../../../../arm-none-eabi/lib/thumb/v7e-m+dp/hard/libc_nano.a(libc_a-mallocr.o)
                0x0800b8c0                _malloc_r
 .text.__malloc_lock
                0x0800b9c0        0xc /opt/st/stm32cubeide_2.0.0/plugins/com.st.stm32cube.ide.mcu.externaltools.gnu-tools-for-stm32.13.3.rel1.linux64_1.0.100.202509120712/tools/bin/../lib/gcc/arm-none-eabi/13.3.1/../../../../arm-none-eabi/lib/thumb/v7e-m+dp/hard/libc_nano.a(libc_a-mlock.o)
                0x0800b9c0                __malloc_lock
 .text.__malloc_unlock
                0x0800b9cc        0xc /opt/st/stm32cubeide_2.0.0/plugins/com.st.stm32cube.ide.mcu.externaltools.gnu-tools-for-stm32.13.3.rel1.linux64_1.0.100.202509120712/tools/bin/../lib/gcc/arm-none-eabi/13.3.1/../../../../arm-none-eabi/lib/thumb/v7e-m+dp/hard/libc_nano.a(libc_a-mlock.o)
                0x0800b9cc                __malloc_unlock
 .text.__ssputs_r
                0x0800b9d8       0xb6 /opt/st/stm32cubeide_2.0.0/plugins/com.st.stm32cube.ide.mcu.externaltools.gnu-tools-for-stm32.13.3.rel1.linux64_1.0.100.202509120712/tools/bin/../lib/gcc/arm-none-eabi/13.3.1/../../../../arm-none-eabi/lib/thumb/v7e-m+dp/hard/libc_nano.a(libc_a-nano-svfprintf.o)
                0x0800b9d8                __ssputs_r
 *fill*         0x0800ba8e        0x2 
 .text._svfprintf_r
                0x0800ba90      0x1f8 /opt/st/stm32cubeide_2.0.0/plugins/com.st.stm32cube.ide.mcu.externaltools.gnu-tools-for-stm32.13.3.rel1.linux64_1.0.100.202509120712/tools/bin/../lib/gcc/arm-none-eabi/13.3.1/../../../../arm-none-eabi/lib/thumb/v7e-m+dp/hard/libc_nano.a(libc_a-nano-svfprintf.o)
                0x0800ba90                _svfprintf_r
                0x0800ba90                _svfiprintf_r
 .text._printf_common
                0x0800bc88       0xda /opt/st/stm32cubeide_2.0.0/plugins/com.st.stm32cube.ide.mcu.externaltools.gnu-tools-for-stm32.13.3.rel1.linux64_1.0.100.202509120712/tools/bin/../lib/gcc/arm-none-eabi/13.3.1/../../../../arm-none-eabi/lib/thumb/v7e-m+dp/hard/libc_nano.a(libc_a-nano-vfprintf_i.o)
                0x0800bc88                _printf_common
 *fill*         0x0800bd62        0x2 
 .text._printf_i
                0x0800bd64      0x23c /opt/st/stm32cubeide_2.0.0/plugins/com.st.stm32cube.ide.mcu.externaltools.gnu-tools-for-stm32.13.3.rel1.linux64_1.0.100.202509120712/tools/bin/../lib/gcc/arm-none-eabi/13.3.1/../../../../arm-none-eabi/lib/thumb/v7e-m+dp/hard/libc_nano.a(libc_a-nano-vfprintf_i.o)
                0x0800bd64                _printf_i
 .text.memmove  0x0800bfa0       0x34 /opt/st/stm32cubeide_2.0.0/plugins/com.st.stm32cube.ide.mcu.externaltools.gnu-tools-for-stm32.13.3.rel1.linux64_1.0.100.202509120712/tools/bin/../lib/gcc/arm-none-eabi/13.3.1/../../../../arm-none-eabi/lib/thumb/v7e-m+dp/hard/libc_nano.a(libc_a-memmove.o)
                0x0800bfa0                memmove
 .text._sbrk_r  0x0800bfd4       0x20 /opt/st/stm32cubeide_2.0.0/plugins/com.st.stm32cube.ide.mcu.externaltools.gnu-tools-for-stm32.13.3.rel1.linux64_1.0.100.202509120712/tools/bin/../lib/gcc/arm-none-eabi/13.3.1/../../../../arm-none-eabi/lib/thumb/v7e-m+dp/hard/libc_nano.a(libc_a-sbrkr.o)
                0x0800bfd4                _sbrk_r
 .text._realloc_r
                0x0800bff4       0x5c /opt/st/stm32cubeide_2.0.0/plugins/com.st.stm32cube.ide.mcu.externaltools.gnu-tools-for-stm32.13.3.rel1.linux64_1.0.100.202509120712/tools/bin/../lib/gcc/arm-none-eabi/13.3.1/../../../../arm-none-eabi/lib/thumb/v7e-m+dp/hard/libc_nano.a(libc_a-reallocr.o)
                0x0800bff4                _realloc_r
 .text._malloc_usable_size_r
                0x0800c050       0x10 /opt/st/stm32cubeide_2.0.0/plugins/com.st.stm32cube.ide.mcu.externaltools.gnu-tools-for-stm32.13.3.rel1.linux64_1.0.100.202509120712/tools/bin/../lib/gcc/arm-none-eabi/13.3.1/../../../../arm-none-eabi/lib/thumb/v7e-m+dp/hard/libc_nano.a(libc_a-msizer.o)
                0x0800c050                _malloc_usable_size_r
 *(.glue_7)
 .glue_7        0x0800c060        0x0 linker stubs
 *(.glue_7t)
 .glue_7t       0x0800c060        0x0 linker stubs
 *(.eh_frame)
 .eh_frame      0x0800c060        0x0 /opt/st/stm32cubeide_2.0.0/plugins/com.st.stm32cube.ide.mcu.externaltools.gnu-tools-for-stm32.13.3.rel1.linux64_1.0.100.202509120712/tools/bin/../lib/gcc/arm-none-eabi/13.3.1/thumb/v7e-m+dp/hard/crtbegin.o
 *(.init)
 .init          0x0800c060        0x4 /opt/st/stm32cubeide_2.0.0/plugins/com.st.stm32cube.ide.mcu.externaltools.gnu-tools-for-stm32.13.3.rel1.linux64_1.0.100.202509120712/tools/bin/../lib/gcc/arm-none-eabi/13.3.1/thumb/v7e-m+dp/hard/crti.o
                0x0800c060                _init
 .init          0x0800c064        0x8 /opt/st/stm32cubeide_2.0.0/plugins/com.st.stm32cube.ide.mcu.externaltools.gnu-tools-for-stm32.13.3.rel1.linux64_1.0.100.202509120712/tools/bin/../lib/gcc/arm-none-eabi/13.3.1/thumb/v7e-m+dp/hard/crtn.o
 *(.fini)
 .fini          0x0800c06c        0x4 /opt/st/stm32cubeide_2.0.0/plugins/com.st.stm32cube.ide.mcu.externaltools.gnu-tools-for-stm32.13.3.rel1.linux64_1.0.100.202509120712/tools/bin/../lib/gcc/arm-none-eabi/13.3.1/thumb/v7e-m+dp/hard/crti.o
                0x0800c06c                _fini
 .fini          0x0800c070        0x8 /opt/st/stm32cubeide_2.0.0/plugins/com.st.stm32cube.ide.mcu.externaltools.gnu-tools-for-stm32.13.3.rel1.linux64_1.0.100.202509120712/tools/bin/../lib/gcc/arm-none-eabi/13.3.1/thumb/v7e-m+dp/hard/crtn.o
                0x0800c078                        . = ALIGN (0x4)
                0x0800c078                        _etext = .

.vfp11_veneer   0x0800c078        0x0
 .vfp11_veneer  0x0800c078        0x0 linker stubs

.v4_bx          0x0800c078        0x0
 .v4_bx         0x0800c078        0x0 linker stubs

.iplt           0x0800c078        0x0
 .iplt          0x0800c078        0x0 /opt/st/stm32cubeide_2.0.0/plugins/com.st.stm32cube.ide.mcu.externaltools.gnu-tools-for-stm32.13.3.rel1.linux64_1.0.100.202509120712/tools/bin/../lib/gcc/arm-none-eabi/13.3.1/thumb/v7e-m+dp/hard/crtbegin.o

.rodata         0x0800c078      0x208
                0x0800c078                        . = ALIGN (0x4)
 *(.rodata)
 .rodata        0x0800c078       0xb4 ./Core/Src/main.o
 .rodata        0x0800c12c        0x5 ./Middlewares/Third_Party/FreeRTOS/tasks.o
 *fill*         0x0800c131        0x3 
 .rodata        0x0800c134        0xd ./Middlewares/Third_Party/FreeRTOS/timers.o
 *(.rodata*)
 *fill*         0x0800c141        0x3 
 .rodata.D1CorePrescTable
                0x0800c144       0x10 ./Common/Src/system_stm32h7xx_dualcore_boot_cm4_cm7.o
                0x0800c144                D1CorePrescTable
 .rodata.defaultTask_attributes
                0x0800c154       0x24 ./Core/Src/main.o
                0x0800c154                defaultTask_attributes
 .rodata.UserInput_attributes
                0x0800c178       0x24 ./Core/Src/main.o
                0x0800c178                UserInput_attributes
 .rodata.Console_attributes
                0x0800c19c       0x24 ./Core/Src/main.o
                0x0800c19c                Console_attributes
 .rodata.LED_attributes
                0x0800c1c0       0x24 ./Core/Src/main.o
                0x0800c1c0                LED_attributes
 .rodata.ConsoleQueue_attributes
                0x0800c1e4       0x18 ./Core/Src/main.o
                0x0800c1e4                ConsoleQueue_attributes
 .rodata.LEDQueue_attributes
                0x0800c1fc       0x18 ./Core/Src/main.o
                0x0800c1fc                LEDQueue_attributes
 .rodata.uartRxSem_attributes
                0x0800c214       0x10 ./Core/Src/main.o
                0x0800c214                uartRxSem_attributes
 .rodata.UARTPrescTable
                0x0800c224       0x18 ./Drivers/STM32H7xx_HAL_Driver/stm32h7xx_hal_uart.o
                0x0800c224                UARTPrescTable
 .rodata.numerator.1
                0x0800c23c        0x8 ./Drivers/STM32H7xx_HAL_Driver/stm32h7xx_hal_uart_ex.o
 .rodata.denominator.0
                0x0800c244        0x8 ./Drivers/STM32H7xx_HAL_Driver/stm32h7xx_hal_uart_ex.o
 .rodata._svfprintf_r.str1.1
                0x0800c24c       0x33 /opt/st/stm32cubeide_2.0.0/plugins/com.st.stm32cube.ide.mcu.externaltools.gnu-tools-for-stm32.13.3.rel1.linux64_1.0.100.202509120712/tools/bin/../lib/gcc/arm-none-eabi/13.3.1/../../../../arm-none-eabi/lib/thumb/v7e-m+dp/hard/libc_nano.a(libc_a-nano-svfprintf.o)
                                 0x11 (size before relaxing)
 .rodata._printf_i.str1.1
                0x0800c27f        0x0 /opt/st/stm32cubeide_2.0.0/plugins/com.st.stm32cube.ide.mcu.externaltools.gnu-tools-for-stm32.13.3.rel1.linux64_1.0.100.202509120712/tools/bin/../lib/gcc/arm-none-eabi/13.3.1/../../../../arm-none-eabi/lib/thumb/v7e-m+dp/hard/libc_nano.a(libc_a-nano-vfprintf_i.o)
                                 0x22 (size before relaxing)
                0x0800c280                        . = ALIGN (0x4)
 *fill*         0x0800c27f        0x1 

.ARM.extab      0x0800c280        0x0
                0x0800c280                        . = ALIGN (0x4)
 *(.ARM.extab* .gnu.linkonce.armextab.*)
                0x0800c280                        . = ALIGN (0x4)

.ARM            0x0800c280        0x8
                0x0800c280                        . = ALIGN (0x4)
                0x0800c280                        __exidx_start = .
 *(.ARM.exidx*)
 .ARM.exidx     0x0800c280        0x8 /opt/st/stm32cubeide_2.0.0/plugins/com.st.stm32cube.ide.mcu.externaltools.gnu-tools-for-stm32.13.3.rel1.linux64_1.0.100.202509120712/tools/bin/../lib/gcc/arm-none-eabi/13.3.1/../../../../arm-none-eabi/lib/thumb/v7e-m+dp/hard/libc_nano.a(libc_a-strlen.o)
 .ARM.exidx     0x0800c288        0x0 /opt/st/stm32cubeide_2.0.0/plugins/com.st.stm32cube.ide.mcu.externaltools.gnu-tools-for-stm32.13.3.rel1.linux64_1.0.100.202509120712/tools/bin/../lib/gcc/arm-none-eabi/13.3.1/../../../../arm-none-eabi/lib/thumb/v7e-m+dp/hard/libc_nano.a(libc_a-memchr.o)
                                  0x8 (size before relaxing)
 .ARM.exidx     0x0800c288        0x0 /opt/st/stm32cubeide_2.0.0/plugins/com.st.stm32cube.ide.mcu.externaltools.gnu-tools-for-stm32.13.3.rel1.linux64_1.0.100.202509120712/tools/bin/../lib/gcc/arm-none-eabi/13.3.1/thumb/v7e-m+dp/hard/libgcc.a(_udivmoddi4.o)
                                  0x8 (size before relaxing)
                0x0800c288                        __exidx_end = .
                0x0800c288                        . = ALIGN (0x4)

.preinit_array  0x0800c288        0x0
                0x0800c288                        . = ALIGN (0x4)
                0x0800c288                        PROVIDE (__preinit_array_start = .)
 *(.preinit_array*)
                0x0800c288                        PROVIDE (__preinit_array_end = .)
                0x0800c288                        . = ALIGN (0x4)

.init_array     0x0800c288        0x4
                0x0800c288                        . = ALIGN (0x4)
                0x0800c288                        PROVIDE (__init_array_start = .)
 *(SORT_BY_NAME(.init_array.*))
 *(.init_array*)
 .init_array    0x0800c288        0x4 /opt/st/stm32cubeide_2.0.0/plugins/com.st.stm32cube.ide.mcu.externaltools.gnu-tools-for-stm32.13.3.rel1.linux64_1.0.100.202509120712/tools/bin/../lib/gcc/arm-none-eabi/13.3.1/thumb/v7e-m+dp/hard/crtbegin.o
                0x0800c28c                        PROVIDE (__init_array_end = .)
                0x0800c28c                        . = ALIGN (0x4)

.fini_array     0x0800c28c        0x4
                0x0800c28c                        . = ALIGN (0x4)
                [!provide]                        PROVIDE (__fini_array_start = .)
 *(SORT_BY_NAME(.fini_array.*))
 *(.fini_array*)
 .fini_array    0x0800c28c        0x4 /opt/st/stm32cubeide_2.0.0/plugins/com.st.stm32cube.ide.mcu.externaltools.gnu-tools-for-stm32.13.3.rel1.linux64_1.0.100.202509120712/tools/bin/../lib/gcc/arm-none-eabi/13.3.1/thumb/v7e-m+dp/hard/crtbegin.o
                [!provide]                        PROVIDE (__fini_array_end = .)
                0x0800c290                        . = ALIGN (0x4)
                0x0800c290                        _sidata = LOADADDR (.data)

.rel.dyn        0x0800c290        0x0
 .rel.iplt      0x0800c290        0x0 /opt/st/stm32cubeide_2.0.0/plugins/com.st.stm32cube.ide.mcu.externaltools.gnu-tools-for-stm32.13.3.rel1.linux64_1.0.100.202509120712/tools/bin/../lib/gcc/arm-none-eabi/13.3.1/thumb/v7e-m+dp/hard/crtbegin.o

.data           0x24000000       0x68 load address 0x0800c290
                0x24000000                        . = ALIGN (0x4)
                0x24000000                        _sdata = .
 *(.data)
 *(.data*)
 .data.SystemCoreClock
                0x24000000        0x4 ./Common/Src/system_stm32h7xx_dualcore_boot_cm4_cm7.o
                0x24000000                SystemCoreClock
 .data.SystemD2Clock
                0x24000004        0x4 ./Common/Src/system_stm32h7xx_dualcore_boot_cm4_cm7.o
                0x24000004                SystemD2Clock
 .data.lastCommand
                0x24000008        0x1 ./Core/Src/main.o
                0x24000008                lastCommand
 .data.currentLEDState
                0x24000009        0x1 ./Core/Src/main.o
                0x24000009                currentLEDState
 *fill*         0x2400000a        0x2 
 .data.uwTickPrio
                0x2400000c        0x4 ./Drivers/STM32H7xx_HAL_Driver/stm32h7xx_hal.o
                0x2400000c                uwTickPrio
 .data.uwTickFreq
                0x24000010        0x1 ./Drivers/STM32H7xx_HAL_Driver/stm32h7xx_hal.o
                0x24000010                uwTickFreq
 *fill*         0x24000011        0x3 
 .data.uxCriticalNesting
                0x24000014        0x4 ./Middlewares/Third_Party/FreeRTOS/port.o
 .data._impure_ptr
                0x24000018        0x4 /opt/st/stm32cubeide_2.0.0/plugins/com.st.stm32cube.ide.mcu.externaltools.gnu-tools-for-stm32.13.3.rel1.linux64_1.0.100.202509120712/tools/bin/../lib/gcc/arm-none-eabi/13.3.1/../../../../arm-none-eabi/lib/thumb/v7e-m+dp/hard/libc_nano.a(libc_a-impure.o)
                0x24000018                _impure_ptr
 .data._impure_data
                0x2400001c       0x4c /opt/st/stm32cubeide_2.0.0/plugins/com.st.stm32cube.ide.mcu.externaltools.gnu-tools-for-stm32.13.3.rel1.linux64_1.0.100.202509120712/tools/bin/../lib/gcc/arm-none-eabi/13.3.1/../../../../arm-none-eabi/lib/thumb/v7e-m+dp/hard/libc_nano.a(libc_a-impure.o)
                0x2400001c                _impure_data
 *(.RamFunc)
 *(.RamFunc*)
                0x24000068                        . = ALIGN (0x4)
                0x24000068                        _edata = .

.igot.plt       0x24000068        0x0 load address 0x0800c2f8
 .igot.plt      0x24000068        0x0 /opt/st/stm32cubeide_2.0.0/plugins/com.st.stm32cube.ide.mcu.externaltools.gnu-tools-for-stm32.13.3.rel1.linux64_1.0.100.202509120712/tools/bin/../lib/gcc/arm-none-eabi/13.3.1/thumb/v7e-m+dp/hard/crtbegin.o
                0x24000068                        . = ALIGN (0x4)

.bss            0x24000068     0x4bc0 load address 0x0800c2f8
                0x24000068                        _sbss = .
                0x24000068                        __bss_start__ = _sbss
 *(.bss)
 .bss           0x24000068       0x1c /opt/st/stm32cubeide_2.0.0/plugins/com.st.stm32cube.ide.mcu.externaltools.gnu-tools-for-stm32.13.3.rel1.linux64_1.0.100.202509120712/tools/bin/../lib/gcc/arm-none-eabi/13.3.1/thumb/v7e-m+dp/hard/crtbegin.o
 *(.bss*)
 .bss.huart3    0x24000084       0x94 ./Core/Src/main.o
                0x24000084                huart3
 .bss.defaultTaskHandle
                0x24000118        0x4 ./Core/Src/main.o
                0x24000118                defaultTaskHandle
 .bss.UserInputHandle
                0x2400011c        0x4 ./Core/Src/main.o
                0x2400011c                UserInputHandle
 .bss.ConsoleHandle
                0x24000120        0x4 ./Core/Src/main.o
                0x24000120                ConsoleHandle
 .bss.LEDHandle
                0x24000124        0x4 ./Core/Src/main.o
                0x24000124                LEDHandle
 .bss.ConsoleQueueHandle
                0x24000128        0x4 ./Core/Src/main.o
                0x24000128                ConsoleQueueHandle
 .bss.LEDQueueHandle
                0x2400012c        0x4 ./Core/Src/main.o
                0x2400012c                LEDQueueHandle
 .bss.uartRxSemHandle
                0x24000130        0x4 ./Core/Src/main.o
                0x24000130                uartRxSemHandle
 .bss.rxChar    0x24000134        0x1 ./Core/Src/main.o
                0x24000134                rxChar
 *fill*         0x24000135        0x3 
 .bss.blinkDelay
                0x24000138        0x4 ./Core/Src/main.o
                0x24000138                blinkDelay
 .bss.htim2     0x2400013c       0x4c ./Core/Src/stm32h7xx_hal_timebase_tim.o
                0x2400013c                htim2
 .bss.__sbrk_heap_end
                0x24000188        0x4 ./Core/Src/sysmem.o
 .bss.uwTick    0x2400018c        0x4 ./Drivers/STM32H7xx_HAL_Driver/stm32h7xx_hal.o
                0x2400018c                uwTick
 .bss.KernelState
                0x24000190        0x4 ./Middlewares/Third_Party/FreeRTOS/cmsis_os2.o
 .bss.Idle_TCB.3
                0x24000194       0x5c ./Middlewares/Third_Party/FreeRTOS/cmsis_os2.o
 .bss.Idle_Stack.2
                0x240001f0      0x200 ./Middlewares/Third_Party/FreeRTOS/cmsis_os2.o
 .bss.Timer_TCB.1
                0x240003f0       0x5c ./Middlewares/Third_Party/FreeRTOS/cmsis_os2.o
 .bss.Timer_Stack.0
                0x2400044c      0x400 ./Middlewares/Third_Party/FreeRTOS/cmsis_os2.o
 .bss.ucHeap    0x2400084c     0x3c00 ./Middlewares/Third_Party/FreeRTOS/heap_4.o
 .bss.xStart    0x2400444c        0x8 ./Middlewares/Third_Party/FreeRTOS/heap_4.o
 .bss.pxEnd     0x24004454        0x4 ./Middlewares/Third_Party/FreeRTOS/heap_4.o
 .bss.xFreeBytesRemaining
                0x24004458        0x4 ./Middlewares/Third_Party/FreeRTOS/heap_4.o
 .bss.xMinimumEverFreeBytesRemaining
                0x2400445c        0x4 ./Middlewares/Third_Party/FreeRTOS/heap_4.o
 .bss.xNumberOfSuccessfulAllocations
                0x24004460        0x4 ./Middlewares/Third_Party/FreeRTOS/heap_4.o
 .bss.xNumberOfSuccessfulFrees
                0x24004464        0x4 ./Middlewares/Third_Party/FreeRTOS/heap_4.o
 .bss.xBlockAllocatedBit
                0x24004468        0x4 ./Middlewares/Third_Party/FreeRTOS/heap_4.o
 .bss.ucMaxSysCallPriority
                0x2400446c        0x1 ./Middlewares/Third_Party/FreeRTOS/port.o
 *fill*         0x2400446d        0x3 
 .bss.ulMaxPRIGROUPValue
                0x24004470        0x4 ./Middlewares/Third_Party/FreeRTOS/port.o
 .bss.xQueueRegistry
                0x24004474       0x40 ./Middlewares/Third_Party/FreeRTOS/queue.o
                0x24004474                xQueueRegistry
 .bss.pxCurrentTCB
                0x240044b4        0x4 ./Middlewares/Third_Party/FreeRTOS/tasks.o
                0x240044b4                pxCurrentTCB
 .bss.pxReadyTasksLists
                0x240044b8      0x460 ./Middlewares/Third_Party/FreeRTOS/tasks.o
 .bss.xDelayedTaskList1
                0x24004918       0x14 ./Middlewares/Third_Party/FreeRTOS/tasks.o
 .bss.xDelayedTaskList2
                0x2400492c       0x14 ./Middlewares/Third_Party/FreeRTOS/tasks.o
 .bss.pxDelayedTaskList
                0x24004940        0x4 ./Middlewares/Third_Party/FreeRTOS/tasks.o
 .bss.pxOverflowDelayedTaskList
                0x24004944        0x4 ./Middlewares/Third_Party/FreeRTOS/tasks.o
 .bss.xPendingReadyList
                0x24004948       0x14 ./Middlewares/Third_Party/FreeRTOS/tasks.o
 .bss.xTasksWaitingTermination
                0x2400495c       0x14 ./Middlewares/Third_Party/FreeRTOS/tasks.o
 .bss.uxDeletedTasksWaitingCleanUp
                0x24004970        0x4 ./Middlewares/Third_Party/FreeRTOS/tasks.o
 .bss.xSuspendedTaskList
                0x24004974       0x14 ./Middlewares/Third_Party/FreeRTOS/tasks.o
 .bss.uxCurrentNumberOfTasks
                0x24004988        0x4 ./Middlewares/Third_Party/FreeRTOS/tasks.o
 .bss.xTickCount
                0x2400498c        0x4 ./Middlewares/Third_Party/FreeRTOS/tasks.o
 .bss.uxTopReadyPriority
                0x24004990        0x4 ./Middlewares/Third_Party/FreeRTOS/tasks.o
 .bss.xSchedulerRunning
                0x24004994        0x4 ./Middlewares/Third_Party/FreeRTOS/tasks.o
 .bss.xPendedTicks
                0x24004998        0x4 ./Middlewares/Third_Party/FreeRTOS/tasks.o
 .bss.xYieldPending
                0x2400499c        0x4 ./Middlewares/Third_Party/FreeRTOS/tasks.o
 .bss.xNumOfOverflows
                0x240049a0        0x4 ./Middlewares/Third_Party/FreeRTOS/tasks.o
 .bss.uxTaskNumber
                0x240049a4        0x4 ./Middlewares/Third_Party/FreeRTOS/tasks.o
 .bss.xNextTaskUnblockTime
                0x240049a8        0x4 ./Middlewares/Third_Party/FreeRTOS/tasks.o
 .bss.xIdleTaskHandle
                0x240049ac        0x4 ./Middlewares/Third_Party/FreeRTOS/tasks.o
 .bss.uxSchedulerSuspended
                0x240049b0        0x4 ./Middlewares/Third_Party/FreeRTOS/tasks.o
 .bss.xActiveTimerList1
                0x240049b4       0x14 ./Middlewares/Third_Party/FreeRTOS/timers.o
 .bss.xActiveTimerList2
                0x240049c8       0x14 ./Middlewares/Third_Party/FreeRTOS/timers.o
 .bss.pxCurrentTimerList
                0x240049dc        0x4 ./Middlewares/Third_Party/FreeRTOS/timers.o
 .bss.pxOverflowTimerList
                0x240049e0        0x4 ./Middlewares/Third_Party/FreeRTOS/timers.o
 .bss.xTimerQueue
                0x240049e4        0x4 ./Middlewares/Third_Party/FreeRTOS/timers.o
 .bss.xTimerTaskHandle
                0x240049e8        0x4 ./Middlewares/Third_Party/FreeRTOS/timers.o
 .bss.xLastTime.2
                0x240049ec        0x4 ./Middlewares/Third_Party/FreeRTOS/timers.o
 .bss.ucStaticTimerQueueStorage.1
                0x240049f0       0xa0 ./Middlewares/Third_Party/FreeRTOS/timers.o
 .bss.xStaticTimerQueue.0
                0x24004a90       0x50 ./Middlewares/Third_Party/FreeRTOS/timers.o
 .bss.__sf      0x24004ae0      0x138 /opt/st/stm32cubeide_2.0.0/plugins/com.st.stm32cube.ide.mcu.externaltools.gnu-tools-for-stm32.13.3.rel1.linux64_1.0.100.202509120712/tools/bin/../lib/gcc/arm-none-eabi/13.3.1/../../../../arm-none-eabi/lib/thumb/v7e-m+dp/hard/libc_nano.a(libc_a-findfp.o)
                0x24004ae0                __sf
 .bss.errno     0x24004c18        0x4 /opt/st/stm32cubeide_2.0.0/plugins/com.st.stm32cube.ide.mcu.externaltools.gnu-tools-for-stm32.13.3.rel1.linux64_1.0.100.202509120712/tools/bin/../lib/gcc/arm-none-eabi/13.3.1/../../../../arm-none-eabi/lib/thumb/v7e-m+dp/hard/libc_nano.a(libc_a-reent.o)
                0x24004c18                errno
 .bss.__lock___malloc_recursive_mutex
                0x24004c1c        0x1 /opt/st/stm32cubeide_2.0.0/plugins/com.st.stm32cube.ide.mcu.externaltools.gnu-tools-for-stm32.13.3.rel1.linux64_1.0.100.202509120712/tools/bin/../lib/gcc/arm-none-eabi/13.3.1/../../../../arm-none-eabi/lib/thumb/v7e-m+dp/hard/libc_nano.a(libc_a-lock.o)
                0x24004c1c                __lock___malloc_recursive_mutex
 *fill*         0x24004c1d        0x3 
 .bss.__malloc_sbrk_start
                0x24004c20        0x4 /opt/st/stm32cubeide_2.0.0/plugins/com.st.stm32cube.ide.mcu.externaltools.gnu-tools-for-stm32.13.3.rel1.linux64_1.0.100.202509120712/tools/bin/../lib/gcc/arm-none-eabi/13.3.1/../../../../arm-none-eabi/lib/thumb/v7e-m+dp/hard/libc_nano.a(libc_a-mallocr.o)
                0x24004c20                __malloc_sbrk_start
 .bss.__malloc_free_list
                0x24004c24        0x4 /opt/st/stm32cubeide_2.0.0/plugins/com.st.stm32cube.ide.mcu.externaltools.gnu-tools-for-stm32.13.3.rel1.linux64_1.0.100.202509120712/tools/bin/../lib/gcc/arm-none-eabi/13.3.1/../../../../arm-none-eabi/lib/thumb/v7e-m+dp/hard/libc_nano.a(libc_a-mallocr.o)
                0x24004c24                __malloc_free_list
 *(COMMON)
                0x24004c28                        . = ALIGN (0x4)
                0x24004c28                        _ebss = .
                0x24004c28                        __bss_end__ = _ebss

._user_heap_stack
                0x24004c28      0x600 load address 0x0800c2f8
                0x24004c28                        . = ALIGN (0x8)
                [!provide]                        PROVIDE (end = .)
                0x24004c28                        PROVIDE (_end = .)
                0x24004e28                        . = (. + _Min_Heap_Size)
 *fill*         0x24004c28      0x200 
                0x24005228                        . = (. + _Min_Stack_Size)
 *fill*         0x24004e28      0x400 
                0x24005228                        . = ALIGN (0x8)

/DISCARD/
 libc.a(*)
 libm.a(*)
 libgcc.a(*)

.ARM.attributes
                0x00000000       0x2e
 *(.ARM.attributes)
 .ARM.attributes
                0x00000000       0x20 /opt/st/stm32cubeide_2.0.0/plugins/com.st.stm32cube.ide.mcu.externaltools.gnu-tools-for-stm32.13.3.rel1.linux64_1.0.100.202509120712/tools/bin/../lib/gcc/arm-none-eabi/13.3.1/thumb/v7e-m+dp/hard/crti.o
 .ARM.attributes
                0x00000020       0x32 /opt/st/stm32cubeide_2.0.0/plugins/com.st.stm32cube.ide.mcu.externaltools.gnu-tools-for-stm32.13.3.rel1.linux64_1.0.100.202509120712/tools/bin/../lib/gcc/arm-none-eabi/13.3.1/thumb/v7e-m+dp/hard/crtbegin.o
 .ARM.attributes
                0x00000052       0x32 ./Common/Src/system_stm32h7xx_dualcore_boot_cm4_cm7.o
 .ARM.attributes
                0x00000084       0x32 ./Core/Src/main.o
 .ARM.attributes
                0x000000b6       0x32 ./Core/Src/stm32h7xx_hal_msp.o
 .ARM.attributes
                0x000000e8       0x32 ./Core/Src/stm32h7xx_hal_timebase_tim.o
 .ARM.attributes
                0x0000011a       0x32 ./Core/Src/stm32h7xx_it.o
 .ARM.attributes
                0x0000014c       0x32 ./Core/Src/sysmem.o
 .ARM.attributes
                0x0000017e       0x21 ./Core/Startup/startup_stm32h755zitx.o
 .ARM.attributes
                0x0000019f       0x32 ./Drivers/STM32H7xx_HAL_Driver/stm32h7xx_hal.o
 .ARM.attributes
                0x000001d1       0x32 ./Drivers/STM32H7xx_HAL_Driver/stm32h7xx_hal_cortex.o
 .ARM.attributes
                0x00000203       0x32 ./Drivers/STM32H7xx_HAL_Driver/stm32h7xx_hal_dma.o
 .ARM.attributes
                0x00000235       0x32 ./Drivers/STM32H7xx_HAL_Driver/stm32h7xx_hal_gpio.o
 .ARM.attributes
                0x00000267       0x32 ./Drivers/STM32H7xx_HAL_Driver/stm32h7xx_hal_hsem.o
 .ARM.attributes
                0x00000299       0x32 ./Drivers/STM32H7xx_HAL_Driver/stm32h7xx_hal_pwr_ex.o
 .ARM.attributes
                0x000002cb       0x32 ./Drivers/STM32H7xx_HAL_Driver/stm32h7xx_hal_rcc.o
 .ARM.attributes
                0x000002fd       0x32 ./Drivers/STM32H7xx_HAL_Driver/stm32h7xx_hal_rcc_ex.o
 .ARM.attributes
                0x0000032f       0x32 ./Drivers/STM32H7xx_HAL_Driver/stm32h7xx_hal_tim.o
 .ARM.attributes
                0x00000361       0x32 ./Drivers/STM32H7xx_HAL_Driver/stm32h7xx_hal_tim_ex.o
 .ARM.attributes
                0x00000393       0x32 ./Drivers/STM32H7xx_HAL_Driver/stm32h7xx_hal_uart.o
 .ARM.attributes
                0x000003c5       0x32 ./Drivers/STM32H7xx_HAL_Driver/stm32h7xx_hal_uart_ex.o
 .ARM.attributes
                0x000003f7       0x32 ./Middlewares/Third_Party/FreeRTOS/cmsis_os2.o
 .ARM.attributes
                0x00000429       0x32 ./Middlewares/Third_Party/FreeRTOS/heap_4.o
 .ARM.attributes
                0x0000045b       0x32 ./Middlewares/Third_Party/FreeRTOS/list.o
 .ARM.attributes
                0x0000048d       0x32 ./Middlewares/Third_Party/FreeRTOS/port.o
 .ARM.attributes
                0x000004bf       0x32 ./Middlewares/Third_Party/FreeRTOS/queue.o
 .ARM.attributes
                0x000004f1       0x32 ./Middlewares/Third_Party/FreeRTOS/tasks.o
 .ARM.attributes
                0x00000523       0x32 ./Middlewares/Third_Party/FreeRTOS/timers.o
 .ARM.attributes
                0x00000555       0x32 /opt/st/stm32cubeide_2.0.0/plugins/com.st.stm32cube.ide.mcu.externaltools.gnu-tools-for-stm32.13.3.rel1.linux64_1.0.100.202509120712/tools/bin/../lib/gcc/arm-none-eabi/13.3.1/../../../../arm-none-eabi/lib/thumb/v7e-m+dp/hard/libc_nano.a(libc_a-findfp.o)
 .ARM.attributes
                0x00000587       0x32 /opt/st/stm32cubeide_2.0.0/plugins/com.st.stm32cube.ide.mcu.externaltools.gnu-tools-for-stm32.13.3.rel1.linux64_1.0.100.202509120712/tools/bin/../lib/gcc/arm-none-eabi/13.3.1/../../../../arm-none-eabi/lib/thumb/v7e-m+dp/hard/libc_nano.a(libc_a-sprintf.o)
 .ARM.attributes
                0x000005b9       0x32 /opt/st/stm32cubeide_2.0.0/plugins/com.st.stm32cube.ide.mcu.externaltools.gnu-tools-for-stm32.13.3.rel1.linux64_1.0.100.202509120712/tools/bin/../lib/gcc/arm-none-eabi/13.3.1/../../../../arm-none-eabi/lib/thumb/v7e-m+dp/hard/libc_nano.a(libc_a-memset.o)
 .ARM.attributes
                0x000005eb       0x32 /opt/st/stm32cubeide_2.0.0/plugins/com.st.stm32cube.ide.mcu.externaltools.gnu-tools-for-stm32.13.3.rel1.linux64_1.0.100.202509120712/tools/bin/../lib/gcc/arm-none-eabi/13.3.1/../../../../arm-none-eabi/lib/thumb/v7e-m+dp/hard/libc_nano.a(libc_a-reent.o)
 .ARM.attributes
                0x0000061d       0x32 /opt/st/stm32cubeide_2.0.0/plugins/com.st.stm32cube.ide.mcu.externaltools.gnu-tools-for-stm32.13.3.rel1.linux64_1.0.100.202509120712/tools/bin/../lib/gcc/arm-none-eabi/13.3.1/../../../../arm-none-eabi/lib/thumb/v7e-m+dp/hard/libc_nano.a(libc_a-impure.o)
 .ARM.attributes
                0x0000064f       0x32 /opt/st/stm32cubeide_2.0.0/plugins/com.st.stm32cube.ide.mcu.externaltools.gnu-tools-for-stm32.13.3.rel1.linux64_1.0.100.202509120712/tools/bin/../lib/gcc/arm-none-eabi/13.3.1/../../../../arm-none-eabi/lib/thumb/v7e-m+dp/hard/libc_nano.a(libc_a-errno.o)
 .ARM.attributes
                0x00000681       0x32 /opt/st/stm32cubeide_2.0.0/plugins/com.st.stm32cube.ide.mcu.externaltools.gnu-tools-for-stm32.13.3.rel1.linux64_1.0.100.202509120712/tools/bin/../lib/gcc/arm-none-eabi/13.3.1/../../../../arm-none-eabi/lib/thumb/v7e-m+dp/hard/libc_nano.a(libc_a-init.o)
 .ARM.attributes
                0x000006b3       0x32 /opt/st/stm32cubeide_2.0.0/plugins/com.st.stm32cube.ide.mcu.externaltools.gnu-tools-for-stm32.13.3.rel1.linux64_1.0.100.202509120712/tools/bin/../lib/gcc/arm-none-eabi/13.3.1/../../../../arm-none-eabi/lib/thumb/v7e-m+dp/hard/libc_nano.a(libc_a-lock.o)
 .ARM.attributes
                0x000006e5       0x32 /opt/st/stm32cubeide_2.0.0/plugins/com.st.stm32cube.ide.mcu.externaltools.gnu-tools-for-stm32.13.3.rel1.linux64_1.0.100.202509120712/tools/bin/../lib/gcc/arm-none-eabi/13.3.1/../../../../arm-none-eabi/lib/thumb/v7e-m+dp/hard/libc_nano.a(libc_a-memcpy-stub.o)
 .ARM.attributes
                0x00000717       0x17 /opt/st/stm32cubeide_2.0.0/plugins/com.st.stm32cube.ide.mcu.externaltools.gnu-tools-for-stm32.13.3.rel1.linux64_1.0.100.202509120712/tools/bin/../lib/gcc/arm-none-eabi/13.3.1/../../../../arm-none-eabi/lib/thumb/v7e-m+dp/hard/libc_nano.a(libc_a-strlen.o)
 .ARM.attributes
                0x0000072e       0x32 /opt/st/stm32cubeide_2.0.0/plugins/com.st.stm32cube.ide.mcu.externaltools.gnu-tools-for-stm32.13.3.rel1.linux64_1.0.100.202509120712/tools/bin/../lib/gcc/arm-none-eabi/13.3.1/../../../../arm-none-eabi/lib/thumb/v7e-m+dp/hard/libc_nano.a(libc_a-freer.o)
 .ARM.attributes
                0x00000760       0x32 /opt/st/stm32cubeide_2.0.0/plugins/com.st.stm32cube.ide.mcu.externaltools.gnu-tools-for-stm32.13.3.rel1.linux64_1.0.100.202509120712/tools/bin/../lib/gcc/arm-none-eabi/13.3.1/../../../../arm-none-eabi/lib/thumb/v7e-m+dp/hard/libc_nano.a(libc_a-mallocr.o)
 .ARM.attributes
                0x00000792       0x32 /opt/st/stm32cubeide_2.0.0/plugins/com.st.stm32cube.ide.mcu.externaltools.gnu-tools-for-stm32.13.3.rel1.linux64_1.0.100.202509120712/tools/bin/../lib/gcc/arm-none-eabi/13.3.1/../../../../arm-none-eabi/lib/thumb/v7e-m+dp/hard/libc_nano.a(libc_a-mlock.o)
 .ARM.attributes
                0x000007c4       0x32 /opt/st/stm32cubeide_2.0.0/plugins/com.st.stm32cube.ide.mcu.externaltools.gnu-tools-for-stm32.13.3.rel1.linux64_1.0.100.202509120712/tools/bin/../lib/gcc/arm-none-eabi/13.3.1/../../../../arm-none-eabi/lib/thumb/v7e-m+dp/hard/libc_nano.a(libc_a-nano-svfprintf.o)
 .ARM.attributes
                0x000007f6       0x32 /opt/st/stm32cubeide_2.0.0/plugins/com.st.stm32cube.ide.mcu.externaltools.gnu-tools-for-stm32.13.3.rel1.linux64_1.0.100.202509120712/tools/bin/../lib/gcc/arm-none-eabi/13.3.1/../../../../arm-none-eabi/lib/thumb/v7e-m+dp/hard/libc_nano.a(libc_a-nano-vfprintf_i.o)
 .ARM.attributes
                0x00000828       0x32 /opt/st/stm32cubeide_2.0.0/plugins/com.st.stm32cube.ide.mcu.externaltools.gnu-tools-for-stm32.13.3.rel1.linux64_1.0.100.202509120712/tools/bin/../lib/gcc/arm-none-eabi/13.3.1/../../../../arm-none-eabi/lib/thumb/v7e-m+dp/hard/libc_nano.a(libc_a-memmove.o)
 .ARM.attributes
                0x0000085a       0x32 /opt/st/stm32cubeide_2.0.0/plugins/com.st.stm32cube.ide.mcu.externaltools.gnu-tools-for-stm32.13.3.rel1.linux64_1.0.100.202509120712/tools/bin/../lib/gcc/arm-none-eabi/13.3.1/../../../../arm-none-eabi/lib/thumb/v7e-m+dp/hard/libc_nano.a(libc_a-sbrkr.o)
 .ARM.attributes
                0x0000088c       0x1c /opt/st/stm32cubeide_2.0.0/plugins/com.st.stm32cube.ide.mcu.externaltools.gnu-tools-for-stm32.13.3.rel1.linux64_1.0.100.202509120712/tools/bin/../lib/gcc/arm-none-eabi/13.3.1/../../../../arm-none-eabi/lib/thumb/v7e-m+dp/hard/libc_nano.a(libc_a-memchr.o)
 .ARM.attributes
                0x000008a8       0x32 /opt/st/stm32cubeide_2.0.0/plugins/com.st.stm32cube.ide.mcu.externaltools.gnu-tools-for-stm32.13.3.rel1.linux64_1.0.100.202509120712/tools/bin/../lib/gcc/arm-none-eabi/13.3.1/../../../../arm-none-eabi/lib/thumb/v7e-m+dp/hard/libc_nano.a(libc_a-reallocr.o)
 .ARM.attributes
                0x000008da       0x32 /opt/st/stm32cubeide_2.0.0/plugins/com.st.stm32cube.ide.mcu.externaltools.gnu-tools-for-stm32.13.3.rel1.linux64_1.0.100.202509120712/tools/bin/../lib/gcc/arm-none-eabi/13.3.1/../../../../arm-none-eabi/lib/thumb/v7e-m+dp/hard/libc_nano.a(libc_a-msizer.o)
 .ARM.attributes
                0x0000090c       0x20 /opt/st/stm32cubeide_2.0.0/plugins/com.st.stm32cube.ide.mcu.externaltools.gnu-tools-for-stm32.13.3.rel1.linux64_1.0.100.202509120712/tools/bin/../lib/gcc/arm-none-eabi/13.3.1/thumb/v7e-m+dp/hard/libgcc.a(_aeabi_uldivmod.o)
 .ARM.attributes
                0x0000092c       0x32 /opt/st/stm32cubeide_2.0.0/plugins/com.st.stm32cube.ide.mcu.externaltools.gnu-tools-for-stm32.13.3.rel1.linux64_1.0.100.202509120712/tools/bin/../lib/gcc/arm-none-eabi/13.3.1/thumb/v7e-m+dp/hard/libgcc.a(_udivmoddi4.o)
 .ARM.attributes
                0x0000095e       0x20 /opt/st/stm32cubeide_2.0.0/plugins/com.st.stm32cube.ide.mcu.externaltools.gnu-tools-for-stm32.13.3.rel1.linux64_1.0.100.202509120712/tools/bin/../lib/gcc/arm-none-eabi/13.3.1/thumb/v7e-m+dp/hard/libgcc.a(_dvmd_tls.o)
 .ARM.attributes
                0x0000097e       0x20 /opt/st/stm32cubeide_2.0.0/plugins/com.st.stm32cube.ide.mcu.externaltools.gnu-tools-for-stm32.13.3.rel1.linux64_1.0.100.202509120712/tools/bin/../lib/gcc/arm-none-eabi/13.3.1/thumb/v7e-m+dp/hard/crtn.o
OUTPUT(STMH755_RTOS_taskComm_CM7.elf elf32-littlearm)
LOAD linker stubs
LOAD /opt/st/stm32cubeide_2.0.0/plugins/com.st.stm32cube.ide.mcu.externaltools.gnu-tools-for-stm32.13.3.rel1.linux64_1.0.100.202509120712/tools/bin/../lib/gcc/arm-none-eabi/13.3.1/../../../../arm-none-eabi/lib/thumb/v7e-m+dp/hard/libc.a
LOAD /opt/st/stm32cubeide_2.0.0/plugins/com.st.stm32cube.ide.mcu.externaltools.gnu-tools-for-stm32.13.3.rel1.linux64_1.0.100.202509120712/tools/bin/../lib/gcc/arm-none-eabi/13.3.1/../../../../arm-none-eabi/lib/thumb/v7e-m+dp/hard/libm.a
LOAD /opt/st/stm32cubeide_2.0.0/plugins/com.st.stm32cube.ide.mcu.externaltools.gnu-tools-for-stm32.13.3.rel1.linux64_1.0.100.202509120712/tools/bin/../lib/gcc/arm-none-eabi/13.3.1/thumb/v7e-m+dp/hard/libgcc.a

.debug_info     0x00000000    0x2138b
 .debug_info    0x00000000      0xe73 ./Common/Src/system_stm32h7xx_dualcore_boot_cm4_cm7.o
 .debug_info    0x00000e73     0x1f2b ./Core/Src/main.o
 .debug_info    0x00002d9e     0x1458 ./Core/Src/stm32h7xx_hal_msp.o
 .debug_info    0x000041f6     0x10cd ./Core/Src/stm32h7xx_hal_timebase_tim.o
 .debug_info    0x000052c3      0xbc7 ./Core/Src/stm32h7xx_it.o
 .debug_info    0x00005e8a      0x168 ./Core/Src/sysmem.o
 .debug_info    0x00005ff2       0x30 ./Core/Startup/startup_stm32h755zitx.o
 .debug_info    0x00006022     0x177a ./Drivers/STM32H7xx_HAL_Driver/stm32h7xx_hal.o
 .debug_info    0x0000779c     0x10d5 ./Drivers/STM32H7xx_HAL_Driver/stm32h7xx_hal_cortex.o
 .debug_info    0x00008871      0xc43 ./Drivers/STM32H7xx_HAL_Driver/stm32h7xx_hal_dma.o
 .debug_info    0x000094b4      0xd06 ./Drivers/STM32H7xx_HAL_Driver/stm32h7xx_hal_gpio.o
 .debug_info    0x0000a1ba      0x3d3 ./Drivers/STM32H7xx_HAL_Driver/stm32h7xx_hal_hsem.o
 .debug_info    0x0000a58d     0x1225 ./Drivers/STM32H7xx_HAL_Driver/stm32h7xx_hal_pwr_ex.o
 .debug_info    0x0000b7b2      0xe67 ./Drivers/STM32H7xx_HAL_Driver/stm32h7xx_hal_rcc.o
 .debug_info    0x0000c619     0x1303 ./Drivers/STM32H7xx_HAL_Driver/stm32h7xx_hal_rcc_ex.o
 .debug_info    0x0000d91c     0x2bae ./Drivers/STM32H7xx_HAL_Driver/stm32h7xx_hal_tim.o
 .debug_info    0x000104ca     0x17eb ./Drivers/STM32H7xx_HAL_Driver/stm32h7xx_hal_tim_ex.o
 .debug_info    0x00011cb5     0x4b1d ./Drivers/STM32H7xx_HAL_Driver/stm32h7xx_hal_uart.o
 .debug_info    0x000167d2      0xfbf ./Drivers/STM32H7xx_HAL_Driver/stm32h7xx_hal_uart_ex.o
 .debug_info    0x00017791     0x3dab ./Middlewares/Third_Party/FreeRTOS/cmsis_os2.o
 .debug_info    0x0001b53c      0x4d5 ./Middlewares/Third_Party/FreeRTOS/heap_4.o
 .debug_info    0x0001ba11      0x2af ./Middlewares/Third_Party/FreeRTOS/list.o
 .debug_info    0x0001bcc0      0x4de ./Middlewares/Third_Party/FreeRTOS/port.o
 .debug_info    0x0001c19e     0x1b79 ./Middlewares/Third_Party/FreeRTOS/queue.o
 .debug_info    0x0001dd17     0x21ec ./Middlewares/Third_Party/FreeRTOS/tasks.o
 .debug_info    0x0001ff03     0x1488 ./Middlewares/Third_Party/FreeRTOS/timers.o

.debug_abbrev   0x00000000     0x3f5f
 .debug_abbrev  0x00000000      0x165 ./Common/Src/system_stm32h7xx_dualcore_boot_cm4_cm7.o
 .debug_abbrev  0x00000165      0x35b ./Core/Src/main.o
 .debug_abbrev  0x000004c0      0x20c ./Core/Src/stm32h7xx_hal_msp.o
 .debug_abbrev  0x000006cc      0x212 ./Core/Src/stm32h7xx_hal_timebase_tim.o
 .debug_abbrev  0x000008de      0x187 ./Core/Src/stm32h7xx_it.o
 .debug_abbrev  0x00000a65       0xbc ./Core/Src/sysmem.o
 .debug_abbrev  0x00000b21       0x24 ./Core/Startup/startup_stm32h755zitx.o
 .debug_abbrev  0x00000b45      0x295 ./Drivers/STM32H7xx_HAL_Driver/stm32h7xx_hal.o
 .debug_abbrev  0x00000dda      0x339 ./Drivers/STM32H7xx_HAL_Driver/stm32h7xx_hal_cortex.o
 .debug_abbrev  0x00001113      0x248 ./Drivers/STM32H7xx_HAL_Driver/stm32h7xx_hal_dma.o
 .debug_abbrev  0x0000135b      0x205 ./Drivers/STM32H7xx_HAL_Driver/stm32h7xx_hal_gpio.o
 .debug_abbrev  0x00001560      0x1d3 ./Drivers/STM32H7xx_HAL_Driver/stm32h7xx_hal_hsem.o
 .debug_abbrev  0x00001733      0x2d7 ./Drivers/STM32H7xx_HAL_Driver/stm32h7xx_hal_pwr_ex.o
 .debug_abbrev  0x00001a0a      0x2c8 ./Drivers/STM32H7xx_HAL_Driver/stm32h7xx_hal_rcc.o
 .debug_abbrev  0x00001cd2      0x269 ./Drivers/STM32H7xx_HAL_Driver/stm32h7xx_hal_rcc_ex.o
 .debug_abbrev  0x00001f3b      0x276 ./Drivers/STM32H7xx_HAL_Driver/stm32h7xx_hal_tim.o
 .debug_abbrev  0x000021b1      0x281 ./Drivers/STM32H7xx_HAL_Driver/stm32h7xx_hal_tim_ex.o
 .debug_abbrev  0x00002432      0x33d ./Drivers/STM32H7xx_HAL_Driver/stm32h7xx_hal_uart.o
 .debug_abbrev  0x0000276f      0x2d2 ./Drivers/STM32H7xx_HAL_Driver/stm32h7xx_hal_uart_ex.o
 .debug_abbrev  0x00002a41      0x522 ./Middlewares/Third_Party/FreeRTOS/cmsis_os2.o
 .debug_abbrev  0x00002f63      0x21d ./Middlewares/Third_Party/FreeRTOS/heap_4.o
 .debug_abbrev  0x00003180       0xf5 ./Middlewares/Third_Party/FreeRTOS/list.o
 .debug_abbrev  0x00003275      0x25c ./Middlewares/Third_Party/FreeRTOS/port.o
 .debug_abbrev  0x000034d1      0x3b6 ./Middlewares/Third_Party/FreeRTOS/queue.o
 .debug_abbrev  0x00003887      0x386 ./Middlewares/Third_Party/FreeRTOS/tasks.o
 .debug_abbrev  0x00003c0d      0x352 ./Middlewares/Third_Party/FreeRTOS/timers.o

.debug_aranges  0x00000000     0x19a8
 .debug_aranges
                0x00000000       0x30 ./Common/Src/system_stm32h7xx_dualcore_boot_cm4_cm7.o
 .debug_aranges
                0x00000030       0x78 ./Core/Src/main.o
 .debug_aranges
                0x000000a8       0x30 ./Core/Src/stm32h7xx_hal_msp.o
 .debug_aranges
                0x000000d8       0x30 ./Core/Src/stm32h7xx_hal_timebase_tim.o
 .debug_aranges
                0x00000108       0x58 ./Core/Src/stm32h7xx_it.o
 .debug_aranges
                0x00000160       0x20 ./Core/Src/sysmem.o
 .debug_aranges
                0x00000180       0x28 ./Core/Startup/startup_stm32h755zitx.o
 .debug_aranges
                0x000001a8      0x200 ./Drivers/STM32H7xx_HAL_Driver/stm32h7xx_hal.o
 .debug_aranges
                0x000003a8      0x130 ./Drivers/STM32H7xx_HAL_Driver/stm32h7xx_hal_cortex.o
 .debug_aranges
                0x000004d8       0xa0 ./Drivers/STM32H7xx_HAL_Driver/stm32h7xx_hal_dma.o
 .debug_aranges
                0x00000578       0x58 ./Drivers/STM32H7xx_HAL_Driver/stm32h7xx_hal_gpio.o
 .debug_aranges
                0x000005d0       0x70 ./Drivers/STM32H7xx_HAL_Driver/stm32h7xx_hal_hsem.o
 .debug_aranges
                0x00000640      0x170 ./Drivers/STM32H7xx_HAL_Driver/stm32h7xx_hal_pwr_ex.o
 .debug_aranges
                0x000007b0       0x88 ./Drivers/STM32H7xx_HAL_Driver/stm32h7xx_hal_rcc.o
 .debug_aranges
                0x00000838      0x100 ./Drivers/STM32H7xx_HAL_Driver/stm32h7xx_hal_rcc_ex.o
 .debug_aranges
                0x00000938      0x3e0 ./Drivers/STM32H7xx_HAL_Driver/stm32h7xx_hal_tim.o
 .debug_aranges
                0x00000d18      0x188 ./Drivers/STM32H7xx_HAL_Driver/stm32h7xx_hal_tim_ex.o
 .debug_aranges
                0x00000ea0      0x248 ./Drivers/STM32H7xx_HAL_Driver/stm32h7xx_hal_uart.o
 .debug_aranges
                0x000010e8       0xa8 ./Drivers/STM32H7xx_HAL_Driver/stm32h7xx_hal_uart_ex.o
 .debug_aranges
                0x00001190      0x2b0 ./Middlewares/Third_Party/FreeRTOS/cmsis_os2.o
 .debug_aranges
                0x00001440       0x58 ./Middlewares/Third_Party/FreeRTOS/heap_4.o
 .debug_aranges
                0x00001498       0x40 ./Middlewares/Third_Party/FreeRTOS/list.o
 .debug_aranges
                0x000014d8       0x80 ./Middlewares/Third_Party/FreeRTOS/port.o
 .debug_aranges
                0x00001558      0x158 ./Middlewares/Third_Party/FreeRTOS/queue.o
 .debug_aranges
                0x000016b0      0x208 ./Middlewares/Third_Party/FreeRTOS/tasks.o
 .debug_aranges