Archive member included to satisfy reference by file (symbol)

/opt/st/stm32cubeide_2.0.0/plugins/com.st.stm32cube.ide.mcu.externaltools.gnu-tools-for-stm32.13.3.rel1.linux64_1.0.100.202509120712/tools/bin/../lib/gcc/arm-none-eabi/13.3.1/../../../../arm-none-eabi/lib/thumb/v7e-m+dp/hard/libc_nano.a(libc_a-exit.o)
                              /opt/st/stm32cubeide_2.0.0/plugins/com.st.stm32cube.ide.mcu.externaltools.gnu-tools-for-stm32.13.3.rel1.linux64_1.0.100.202509120712/tools/bin/../lib/gcc/arm-none-eabi/13.3.1/../../../../arm-none-eabi/lib/thumb/v7e-m+dp/hard/crt0.o (exit)
/opt/st/stm32cubeide_2.0.0/plugins/com.st.stm32cube.ide.mcu.externaltools.gnu-tools-for-stm32.13.3.rel1.linux64_1.0.100.202509120712/tools/bin/../lib/gcc/arm-none-eabi/13.3.1/../../../../arm-none-eabi/lib/thumb/v7e-m+dp/hard/libc_nano.a(libc_a-ctype_.o)
                              ./Core/Src/myBuffer.o (_ctype_)
/opt/st/stm32cubeide_2.0.0/plugins/com.st.stm32cube.ide.mcu.externaltools.gnu-tools-for-stm32.13.3.rel1.linux64_1.0.100.202509120712/tools/bin/../lib/gcc/arm-none-eabi/13.3.1/../../../../arm-none-eabi/lib/thumb/v7e-m+dp/hard/libc_nano.a(libc_a-findfp.o)
                              /opt/st/stm32cubeide_2.0.0/plugins/com.st.stm32cube.ide.mcu.externaltools.gnu-tools-for-stm32.13.3.rel1.linux64_1.0.100.202509120712/tools/bin/../lib/gcc/arm-none-eabi/13.3.1/../../../../arm-none-eabi/lib/thumb/v7e-m+dp/hard/libc_nano.a(libc_a-exit.o) (__stdio_exit_handler)
/opt/st/stm32cubeide_2.0.0/plugins/com.st.stm32cube.ide.mcu.externaltools.gnu-tools-for-stm32.13.3.rel1.linux64_1.0.100.202509120712/tools/bin/../lib/gcc/arm-none-eabi/13.3.1/../../../../arm-none-eabi/lib/thumb/v7e-m+dp/hard/libc_nano.a(libc_a-fwalk.o)
                              /opt/st/stm32cubeide_2.0.0/plugins/com.st.stm32cube.ide.mcu.externaltools.gnu-tools-for-stm32.13.3.rel1.linux64_1.0.100.202509120712/tools/bin/../lib/gcc/arm-none-eabi/13.3.1/../../../../arm-none-eabi/lib/thumb/v7e-m+dp/hard/libc_nano.a(libc_a-findfp.o) (_fwalk_sglue)
/opt/st/stm32cubeide_2.0.0/plugins/com.st.stm32cube.ide.mcu.externaltools.gnu-tools-for-stm32.13.3.rel1.linux64_1.0.100.202509120712/tools/bin/../lib/gcc/arm-none-eabi/13.3.1/../../../../arm-none-eabi/lib/thumb/v7e-m+dp/hard/libc_nano.a(libc_a-sprintf.o)
                              ./Core/Src/main.o (sprintf)
/opt/st/stm32cubeide_2.0.0/plugins/com.st.stm32cube.ide.mcu.externaltools.gnu-tools-for-stm32.13.3.rel1.linux64_1.0.100.202509120712/tools/bin/../lib/gcc/arm-none-eabi/13.3.1/../../../../arm-none-eabi/lib/thumb/v7e-m+dp/hard/libc_nano.a(libc_a-stdio.o)
                              /opt/st/stm32cubeide_2.0.0/plugins/com.st.stm32cube.ide.mcu.externaltools.gnu-tools-for-stm32.13.3.rel1.linux64_1.0.100.202509120712/tools/bin/../lib/gcc/arm-none-eabi/13.3.1/../../../../arm-none-eabi/lib/thumb/v7e-m+dp/hard/libc_nano.a(libc_a-findfp.o) (__sread)
/opt/st/stm32cubeide_2.0.0/plugins/com.st.stm32cube.ide.mcu.externaltools.gnu-tools-for-stm32.13.3.rel1.linux64_1.0.100.202509120712/tools/bin/../lib/gcc/arm-none-eabi/13.3.1/../../../../arm-none-eabi/lib/thumb/v7e-m+dp/hard/libc_nano.a(libc_a-memset.o)
                              /opt/st/stm32cubeide_2.0.0/plugins/com.st.stm32cube.ide.mcu.externaltools.gnu-tools-for-stm32.13.3.rel1.linux64_1.0.100.202509120712/tools/bin/../lib/gcc/arm-none-eabi/13.3.1/../../../../arm-none-eabi/lib/thumb/v7e-m+dp/hard/crt0.o (memset)
/opt/st/stm32cubeide_2.0.0/plugins/com.st.stm32cube.ide.mcu.externaltools.gnu-tools-for-stm32.13.3.rel1.linux64_1.0.100.202509120712/tools/bin/../lib/gcc/arm-none-eabi/13.3.1/../../../../arm-none-eabi/lib/thumb/v7e-m+dp/hard/libc_nano.a(libc_a-strncpy.o)
                              ./Core/Src/myBuffer.o (strncpy)
/opt/st/stm32cubeide_2.0.0/plugins/com.st.stm32cube.ide.mcu.externaltools.gnu-tools-for-stm32.13.3.rel1.linux64_1.0.100.202509120712/tools/bin/../lib/gcc/arm-none-eabi/13.3.1/../../../../arm-none-eabi/lib/thumb/v7e-m+dp/hard/libc_nano.a(libc_a-closer.o)
                              /opt/st/stm32cubeide_2.0.0/plugins/com.st.stm32cube.ide.mcu.externaltools.gnu-tools-for-stm32.13.3.rel1.linux64_1.0.100.202509120712/tools/bin/../lib/gcc/arm-none-eabi/13.3.1/../../../../arm-none-eabi/lib/thumb/v7e-m+dp/hard/libc_nano.a(libc_a-stdio.o) (_close_r)
/opt/st/stm32cubeide_2.0.0/plugins/com.st.stm32cube.ide.mcu.externaltools.gnu-tools-for-stm32.13.3.rel1.linux64_1.0.100.202509120712/tools/bin/../lib/gcc/arm-none-eabi/13.3.1/../../../../arm-none-eabi/lib/thumb/v7e-m+dp/hard/libc_nano.a(libc_a-reent.o)
                              /opt/st/stm32cubeide_2.0.0/plugins/com.st.stm32cube.ide.mcu.externaltools.gnu-tools-for-stm32.13.3.rel1.linux64_1.0.100.202509120712/tools/bin/../lib/gcc/arm-none-eabi/13.3.1/../../../../arm-none-eabi/lib/thumb/v7e-m+dp/hard/libc_nano.a(libc_a-closer.o) (errno)
[...]
Memory Configuration

Name             Origin             Length             Attributes
RAM_D1           0x24000000         0x00080000         xrw
FLASH            0x08000000         0x00100000         xr
DTCMRAM          0x20000000         0x00020000         xrw
RAM_D2           0x30000000         0x00048000         xrw
RAM_D3           0x38000000         0x00010000         xrw
ITCMRAM          0x00000000         0x00010000         xrw
*default*        0x00000000         0xffffffff

Linker script and memory map

LOAD /opt/st/stm32cubeide_2.0.0/plugins/com.st.stm32cube.ide.mcu.externaltools.gnu-tools-for-stm32.13.3.rel1.linux64_1.0.100.202509120712/tools/bin/../lib/gcc/arm-none-eabi/13.3.1/thumb/v7e-m+dp/hard/crti.o
LOAD /opt/st/stm32cubeide_2.0.0/plugins/com.st.stm32cube.ide.mcu.externaltools.gnu-tools-for-stm32.13.3.rel1.linux64_1.0.100.202509120712/tools/bin/../lib/gcc/arm-none-eabi/13.3.1/thumb/v7e-m+dp/hard/crtbegin.o
LOAD /opt/st/stm32cubeide_2.0.0/plugins/com.st.stm32cube.ide.mcu.externaltools.gnu-tools-for-stm32.13.3.rel1.linux64_1.0.100.202509120712/tools/bin/../lib/gcc/arm-none-eabi/13.3.1/../../../../arm-none-eabi/lib/thumb/v7e-m+dp/hard/crt0.o
LOAD ./Common/Src/system_stm32h7xx_dualcore_boot_cm4_cm7.o
LOAD ./Core/Src/freertos.o
LOAD ./Core/Src/main.o
LOAD ./Core/Src/myBuffer.o
LOAD ./Core/Src/stm32h7xx_hal_msp.o
LOAD ./Core/Src/stm32h7xx_hal_timebase_tim.o
LOAD ./Core/Src/stm32h7xx_it.o
LOAD ./Core/Src/syscalls.o
LOAD ./Core/Src/sysmem.o
LOAD ./Core/Startup/startup_stm32h755zitx.o
LOAD ./Drivers/STM32H7xx_HAL_Driver/stm32h7xx_hal.o
LOAD ./Drivers/STM32H7xx_HAL_Driver/stm32h7xx_hal_cortex.o
LOAD ./Drivers/STM32H7xx_HAL_Driver/stm32h7xx_hal_dma.o
LOAD ./Drivers/STM32H7xx_HAL_Driver/stm32h7xx_hal_dma_ex.o
LOAD ./Drivers/STM32H7xx_HAL_Driver/stm32h7xx_hal_exti.o
LOAD ./Drivers/STM32H7xx_HAL_Driver/stm32h7xx_hal_flash.o
LOAD ./Drivers/STM32H7xx_HAL_Driver/stm32h7xx_hal_flash_ex.o
LOAD ./Drivers/STM32H7xx_HAL_Driver/stm32h7xx_hal_gpio.o
LOAD ./Drivers/STM32H7xx_HAL_Driver/stm32h7xx_hal_hsem.o
LOAD ./Drivers/STM32H7xx_HAL_Driver/stm32h7xx_hal_i2c.o
LOAD ./Drivers/STM32H7xx_HAL_Driver/stm32h7xx_hal_i2c_ex.o
LOAD ./Drivers/STM32H7xx_HAL_Driver/stm32h7xx_hal_mdma.o
LOAD ./Drivers/STM32H7xx_HAL_Driver/stm32h7xx_hal_pwr.o
LOAD ./Drivers/STM32H7xx_HAL_Driver/stm32h7xx_hal_pwr_ex.o
LOAD ./Drivers/STM32H7xx_HAL_Driver/stm32h7xx_hal_rcc.o
LOAD ./Drivers/STM32H7xx_HAL_Driver/stm32h7xx_hal_rcc_ex.o
LOAD ./Drivers/STM32H7xx_HAL_Driver/stm32h7xx_hal_tim.o
LOAD ./Drivers/STM32H7xx_HAL_Driver/stm32h7xx_hal_tim_ex.o
LOAD ./Drivers/STM32H7xx_HAL_Driver/stm32h7xx_hal_uart.o
LOAD ./Drivers/STM32H7xx_HAL_Driver/stm32h7xx_hal_uart_ex.o
LOAD ./Middlewares/Third_Party/FreeRTOS/cmsis_os2.o
LOAD ./Middlewares/Third_Party/FreeRTOS/croutine.o
LOAD ./Middlewares/Third_Party/FreeRTOS/event_groups.o
LOAD ./Middlewares/Third_Party/FreeRTOS/heap_4.o
LOAD ./Middlewares/Third_Party/FreeRTOS/list.o
LOAD ./Middlewares/Third_Party/FreeRTOS/port.o
LOAD ./Middlewares/Third_Party/FreeRTOS/queue.o
LOAD ./Middlewares/Third_Party/FreeRTOS/stream_buffer.o
LOAD ./Middlewares/Third_Party/FreeRTOS/tasks.o
LOAD ./Middlewares/Third_Party/FreeRTOS/timers.o
START GROUP
LOAD /opt/st/stm32cubeide_2.0.0/plugins/com.st.stm32cube.ide.mcu.externaltools.gnu-tools-for-stm32.13.3.rel1.linux64_1.0.100.202509120712/tools/bin/../lib/gcc/arm-none-eabi/13.3.1/../../../../arm-none-eabi/lib/thumb/v7e-m+dp/hard/libc_nano.a
LOAD /opt/st/stm32cubeide_2.0.0/plugins/com.st.stm32cube.ide.mcu.externaltools.gnu-tools-for-stm32.13.3.rel1.linux64_1.0.100.202509120712/tools/bin/../lib/gcc/arm-none-eabi/13.3.1/../../../../arm-none-eabi/lib/thumb/v7e-m+dp/hard/libm.a
END GROUP
START GROUP
LOAD /opt/st/stm32cubeide_2.0.0/plugins/com.st.stm32cube.ide.mcu.externaltools.gnu-tools-for-stm32.13.3.rel1.linux64_1.0.100.202509120712/tools/bin/../lib/gcc/arm-none-eabi/13.3.1/thumb/v7e-m+dp/hard/libgcc.a
LOAD /opt/st/stm32cubeide_2.0.0/plugins/com.st.stm32cube.ide.mcu.externaltools.gnu-tools-for-stm32.13.3.rel1.linux64_1.0.100.202509120712/tools/bin/../lib/gcc/arm-none-eabi/13.3.1/../../../../arm-none-eabi/lib/thumb/v7e-m+dp/hard/libc_nano.a
END GROUP
START GROUP
LOAD /opt/st/stm32cubeide_2.0.0/plugins/com.st.stm32cube.ide.mcu.externaltools.gnu-tools-for-stm32.13.3.rel1.linux64_1.0.100.202509120712/tools/bin/../lib/gcc/arm-none-eabi/13.3.1/thumb/v7e-m+dp/hard/libgcc.a
LOAD /opt/st/stm32cubeide_2.0.0/plugins/com.st.stm32cube.ide.mcu.externaltools.gnu-tools-for-stm32.13.3.rel1.linux64_1.0.100.202509120712/tools/bin/../lib/gcc/arm-none-eabi/13.3.1/../../../../arm-none-eabi/lib/thumb/v7e-m+dp/hard/libc_nano.a
LOAD /opt/st/stm32cubeide_2.0.0/plugins/com.st.stm32cube.ide.mcu.externaltools.gnu-tools-for-stm32.13.3.rel1.linux64_1.0.100.202509120712/tools/bin/../lib/gcc/arm-none-eabi/13.3.1/../../../../arm-none-eabi/lib/thumb/v7e-m+dp/hard/libnosys.a
END GROUP
START GROUP
LOAD /opt/st/stm32cubeide_2.0.0/plugins/com.st.stm32cube.ide.mcu.externaltools.gnu-tools-for-stm32.13.3.rel1.linux64_1.0.100.202509120712/tools/bin/../lib/gcc/arm-none-eabi/13.3.1/thumb/v7e-m+dp/hard/libgcc.a
LOAD /opt/st/stm32cubeide_2.0.0/plugins/com.st.stm32cube.ide.mcu.externaltools.gnu-tools-for-stm32.13.3.rel1.linux64_1.0.100.202509120712/tools/bin/../lib/gcc/arm-none-eabi/13.3.1/../../../../arm-none-eabi/lib/thumb/v7e-m+dp/hard/libc_nano.a
LOAD /opt/st/stm32cubeide_2.0.0/plugins/com.st.stm32cube.ide.mcu.externaltools.gnu-tools-for-stm32.13.3.rel1.linux64_1.0.100.202509120712/tools/bin/../lib/gcc/arm-none-eabi/13.3.1/../../../../arm-none-eabi/lib/thumb/v7e-m+dp/hard/libnosys.a
END GROUP
LOAD /opt/st/stm32cubeide_2.0.0/plugins/com.st.stm32cube.ide.mcu.externaltools.gnu-tools-for-stm32.13.3.rel1.linux64_1.0.100.202509120712/tools/bin/../lib/gcc/arm-none-eabi/13.3.1/thumb/v7e-m+dp/hard/crtend.o
LOAD /opt/st/stm32cubeide_2.0.0/plugins/com.st.stm32cube.ide.mcu.externaltools.gnu-tools-for-stm32.13.3.rel1.linux64_1.0.100.202509120712/tools/bin/../lib/gcc/arm-none-eabi/13.3.1/thumb/v7e-m+dp/hard/crtn.o
                0x24080000                        _estack = (ORIGIN (RAM_D1) + LENGTH (RAM_D1))
                0x00000200                        _Min_Heap_Size = 0x200
                0x00000450                        _Min_Stack_Size = 0x450

.isr_vector     0x08000000      0x298
                0x08000000                        . = ALIGN (0x4)
 *(.isr_vector)
 .isr_vector    0x08000000      0x298 ./Core/Startup/startup_stm32h755zitx.o
                0x08000000                g_pfnVectors
                0x08000298                        . = ALIGN (0x4)

.text           0x080002a0     0xc1b0
                0x080002a0                        . = ALIGN (0x4)
 *(.text)
 .text          0x080002a0       0x40 /opt/st/stm32cubeide_2.0.0/plugins/com.st.stm32cube.ide.mcu.externaltools.gnu-tools-for-stm32.13.3.rel1.linux64_1.0.100.202509120712/tools/bin/../lib/gcc/arm-none-eabi/13.3.1/thumb/v7e-m+dp/hard/crtbegin.o
 .text          0x080002e0       0x14 /opt/st/stm32cubeide_2.0.0/plugins/com.st.stm32cube.ide.mcu.externaltools.gnu-tools-for-stm32.13.3.rel1.linux64_1.0.100.202509120712/tools/bin/../lib/gcc/arm-none-eabi/13.3.1/../../../../arm-none-eabi/lib/thumb/v7e-m+dp/hard/libc_nano.a(libc_a-strcmp.o)
                0x080002e0                strcmp
 .text          0x080002f4       0x10 /opt/st/stm32cubeide_2.0.0/plugins/com.st.stm32cube.ide.mcu.externaltools.gnu-tools-for-stm32.13.3.rel1.linux64_1.0.100.202509120712/tools/bin/../lib/gcc/arm-none-eabi/13.3.1/../../../../arm-none-eabi/lib/thumb/v7e-m+dp/hard/libc_nano.a(libc_a-strlen.o)
                0x080002f4                strlen
 *fill*         0x08000304        0xc 
 .text          0x08000310       0xa0 /opt/st/stm32cubeide_2.0.0/plugins/com.st.stm32cube.ide.mcu.externaltools.gnu-tools-for-stm32.13.3.rel1.linux64_1.0.100.202509120712/tools/bin/../lib/gcc/arm-none-eabi/13.3.1/../../../../arm-none-eabi/lib/thumb/v7e-m+dp/hard/libc_nano.a(libc_a-memchr.o)
                0x08000310                memchr
 .text          0x080003b0       0x30 /opt/st/stm32cubeide_2.0.0/plugins/com.st.stm32cube.ide.mcu.externaltools.gnu-tools-for-stm32.13.3.rel1.linux64_1.0.100.202509120712/tools/bin/../lib/gcc/arm-none-eabi/13.3.1/thumb/v7e-m+dp/hard/libgcc.a(_aeabi_uldivmod.o)
                0x080003b0                __aeabi_uldivmod
 .text          0x080003e0      0x2f8 /opt/st/stm32cubeide_2.0.0/plugins/com.st.stm32cube.ide.mcu.externaltools.gnu-tools-for-stm32.13.3.rel1.linux64_1.0.100.202509120712/tools/bin/../lib/gcc/arm-none-eabi/13.3.1/thumb/v7e-m+dp/hard/libgcc.a(_udivmoddi4.o)
                0x080003e0                __udivmoddi4
 .text          0x080006d8        0x4 /opt/st/stm32cubeide_2.0.0/plugins/com.st.stm32cube.ide.mcu.externaltools.gnu-tools-for-stm32.13.3.rel1.linux64_1.0.100.202509120712/tools/bin/../lib/gcc/arm-none-eabi/13.3.1/thumb/v7e-m+dp/hard/libgcc.a(_dvmd_tls.o)
                0x080006d8                __aeabi_ldiv0
                0x080006d8                __aeabi_idiv0
 *(.text*)
 .text.SystemInit
                0x080006dc      0x15c ./Common/Src/system_stm32h7xx_dualcore_boot_cm4_cm7.o
                0x080006dc                SystemInit
 .text.ExitRun0Mode
                0x08000838       0x30 ./Common/Src/system_stm32h7xx_dualcore_boot_cm4_cm7.o
                0x08000838                ExitRun0Mode
 .text.UART_Print
                0x08000868       0x2c ./Core/Src/main.o
                0x08000868                UART_Print
 .text.main     0x08000894      0x1a0 ./Core/Src/main.o
                0x08000894                main
 .text.SystemClock_Config
                0x08000a34       0xd4 ./Core/Src/main.o
                0x08000a34                SystemClock_Config
 .text.MX_USART3_UART_Init
                0x08000b08       0x98 ./Core/Src/main.o
 .text.MX_GPIO_Init
                0x08000ba0      0x120 ./Core/Src/main.o
 .text.HAL_UART_RxCpltCallback
                0x08000cc0       0xa4 ./Core/Src/main.o
                0x08000cc0                HAL_UART_RxCpltCallback
 .text.HAL_GPIO_EXTI_Callback
                0x08000d64       0x4c ./Core/Src/main.o
                0x08000d64                HAL_GPIO_EXTI_Callback
 .text.StartDefaultTask
                0x08000db0       0x10 ./Core/Src/main.o
                0x08000db0                StartDefaultTask
 .text.StartUserInput
                0x08000dc0       0x90 ./Core/Src/main.o
                0x08000dc0                StartUserInput
 .text.StartConsole
                0x08000e50      0x120 ./Core/Src/main.o
                0x08000e50                StartConsole
 .text.StartLED
                0x08000f70       0xdc ./Core/Src/main.o
                0x08000f70                StartLED
 .text.StartButton
                0x0800104c       0x98 ./Core/Src/main.o
                0x0800104c                StartButton
 .text.HAL_TIM_PeriodElapsedCallback
                0x080010e4       0x1e ./Core/Src/main.o
                0x080010e4                HAL_TIM_PeriodElapsedCallback
 .text.Error_Handler
                0x08001102        0xc ./Core/Src/main.o
                0x08001102                Error_Handler
 *fill*         0x0800110e        0x2 
 .text.ParseCommand
                0x08001110       0xe0 ./Core/Src/myBuffer.o
                0x08001110                ParseCommand
 .text.HAL_MspInit
                0x080011f0       0x3c ./Core/Src/stm32h7xx_hal_msp.o
                0x080011f0                HAL_MspInit
 .text.HAL_UART_MspInit
                0x0800122c       0xe4 ./Core/Src/stm32h7xx_hal_msp.o
                0x0800122c                HAL_UART_MspInit
 .text.HAL_InitTick
                0x08001310       0xd4 ./Core/Src/stm32h7xx_hal_timebase_tim.o
                0x08001310                HAL_InitTick
 .text.NMI_Handler
                0x080013e4        0x8 ./Core/Src/stm32h7xx_it.o
                0x080013e4                NMI_Handler
 .text.HardFault_Handler
                0x080013ec        0x8 ./Core/Src/stm32h7xx_it.o
                0x080013ec                HardFault_Handler
 .text.MemManage_Handler
                0x080013f4        0x8 ./Core/Src/stm32h7xx_it.o
                0x080013f4                MemManage_Handler
 .text.BusFault_Handler
                0x080013fc        0x8 ./Core/Src/stm32h7xx_it.o
                0x080013fc                BusFault_Handler
 .text.UsageFault_Handler
                0x08001404        0x8 ./Core/Src/stm32h7xx_it.o
                0x08001404                UsageFault_Handler
 .text.DebugMon_Handler
                0x0800140c        0xe ./Core/Src/stm32h7xx_it.o
                0x0800140c                DebugMon_Handler
 *fill*         0x0800141a        0x2 
 .text.TIM2_IRQHandler
                0x0800141c       0x14 ./Core/Src/stm32h7xx_it.o
                0x0800141c                TIM2_IRQHandler
 .text.USART3_IRQHandler
                0x08001430       0x14 ./Core/Src/stm32h7xx_it.o
                0x08001430                USART3_IRQHandler
 .text.EXTI15_10_IRQHandler
                0x08001444       0x10 ./Core/Src/stm32h7xx_it.o
                0x08001444                EXTI15_10_IRQHandler
 .text._sbrk    0x08001454       0x6c ./Core/Src/sysmem.o
                0x08001454                _sbrk
 .text.Reset_Handler
                0x080014c0       0x54 ./Core/Startup/startup_stm32h755zitx.o
                0x080014c0                Reset_Handler
 .text.Default_Handler
                0x08001514        0x2 ./Core/Startup/startup_stm32h755zitx.o
                0x08001514                RTC_Alarm_IRQHandler
                0x08001514                HASH_RNG_IRQHandler
                0x08001514                EXTI2_IRQHandler
                0x08001514                TIM8_CC_IRQHandler
                0x08001514                HRTIM1_Master_IRQHandler
                0x08001514                UART8_IRQHandler
                0x08001514                SPI4_IRQHandler
                0x08001514                TIM1_CC_IRQHandler
                0x08001514                BDMA_Channel6_IRQHandler
                0x08001514                DMA2_Stream5_IRQHandler
                0x08001514                HRTIM1_FLT_IRQHandler
                0x08001514                JPEG_IRQHandler
                0x08001514                DMA1_Stream5_IRQHandler
                0x08001514                BDMA_Channel1_IRQHandler
                0x08001514                HRTIM1_TIMD_IRQHandler
                0x08001514                TAMP_STAMP_IRQHandler
                0x08001514                EXTI3_IRQHandler
                0x08001514                LPTIM4_IRQHandler
                0x08001514                TIM8_TRG_COM_TIM14_IRQHandler
                0x08001514                LPTIM2_IRQHandler
                0x08001514                DFSDM1_FLT1_IRQHandler
                0x08001514                DMAMUX2_OVR_IRQHandler
                0x08001514                TIM8_UP_TIM13_IRQHandler
                0x08001514                I2C3_ER_IRQHandler
                0x08001514                DFSDM1_FLT2_IRQHandler
                0x08001514                MDMA_IRQHandler
                0x08001514                LPTIM3_IRQHandler
                0x08001514                HSEM1_IRQHandler
                0x08001514                EXTI0_IRQHandler
                0x08001514                I2C2_EV_IRQHandler
                0x08001514                DMA1_Stream2_IRQHandler
                0x08001514                FPU_IRQHandler
                0x08001514                OTG_HS_WKUP_IRQHandler
                0x08001514                FDCAN1_IT1_IRQHandler
                0x08001514                LTDC_ER_IRQHandler
                0x08001514                DMA2_Stream2_IRQHandler
                0x08001514                HRTIM1_TIME_IRQHandler
                0x08001514                SPI1_IRQHandler
                0x08001514                TIM6_DAC_IRQHandler
                0x08001514                DCMI_IRQHandler
                0x08001514                HRTIM1_TIMC_IRQHandler
                0x08001514                DMA2_Stream3_IRQHandler
                0x08001514                SAI2_IRQHandler
                0x08001514                DFSDM1_FLT3_IRQHandler
                0x08001514                USART6_IRQHandler
                0x08001514                TIM17_IRQHandler
                0x08001514                BDMA_Channel7_IRQHandler
                0x08001514                CRYP_IRQHandler
                0x08001514                LPTIM5_IRQHandler
                0x08001514                UART5_IRQHandler
                0x08001514                ADC3_IRQHandler
                0x08001514                DMA2_Stream0_IRQHandler
                0x08001514                TIM4_IRQHandler
                0x08001514                BDMA_Channel2_IRQHandler
                0x08001514                QUADSPI_IRQHandler
                0x08001514                I2C1_EV_IRQHandler
                0x08001514                DMA1_Stream6_IRQHandler
                0x08001514                DMAMUX1_OVR_IRQHandler
                0x08001514                DMA1_Stream1_IRQHandler
                0x08001514                TIM16_IRQHandler
                0x08001514                UART4_IRQHandler
                0x08001514                BDMA_Channel5_IRQHandler
                0x08001514                TIM3_IRQHandler
                0x08001514                RCC_IRQHandler
                0x08001514                TIM8_BRK_TIM12_IRQHandler
                0x08001514                TIM1_TRG_COM_IRQHandler
                0x08001514                Default_Handler
                0x08001514                ECC_IRQHandler
                0x08001514                CEC_IRQHandler
                0x08001514                BDMA_Channel0_IRQHandler
                0x08001514                ADC_IRQHandler
                0x08001514                DMA1_Stream7_IRQHandler
                0x08001514                HRTIM1_TIMA_IRQHandler
                0x08001514                SPI5_IRQHandler
                0x08001514                TIM7_IRQHandler
                0x08001514                SDMMC1_IRQHandler
                0x08001514                TIM5_IRQHandler
                0x08001514                DMA2_Stream7_IRQHandler
                0x08001514                TIM15_IRQHandler
                0x08001514                PVD_AVD_IRQHandler
                0x08001514                I2C3_EV_IRQHandler
                0x08001514                EXTI9_5_IRQHandler
                0x08001514                RTC_WKUP_IRQHandler
                0x08001514                LTDC_IRQHandler
                0x08001514                SAI3_IRQHandler
                0x08001514                ETH_WKUP_IRQHandler
                0x08001514                SPDIF_RX_IRQHandler
                0x08001514                SPI2_IRQHandler
                0x08001514                OTG_HS_EP1_IN_IRQHandler
                0x08001514                DMA1_Stream0_IRQHandler
                0x08001514                CRS_IRQHandler
                0x08001514                CM7_SEV_IRQHandler
                0x08001514                EXTI4_IRQHandler
                0x08001514                CM4_SEV_IRQHandler
                0x08001514                HRTIM1_TIMB_IRQHandler
                0x08001514                FDCAN2_IT1_IRQHandler
                0x08001514                ETH_IRQHandler
                0x08001514                TIM1_UP_IRQHandler
                0x08001514                WWDG_RST_IRQHandler
                0x08001514                BDMA_Channel4_IRQHandler
                0x08001514                OTG_HS_EP1_OUT_IRQHandler
                0x08001514                WWDG_IRQHandler
                0x08001514                SPI6_IRQHandler
                0x08001514                MDIOS_IRQHandler
                0x08001514                I2C4_EV_IRQHandler
                0x08001514                FDCAN2_IT0_IRQHandler
                0x08001514                LPUART1_IRQHandler
                0x08001514                FDCAN1_IT0_IRQHandler
                0x08001514                OTG_FS_WKUP_IRQHandler
                0x08001514                OTG_HS_IRQHandler
                0x08001514                HSEM2_IRQHandler
                0x08001514                DMA2D_IRQHandler
                0x08001514                TIM1_BRK_IRQHandler
                0x08001514                EXTI1_IRQHandler
                0x08001514                SDMMC2_IRQHandler
                0x08001514                OTG_FS_EP1_OUT_IRQHandler
                0x08001514                BDMA_Channel3_IRQHandler
                0x08001514                HOLD_CORE_IRQHandler
                0x08001514                UART7_IRQHandler
                0x08001514                MDIOS_WKUP_IRQHandler
                0x08001514                USART2_IRQHandler
                0x08001514                DFSDM1_FLT0_IRQHandler
                0x08001514                SAI4_IRQHandler
                0x08001514                I2C2_ER_IRQHandler
                0x08001514                DMA2_Stream1_IRQHandler
                0x08001514                FLASH_IRQHandler
                0x08001514                DMA2_Stream4_IRQHandler
                0x08001514                USART1_IRQHandler
                0x08001514                OTG_FS_IRQHandler
                0x08001514                SPI3_IRQHandler
                0x08001514                WAKEUP_PIN_IRQHandler
                0x08001514                DMA1_Stream4_IRQHandler
                0x08001514                OTG_FS_EP1_IN_IRQHandler
                0x08001514                I2C1_ER_IRQHandler
                0x08001514                FMC_IRQHandler
                0x08001514                FDCAN_CAL_IRQHandler
                0x08001514                SWPMI1_IRQHandler
                0x08001514                COMP1_IRQHandler
                0x08001514                LPTIM1_IRQHandler
                0x08001514                I2C4_ER_IRQHandler
                0x08001514                DMA2_Stream6_IRQHandler
                0x08001514                SAI1_IRQHandler
                0x08001514                DMA1_Stream3_IRQHandler
 *fill*         0x08001516        0x2 
 .text.HAL_Init
                0x08001518       0x78 ./Drivers/STM32H7xx_HAL_Driver/stm32h7xx_hal.o
                0x08001518                HAL_Init
 .text.HAL_IncTick
                0x08001590       0x28 ./Drivers/STM32H7xx_HAL_Driver/stm32h7xx_hal.o
                0x08001590                HAL_IncTick
 .text.HAL_GetTick
                0x080015b8       0x18 ./Drivers/STM32H7xx_HAL_Driver/stm32h7xx_hal.o
                0x080015b8                HAL_GetTick
 .text.HAL_GetREVID
                0x080015d0       0x18 ./Drivers/STM32H7xx_HAL_Driver/stm32h7xx_hal.o
                0x080015d0                HAL_GetREVID
 .text.__NVIC_SetPriorityGrouping
                0x080015e8       0x48 ./Drivers/STM32H7xx_HAL_Driver/stm32h7xx_hal_cortex.o
 .text.__NVIC_GetPriorityGrouping
                0x08001630       0x1c ./Drivers/STM32H7xx_HAL_Driver/stm32h7xx_hal_cortex.o
 .text.__NVIC_EnableIRQ
                0x0800164c       0x3c ./Drivers/STM32H7xx_HAL_Driver/stm32h7xx_hal_cortex.o
 .text.__NVIC_SetPriority
                0x08001688       0x54 ./Drivers/STM32H7xx_HAL_Driver/stm32h7xx_hal_cortex.o
 .text.NVIC_EncodePriority
                0x080016dc       0x66 ./Drivers/STM32H7xx_HAL_Driver/stm32h7xx_hal_cortex.o
 .text.HAL_NVIC_SetPriorityGrouping
                0x08001742       0x16 ./Drivers/STM32H7xx_HAL_Driver/stm32h7xx_hal_cortex.o
                0x08001742                HAL_NVIC_SetPriorityGrouping
 .text.HAL_NVIC_SetPriority
                0x08001758       0x34 ./Drivers/STM32H7xx_HAL_Driver/stm32h7xx_hal_cortex.o
                0x08001758                HAL_NVIC_SetPriority
 .text.HAL_NVIC_EnableIRQ
                0x0800178c       0x1c ./Drivers/STM32H7xx_HAL_Driver/stm32h7xx_hal_cortex.o
                0x0800178c                HAL_NVIC_EnableIRQ
 .text.HAL_DMA_Abort
                0x080017a8      0x63c ./Drivers/STM32H7xx_HAL_Driver/stm32h7xx_hal_dma.o
                0x080017a8                HAL_DMA_Abort
 .text.HAL_DMA_Abort_IT
                0x08001de4      0x48c ./Drivers/STM32H7xx_HAL_Driver/stm32h7xx_hal_dma.o
                0x08001de4                HAL_DMA_Abort_IT
 .text.HAL_GPIO_Init
                0x08002270      0x360 ./Drivers/STM32H7xx_HAL_Driver/stm32h7xx_hal_gpio.o
                0x08002270                HAL_GPIO_Init
 .text.HAL_GPIO_WritePin
                0x080025d0       0x32 ./Drivers/STM32H7xx_HAL_Driver/stm32h7xx_hal_gpio.o
                0x080025d0                HAL_GPIO_WritePin
 .text.HAL_GPIO_TogglePin
                0x08002602       0x34 ./Drivers/STM32H7xx_HAL_Driver/stm32h7xx_hal_gpio.o
                0x08002602                HAL_GPIO_TogglePin
 .text.HAL_GPIO_EXTI_IRQHandler
                0x08002636       0x34 ./Drivers/STM32H7xx_HAL_Driver/stm32h7xx_hal_gpio.o
                0x08002636                HAL_GPIO_EXTI_IRQHandler
 *fill*         0x0800266a        0x2 
 .text.HAL_HSEM_FastTake
                0x0800266c       0x34 ./Drivers/STM32H7xx_HAL_Driver/stm32h7xx_hal_hsem.o
                0x0800266c                HAL_HSEM_FastTake
 .text.HAL_HSEM_Release
                0x080026a0       0x28 ./Drivers/STM32H7xx_HAL_Driver/stm32h7xx_hal_hsem.o
                0x080026a0                HAL_HSEM_Release
 .text.HAL_PWREx_ConfigSupply
                0x080026c8       0xb4 ./Drivers/STM32H7xx_HAL_Driver/stm32h7xx_hal_pwr_ex.o
                0x080026c8                HAL_PWREx_ConfigSupply
 .text.HAL_RCC_OscConfig
                0x0800277c      0x8b4 ./Drivers/STM32H7xx_HAL_Driver/stm32h7xx_hal_rcc.o
                0x0800277c                HAL_RCC_OscConfig
 .text.HAL_RCC_ClockConfig
                0x08003030      0x36c ./Drivers/STM32H7xx_HAL_Driver/stm32h7xx_hal_rcc.o
                0x08003030                HAL_RCC_ClockConfig
 .text.HAL_RCC_GetSysClockFreq
                0x0800339c      0x2f4 ./Drivers/STM32H7xx_HAL_Driver/stm32h7xx_hal_rcc.o
                0x0800339c                HAL_RCC_GetSysClockFreq
 .text.HAL_RCC_GetHCLKFreq
                0x08003690       0x60 ./Drivers/STM32H7xx_HAL_Driver/stm32h7xx_hal_rcc.o
                0x08003690                HAL_RCC_GetHCLKFreq
 .text.HAL_RCC_GetPCLK1Freq
                0x080036f0       0x2c ./Drivers/STM32H7xx_HAL_Driver/stm32h7xx_hal_rcc.o
                0x080036f0                HAL_RCC_GetPCLK1Freq
 .text.HAL_RCC_GetPCLK2Freq
                0x0800371c       0x2c ./Drivers/STM32H7xx_HAL_Driver/stm32h7xx_hal_rcc.o
                0x0800371c                HAL_RCC_GetPCLK2Freq
 .text.HAL_RCC_GetClockConfig
                0x08003748       0x84 ./Drivers/STM32H7xx_HAL_Driver/stm32h7xx_hal_rcc.o
                0x08003748                HAL_RCC_GetClockConfig
 .text.HAL_RCCEx_PeriphCLKConfig
                0x080037cc     0x1414 ./Drivers/STM32H7xx_HAL_Driver/stm32h7xx_hal_rcc_ex.o
                0x080037cc                HAL_RCCEx_PeriphCLKConfig
 .text.HAL_RCCEx_GetD3PCLK1Freq
                0x08004be0       0x2c ./Drivers/STM32H7xx_HAL_Driver/stm32h7xx_hal_rcc_ex.o
                0x08004be0                HAL_RCCEx_GetD3PCLK1Freq
 .text.HAL_RCCEx_GetPLL2ClockFreq
                0x08004c0c      0x2a8 ./Drivers/STM32H7xx_HAL_Driver/stm32h7xx_hal_rcc_ex.o
                0x08004c0c                HAL_RCCEx_GetPLL2ClockFreq
 .text.HAL_RCCEx_GetPLL3ClockFreq
                0x08004eb4      0x2a8 ./Drivers/STM32H7xx_HAL_Driver/stm32h7xx_hal_rcc_ex.o
                0x08004eb4                HAL_RCCEx_GetPLL3ClockFreq
 .text.RCCEx_PLL2_Config
                0x0800515c      0x164 ./Drivers/STM32H7xx_HAL_Driver/stm32h7xx_hal_rcc_ex.o
 .text.RCCEx_PLL3_Config
                0x080052c0      0x164 ./Drivers/STM32H7xx_HAL_Driver/stm32h7xx_hal_rcc_ex.o
 .text.HAL_TIM_Base_Init
                0x08005424       0xae ./Drivers/STM32H7xx_HAL_Driver/stm32h7xx_hal_tim.o
                0x08005424                HAL_TIM_Base_Init
 .text.HAL_TIM_Base_MspInit
                0x080054d2       0x14 ./Drivers/STM32H7xx_HAL_Driver/stm32h7xx_hal_tim.o
                0x080054d2                HAL_TIM_Base_MspInit
 *fill*         0x080054e6        0x2 
 .text.HAL_TIM_Base_Start_IT
                0x080054e8       0xf0 ./Drivers/STM32H7xx_HAL_Driver/stm32h7xx_hal_tim.o
                0x080054e8                HAL_TIM_Base_Start_IT
 .text.HAL_TIM_IRQHandler
                0x080055d8      0x20e ./Drivers/STM32H7xx_HAL_Driver/stm32h7xx_hal_tim.o
                0x080055d8                HAL_TIM_IRQHandler
 .text.HAL_TIM_OC_DelayElapsedCallback
                0x080057e6       0x14 ./Drivers/STM32H7xx_HAL_Driver/stm32h7xx_hal_tim.o
                0x080057e6                HAL_TIM_OC_DelayElapsedCallback
 .text.HAL_TIM_IC_CaptureCallback
                0x080057fa       0x14 ./Drivers/STM32H7xx_HAL_Driver/stm32h7xx_hal_tim.o
                0x080057fa                HAL_TIM_IC_CaptureCallback
 .text.HAL_TIM_PWM_PulseFinishedCallback
                0x0800580e       0x14 ./Drivers/STM32H7xx_HAL_Driver/stm32h7xx_hal_tim.o
                0x0800580e                HAL_TIM_PWM_PulseFinishedCallback
 .text.HAL_TIM_TriggerCallback
                0x08005822       0x14 ./Drivers/STM32H7xx_HAL_Driver/stm32h7xx_hal_tim.o
                0x08005822                HAL_TIM_TriggerCallback
 *fill*         0x08005836        0x2 
 .text.TIM_Base_SetConfig
                0x08005838      0x140 ./Drivers/STM32H7xx_HAL_Driver/stm32h7xx_hal_tim.o
                0x08005838                TIM_Base_SetConfig
 .text.HAL_TIMEx_CommutCallback
                0x08005978       0x14 ./Drivers/STM32H7xx_HAL_Driver/stm32h7xx_hal_tim_ex.o
                0x08005978                HAL_TIMEx_CommutCallback
 .text.HAL_TIMEx_BreakCallback
                0x0800598c       0x14 ./Drivers/STM32H7xx_HAL_Driver/stm32h7xx_hal_tim_ex.o
                0x0800598c                HAL_TIMEx_BreakCallback
 .text.HAL_TIMEx_Break2Callback
                0x080059a0       0x14 ./Drivers/STM32H7xx_HAL_Driver/stm32h7xx_hal_tim_ex.o
                0x080059a0                HAL_TIMEx_Break2Callback
 .text.HAL_UART_Init
                0x080059b4       0xa0 ./Drivers/STM32H7xx_HAL_Driver/stm32h7xx_hal_uart.o
                0x080059b4                HAL_UART_Init
 .text.HAL_UART_Transmit
                0x08005a54      0x11c ./Drivers/STM32H7xx_HAL_Driver/stm32h7xx_hal_uart.o
                0x08005a54                HAL_UART_Transmit
 .text.HAL_UART_Receive_IT
                0x08005b70       0x98 ./Drivers/STM32H7xx_HAL_Driver/stm32h7xx_hal_uart.o
                0x08005b70                HAL_UART_Receive_IT
 .text.HAL_UART_IRQHandler
                0x08005c08      0x7ac ./Drivers/STM32H7xx_HAL_Driver/stm32h7xx_hal_uart.o
                0x08005c08                HAL_UART_IRQHandler
 .text.HAL_UART_TxCpltCallback
                0x080063b4       0x14 ./Drivers/STM32H7xx_HAL_Driver/stm32h7xx_hal_uart.o
                0x080063b4                HAL_UART_TxCpltCallback
 .text.HAL_UART_ErrorCallback
                0x080063c8       0x14 ./Drivers/STM32H7xx_HAL_Driver/stm32h7xx_hal_uart.o
                0x080063c8                HAL_UART_ErrorCallback
 .text.HAL_UARTEx_RxEventCallback
                0x080063dc       0x18 ./Drivers/STM32H7xx_HAL_Driver/stm32h7xx_hal_uart.o
                0x080063dc                HAL_UARTEx_RxEventCallback
 .text.UART_SetConfig
                0x080063f4      0xad0 ./Drivers/STM32H7xx_HAL_Driver/stm32h7xx_hal_uart.o
                0x080063f4                UART_SetConfig
 .text.UART_AdvFeatureConfig
                0x08006ec4      0x144 ./Drivers/STM32H7xx_HAL_Driver/stm32h7xx_hal_uart.o
                0x08006ec4                UART_AdvFeatureConfig
 .text.UART_CheckIdleState
                0x08007008      0x154 ./Drivers/STM32H7xx_HAL_Driver/stm32h7xx_hal_uart.o
                0x08007008                UART_CheckIdleState
 .text.UART_WaitOnFlagUntilTimeout
                0x0800715c       0xda ./Drivers/STM32H7xx_HAL_Driver/stm32h7xx_hal_uart.o
                0x0800715c                UART_WaitOnFlagUntilTimeout
 *fill*         0x08007236        0x2 
 .text.UART_Start_Receive_IT
                0x08007238      0x244 ./Drivers/STM32H7xx_HAL_Driver/stm32h7xx_hal_uart.o
                0x08007238                UART_Start_Receive_IT
 .text.UART_EndRxTransfer
                0x0800747c       0xcc ./Drivers/STM32H7xx_HAL_Driver/stm32h7xx_hal_uart.o
 .text.UART_DMAAbortOnError
                0x08007548       0x24 ./Drivers/STM32H7xx_HAL_Driver/stm32h7xx_hal_uart.o
 .text.UART_EndTransmit_IT
                0x0800756c       0x56 ./Drivers/STM32H7xx_HAL_Driver/stm32h7xx_hal_uart.o
 *fill*         0x080075c2        0x2 
 .text.UART_RxISR_8BIT
                0x080075c4      0x1b8 ./Drivers/STM32H7xx_HAL_Driver/stm32h7xx_hal_uart.o
 .text.UART_RxISR_16BIT
                0x0800777c      0x1b8 ./Drivers/STM32H7xx_HAL_Driver/stm32h7xx_hal_uart.o
 .text.UART_RxISR_8BIT_FIFOEN
                0x08007934      0x364 ./Drivers/STM32H7xx_HAL_Driver/stm32h7xx_hal_uart.o
 .text.UART_RxISR_16BIT_FIFOEN
                0x08007c98      0x36c ./Drivers/STM32H7xx_HAL_Driver/stm32h7xx_hal_uart.o
 .text.HAL_UARTEx_WakeupCallback
                0x08008004       0x14 ./Drivers/STM32H7xx_HAL_Driver/stm32h7xx_hal_uart_ex.o
                0x08008004                HAL_UARTEx_WakeupCallback
 .text.HAL_UARTEx_RxFifoFullCallback
                0x08008018       0x14 ./Drivers/STM32H7xx_HAL_Driver/stm32h7xx_hal_uart_ex.o
                0x08008018                HAL_UARTEx_RxFifoFullCallback
 .text.HAL_UARTEx_TxFifoEmptyCallback
                0x0800802c       0x14 ./Drivers/STM32H7xx_HAL_Driver/stm32h7xx_hal_uart_ex.o
                0x0800802c                HAL_UARTEx_TxFifoEmptyCallback
 .text.HAL_UARTEx_DisableFifoMode
                0x08008040       0x72 ./Drivers/STM32H7xx_HAL_Driver/stm32h7xx_hal_uart_ex.o
                0x08008040                HAL_UARTEx_DisableFifoMode
 .text.HAL_UARTEx_SetTxFifoThreshold
                0x080080b2       0x7c ./Drivers/STM32H7xx_HAL_Driver/stm32h7xx_hal_uart_ex.o
                0x080080b2                HAL_UARTEx_SetTxFifoThreshold
 .text.HAL_UARTEx_SetRxFifoThreshold
                0x0800812e       0x7c ./Drivers/STM32H7xx_HAL_Driver/stm32h7xx_hal_uart_ex.o
                0x0800812e                HAL_UARTEx_SetRxFifoThreshold
 *fill*         0x080081aa        0x2 
 .text.UARTEx_SetNbDataToProcess
                0x080081ac       0x9c ./Drivers/STM32H7xx_HAL_Driver/stm32h7xx_hal_uart_ex.o
 .text.__NVIC_SetPriority
                0x08008248       0x54 ./Middlewares/Third_Party/FreeRTOS/cmsis_os2.o
 .text.SysTick_Handler
                0x0800829c       0x20 ./Middlewares/Third_Party/FreeRTOS/cmsis_os2.o
                0x0800829c                SysTick_Handler
 .text.SVC_Setup
                0x080082bc       0x12 ./Middlewares/Third_Party/FreeRTOS/cmsis_os2.o
 *fill*         0x080082ce        0x2 
 .text.osKernelInitialize
                0x080082d0       0x48 ./Middlewares/Third_Party/FreeRTOS/cmsis_os2.o
                0x080082d0                osKernelInitialize
 .text.osKernelStart
                0x08008318       0x4c ./Middlewares/Third_Party/FreeRTOS/cmsis_os2.o
                0x08008318                osKernelStart
 .text.osThreadNew
                0x08008364      0x124 ./Middlewares/Third_Party/FreeRTOS/cmsis_os2.o
                0x08008364                osThreadNew
 .text.osDelay  0x08008488       0x36 ./Middlewares/Third_Party/FreeRTOS/cmsis_os2.o
                0x08008488                osDelay
 .text.osSemaphoreNew
                0x080084be      0x112 ./Middlewares/Third_Party/FreeRTOS/cmsis_os2.o
                0x080084be                osSemaphoreNew
 .text.osSemaphoreAcquire
                0x080085d0       0xa4 ./Middlewares/Third_Party/FreeRTOS/cmsis_os2.o
                0x080085d0                osSemaphoreAcquire
 .text.osSemaphoreRelease
                0x08008674       0x88 ./Middlewares/Third_Party/FreeRTOS/cmsis_os2.o
                0x08008674                osSemaphoreRelease
 .text.osMessageQueueNew
                0x080086fc       0xe6 ./Middlewares/Third_Party/FreeRTOS/cmsis_os2.o
                0x080086fc                osMessageQueueNew
 *fill*         0x080087e2        0x2 
 .text.osMessageQueuePut
                0x080087e4       0xc0 ./Middlewares/Third_Party/FreeRTOS/cmsis_os2.o
                0x080087e4                osMessageQueuePut
 .text.osMessageQueueGet
                0x080088a4       0xbc ./Middlewares/Third_Party/FreeRTOS/cmsis_os2.o
                0x080088a4                osMessageQueueGet
 .text.vApplicationGetIdleTaskMemory
                0x08008960       0x34 ./Middlewares/Third_Party/FreeRTOS/cmsis_os2.o
                0x08008960                vApplicationGetIdleTaskMemory
 .text.vApplicationGetTimerTaskMemory
                0x08008994       0x34 ./Middlewares/Third_Party/FreeRTOS/cmsis_os2.o
                0x08008994                vApplicationGetTimerTaskMemory
 .text.pvPortMalloc
                0x080089c8      0x19c ./Middlewares/Third_Party/FreeRTOS/heap_4.o
                0x080089c8                pvPortMalloc
 .text.vPortFree
                0x08008b64       0xc8 ./Middlewares/Third_Party/FreeRTOS/heap_4.o
                0x08008b64                vPortFree
 .text.prvHeapInit
                0x08008c2c       0xc4 ./Middlewares/Third_Party/FreeRTOS/heap_4.o
 .text.prvInsertBlockIntoFreeList
                0x08008cf0       0xb4 ./Middlewares/Third_Party/FreeRTOS/heap_4.o
 .text.vListInitialise
                0x08008da4       0x40 ./Middlewares/Third_Party/FreeRTOS/list.o
                0x08008da4                vListInitialise
 .text.vListInitialiseItem
                0x08008de4       0x1a ./Middlewares/Third_Party/FreeRTOS/list.o
                0x08008de4                vListInitialiseItem
 .text.vListInsertEnd
                0x08008dfe       0x48 ./Middlewares/Third_Party/FreeRTOS/list.o
                0x08008dfe                vListInsertEnd
 .text.vListInsert
                0x08008e46       0x72 ./Middlewares/Third_Party/FreeRTOS/list.o
                0x08008e46                vListInsert
 .text.uxListRemove
                0x08008eb8       0x54 ./Middlewares/Third_Party/FreeRTOS/list.o
                0x08008eb8                uxListRemove
 .text.pxPortInitialiseStack
                0x08008f0c       0x68 ./Middlewares/Third_Party/FreeRTOS/port.o
                0x08008f0c                pxPortInitialiseStack
 .text.prvTaskExitError
                0x08008f74       0x5c ./Middlewares/Third_Party/FreeRTOS/port.o
 .text.SVC_Handler
                0x08008fd0       0x28 ./Middlewares/Third_Party/FreeRTOS/port.o
                0x08008fd0                SVC_Handler
 .text.prvPortStartFirstTask
                0x08008ff8       0x28 ./Middlewares/Third_Party/FreeRTOS/port.o
 .text.xPortStartScheduler
                0x08009020      0x148 ./Middlewares/Third_Party/FreeRTOS/port.o
                0x08009020                xPortStartScheduler
 .text.vPortEnterCritical
                0x08009168       0x64 ./Middlewares/Third_Party/FreeRTOS/port.o
                0x08009168                vPortEnterCritical
 .text.vPortExitCritical
                0x080091cc       0x54 ./Middlewares/Third_Party/FreeRTOS/port.o
                0x080091cc                vPortExitCritical
 .text.PendSV_Handler
                0x08009220       0x68 ./Middlewares/Third_Party/FreeRTOS/port.o
                0x08009220                PendSV_Handler
 .text.xPortSysTickHandler
                0x08009288       0x44 ./Middlewares/Third_Party/FreeRTOS/port.o
                0x08009288                xPortSysTickHandler
 .text.vPortSetupTimerInterrupt
                0x080092cc       0x48 ./Middlewares/Third_Party/FreeRTOS/port.o
                0x080092cc                vPortSetupTimerInterrupt
 .text.vPortEnableVFP
                0x08009314       0x14 ./Middlewares/Third_Party/FreeRTOS/port.o
 .text.vPortValidateInterruptPriority
                0x08009328       0x84 ./Middlewares/Third_Party/FreeRTOS/port.o
                0x08009328                vPortValidateInterruptPriority
 .text.xQueueGenericReset
                0x080093ac       0xd4 ./Middlewares/Third_Party/FreeRTOS/queue.o
                0x080093ac                xQueueGenericReset
 .text.xQueueGenericCreateStatic
                0x08009480       0xfa ./Middlewares/Third_Party/FreeRTOS/queue.o
                0x08009480                xQueueGenericCreateStatic
 .text.xQueueGenericCreate
                0x0800957a       0x76 ./Middlewares/Third_Party/FreeRTOS/queue.o
                0x0800957a                xQueueGenericCreate
 .text.prvInitialiseNewQueue
                0x080095f0       0x46 ./Middlewares/Third_Party/FreeRTOS/queue.o
 .text.xQueueCreateCountingSemaphoreStatic
                0x08009636       0x72 ./Middlewares/Third_Party/FreeRTOS/queue.o
                0x08009636                xQueueCreateCountingSemaphoreStatic
 .text.xQueueCreateCountingSemaphore
                0x080096a8       0x6a ./Middlewares/Third_Party/FreeRTOS/queue.o
                0x080096a8                xQueueCreateCountingSemaphore
 *fill*         0x08009712        0x2 
 .text.xQueueGenericSend
                0x08009714      0x204 ./Middlewares/Third_Party/FreeRTOS/queue.o
                0x08009714                xQueueGenericSend
 .text.xQueueGenericSendFromISR
                0x08009918      0x13c ./Middlewares/Third_Party/FreeRTOS/queue.o
                0x08009918                xQueueGenericSendFromISR
 .text.xQueueGiveFromISR
                0x08009a54      0x120 ./Middlewares/Third_Party/FreeRTOS/queue.o
                0x08009a54                xQueueGiveFromISR
 .text.xQueueReceive
                0x08009b74      0x1c4 ./Middlewares/Third_Party/FreeRTOS/queue.o
                0x08009b74                xQueueReceive
 .text.xQueueSemaphoreTake
                0x08009d38      0x220 ./Middlewares/Third_Party/FreeRTOS/queue.o
                0x08009d38                xQueueSemaphoreTake
 .text.xQueueReceiveFromISR
                0x08009f58      0x104 ./Middlewares/Third_Party/FreeRTOS/queue.o
                0x08009f58                xQueueReceiveFromISR
 .text.vQueueDelete
                0x0800a05c       0x48 ./Middlewares/Third_Party/FreeRTOS/queue.o
                0x0800a05c                vQueueDelete
 .text.prvGetDisinheritPriorityAfterTimeout
                0x0800a0a4       0x30 ./Middlewares/Third_Party/FreeRTOS/queue.o
 .text.prvCopyDataToQueue
                0x0800a0d4       0xd4 ./Middlewares/Third_Party/FreeRTOS/queue.o
 .text.prvCopyDataFromQueue
                0x0800a1a8       0x4c ./Middlewares/Third_Party/FreeRTOS/queue.o
 .text.prvUnlockQueue
                0x0800a1f4       0xa4 ./Middlewares/Third_Party/FreeRTOS/queue.o
 .text.prvIsQueueEmpty
                0x0800a298       0x2c ./Middlewares/Third_Party/FreeRTOS/queue.o
 .text.prvIsQueueFull
                0x0800a2c4       0x30 ./Middlewares/Third_Party/FreeRTOS/queue.o
 .text.vQueueAddToRegistry
                0x0800a2f4       0x54 ./Middlewares/Third_Party/FreeRTOS/queue.o
                0x0800a2f4                vQueueAddToRegistry
 .text.vQueueUnregisterQueue
                0x0800a348       0x54 ./Middlewares/Third_Party/FreeRTOS/queue.o
                0x0800a348                vQueueUnregisterQueue
 .text.vQueueWaitForMessageRestricted
                0x0800a39c       0x68 ./Middlewares/Third_Party/FreeRTOS/queue.o
                0x0800a39c                vQueueWaitForMessageRestricted
 .text.xTaskCreateStatic
                0x0800a404       0xc0 ./Middlewares/Third_Party/FreeRTOS/tasks.o
                0x0800a404                xTaskCreateStatic
 .text.xTaskCreate
                0x0800a4c4       0x8a ./Middlewares/Third_Party/FreeRTOS/tasks.o
                0x0800a4c4                xTaskCreate
 .text.prvInitialiseNewTask
                0x0800a54e      0x120 ./Middlewares/Third_Party/FreeRTOS/tasks.o
 *fill*         0x0800a66e        0x2 
 .text.prvAddNewTaskToReadyList
                0x0800a670       0xe0 ./Middlewares/Third_Party/FreeRTOS/tasks.o
 .text.vTaskDelay
                0x0800a750       0x6c ./Middlewares/Third_Party/FreeRTOS/tasks.o
                0x0800a750                vTaskDelay
 .text.vTaskStartScheduler
                0x0800a7bc       0xd0 ./Middlewares/Third_Party/FreeRTOS/tasks.o
                0x0800a7bc                vTaskStartScheduler
 .text.vTaskSuspendAll
                0x0800a88c       0x1c ./Middlewares/Third_Party/FreeRTOS/tasks.o
                0x0800a88c                vTaskSuspendAll
 .text.xTaskResumeAll
                0x0800a8a8      0x13c ./Middlewares/Third_Party/FreeRTOS/tasks.o
                0x0800a8a8                xTaskResumeAll
 .text.xTaskGetTickCount
                0x0800a9e4       0x20 ./Middlewares/Third_Party/FreeRTOS/tasks.o
                0x0800a9e4                xTaskGetTickCount
 .text.xTaskIncrementTick
                0x0800aa04      0x174 ./Middlewares/Third_Party/FreeRTOS/tasks.o
                0x0800aa04                xTaskIncrementTick
 .text.vTaskSwitchContext
                0x0800ab78       0xbc ./Middlewares/Third_Party/FreeRTOS/tasks.o
                0x0800ab78                vTaskSwitchContext
 .text.vTaskPlaceOnEventList
                0x0800ac34       0x4c ./Middlewares/Third_Party/FreeRTOS/tasks.o
                0x0800ac34                vTaskPlaceOnEventList
 .text.vTaskPlaceOnEventListRestricted
                0x0800ac80       0x58 ./Middlewares/Third_Party/FreeRTOS/tasks.o
                0x0800ac80                vTaskPlaceOnEventListRestricted
 .text.xTaskRemoveFromEventList
                0x0800acd8       0xc8 ./Middlewares/Third_Party/FreeRTOS/tasks.o
                0x0800acd8                xTaskRemoveFromEventList
 .text.vTaskInternalSetTimeOutState
                0x0800ada0       0x2c ./Middlewares/Third_Party/FreeRTOS/tasks.o
                0x0800ada0                vTaskInternalSetTimeOutState
 .text.xTaskCheckForTimeOut
                0x0800adcc       0xc8 ./Middlewares/Third_Party/FreeRTOS/tasks.o
                0x0800adcc                xTaskCheckForTimeOut
 .text.vTaskMissedYield
                0x0800ae94       0x18 ./Middlewares/Third_Party/FreeRTOS/tasks.o
                0x0800ae94                vTaskMissedYield
 .text.prvIdleTask
                0x0800aeac       0x30 ./Middlewares/Third_Party/FreeRTOS/tasks.o
 .text.prvInitialiseTaskLists
                0x0800aedc       0x80 ./Middlewares/Third_Party/FreeRTOS/tasks.o
 .text.prvCheckTasksWaitingTermination
                0x0800af5c       0x5c ./Middlewares/Third_Party/FreeRTOS/tasks.o
 .text.prvDeleteTCB
                0x0800afb8       0x60 ./Middlewares/Third_Party/FreeRTOS/tasks.o
 .text.prvResetNextTaskUnblockTime
                0x0800b018       0x40 ./Middlewares/Third_Party/FreeRTOS/tasks.o
 .text.xTaskGetSchedulerState
                0x0800b058       0x3c ./Middlewares/Third_Party/FreeRTOS/tasks.o
                0x0800b058                xTaskGetSchedulerState
 .text.xTaskPriorityInherit
                0x0800b094       0xd0 ./Middlewares/Third_Party/FreeRTOS/tasks.o
                0x0800b094                xTaskPriorityInherit
 .text.xTaskPriorityDisinherit
                0x0800b164       0xe0 ./Middlewares/Third_Party/FreeRTOS/tasks.o
                0x0800b164                xTaskPriorityDisinherit
 .text.vTaskPriorityDisinheritAfterTimeout
                0x0800b244      0x108 ./Middlewares/Third_Party/FreeRTOS/tasks.o
                0x0800b244                vTaskPriorityDisinheritAfterTimeout
 .text.pvTaskIncrementMutexHeldCount
                0x0800b34c       0x28 ./Middlewares/Third_Party/FreeRTOS/tasks.o
                0x0800b34c                pvTaskIncrementMutexHeldCount
 .text.prvAddCurrentTaskToDelayedList
                0x0800b374       0xa8 ./Middlewares/Third_Party/FreeRTOS/tasks.o
 .text.xTimerCreateTimerTask
                0x0800b41c       0x94 ./Middlewares/Third_Party/FreeRTOS/timers.o
                0x0800b41c                xTimerCreateTimerTask
 .text.xTimerGenericCommand
                0x0800b4b0       0x9c ./Middlewares/Third_Party/FreeRTOS/timers.o
                0x0800b4b0                xTimerGenericCommand
 .text.prvProcessExpiredTimer
                0x0800b54c       0x9c ./Middlewares/Third_Party/FreeRTOS/timers.o
 .text.prvTimerTask
                0x0800b5e8       0x26 ./Middlewares/Third_Party/FreeRTOS/timers.o
 *fill*         0x0800b60e        0x2 
 .text.prvProcessTimerOrBlockTask
                0x0800b610       0x9c ./Middlewares/Third_Party/FreeRTOS/timers.o
 .text.prvGetNextExpireTime
                0x0800b6ac       0x48 ./Middlewares/Third_Party/FreeRTOS/timers.o
 .text.prvSampleTimeNow
                0x0800b6f4       0x40 ./Middlewares/Third_Party/FreeRTOS/timers.o
 .text.prvInsertTimerInActiveList
                0x0800b734       0x84 ./Middlewares/Third_Party/FreeRTOS/timers.o
 .text.prvProcessReceivedCommands
                0x0800b7b8      0x1cc ./Middlewares/Third_Party/FreeRTOS/timers.o
 .text.prvSwitchTimerLists
                0x0800b984       0xcc ./Middlewares/Third_Party/FreeRTOS/timers.o
 .text.prvCheckForValidListAndQueue
                0x0800ba50       0x80 ./Middlewares/Third_Party/FreeRTOS/timers.o
 .text.sprintf  0x0800bad0       0x44 /opt/st/stm32cubeide_2.0.0/plugins/com.st.stm32cube.ide.mcu.externaltools.gnu-tools-for-stm32.13.3.rel1.linux64_1.0.100.202509120712/tools/bin/../lib/gcc/arm-none-eabi/13.3.1/../../../../arm-none-eabi/lib/thumb/v7e-m+dp/hard/libc_nano.a(libc_a-sprintf.o)
                0x0800bad0                sprintf
                0x0800bad0                siprintf
 .text.memset   0x0800bb14       0x10 /opt/st/stm32cubeide_2.0.0/plugins/com.st.stm32cube.ide.mcu.externaltools.gnu-tools-for-stm32.13.3.rel1.linux64_1.0.100.202509120712/tools/bin/../lib/gcc/arm-none-eabi/13.3.1/../../../../arm-none-eabi/lib/thumb/v7e-m+dp/hard/libc_nano.a(libc_a-memset.o)
                0x0800bb14                memset
 .text.strncpy  0x0800bb24       0x26 /opt/st/stm32cubeide_2.0.0/plugins/com.st.stm32cube.ide.mcu.externaltools.gnu-tools-for-stm32.13.3.rel1.linux64_1.0.100.202509120712/tools/bin/../lib/gcc/arm-none-eabi/13.3.1/../../../../arm-none-eabi/lib/thumb/v7e-m+dp/hard/libc_nano.a(libc_a-strncpy.o)
                0x0800bb24                strncpy
 *fill*         0x0800bb4a        0x2 
 .text.__errno  0x0800bb4c        0xc /opt/st/stm32cubeide_2.0.0/plugins/com.st.stm32cube.ide.mcu.externaltools.gnu-tools-for-stm32.13.3.rel1.linux64_1.0.100.202509120712/tools/bin/../lib/gcc/arm-none-eabi/13.3.1/../../../../arm-none-eabi/lib/thumb/v7e-m+dp/hard/libc_nano.a(libc_a-errno.o)
                0x0800bb4c                __errno
 .text.__libc_init_array
                0x0800bb58       0x48 /opt/st/stm32cubeide_2.0.0/plugins/com.st.stm32cube.ide.mcu.externaltools.gnu-tools-for-stm32.13.3.rel1.linux64_1.0.100.202509120712/tools/bin/../lib/gcc/arm-none-eabi/13.3.1/../../../../arm-none-eabi/lib/thumb/v7e-m+dp/hard/libc_nano.a(libc_a-init.o)
                0x0800bb58                __libc_init_array
 .text.__retarget_lock_acquire_recursive
                0x0800bba0        0x2 /opt/st/stm32cubeide_2.0.0/plugins/com.st.stm32cube.ide.mcu.externaltools.gnu-tools-for-stm32.13.3.rel1.linux64_1.0.100.202509120712/tools/bin/../lib/gcc/arm-none-eabi/13.3.1/../../../../arm-none-eabi/lib/thumb/v7e-m+dp/hard/libc_nano.a(libc_a-lock.o)
                0x0800bba0                __retarget_lock_acquire_recursive
 .text.__retarget_lock_release_recursive
                0x0800bba2        0x2 /opt/st/stm32cubeide_2.0.0/plugins/com.st.stm32cube.ide.mcu.externaltools.gnu-tools-for-stm32.13.3.rel1.linux64_1.0.100.202509120712/tools/bin/../lib/gcc/arm-none-eabi/13.3.1/../../../../arm-none-eabi/lib/thumb/v7e-m+dp/hard/libc_nano.a(libc_a-lock.o)
                0x0800bba2                __retarget_lock_release_recursive
 .text.memcpy   0x0800bba4       0x1c /opt/st/stm32cubeide_2.0.0/plugins/com.st.stm32cube.ide.mcu.externaltools.gnu-tools-for-stm32.13.3.rel1.linux64_1.0.100.202509120712/tools/bin/../lib/gcc/arm-none-eabi/13.3.1/../../../../arm-none-eabi/lib/thumb/v7e-m+dp/hard/libc_nano.a(libc_a-memcpy-stub.o)
                0x0800bba4                memcpy
 .text._free_r  0x0800bbc0       0x94 /opt/st/stm32cubeide_2.0.0/plugins/com.st.stm32cube.ide.mcu.externaltools.gnu-tools-for-stm32.13.3.rel1.linux64_1.0.100.202509120712/tools/bin/../lib/gcc/arm-none-eabi/13.3.1/../../../../arm-none-eabi/lib/thumb/v7e-m+dp/hard/libc_nano.a(libc_a-freer.o)
                0x0800bbc0                _free_r
 .text.sbrk_aligned
                0x0800bc54       0x44 /opt/st/stm32cubeide_2.0.0/plugins/com.st.stm32cube.ide.mcu.externaltools.gnu-tools-for-stm32.13.3.rel1.linux64_1.0.100.202509120712/tools/bin/../lib/gcc/arm-none-eabi/13.3.1/../../../../arm-none-eabi/lib/thumb/v7e-m+dp/hard/libc_nano.a(libc_a-mallocr.o)
 .text._malloc_r
                0x0800bc98      0x100 /opt/st/stm32cubeide_2.0.0/plugins/com.st.stm32cube.ide.mcu.externaltools.gnu-tools-for-stm32.13.3.rel1.linux64_1.0.100.202509120712/tools/bin/../lib/gcc/arm-none-eabi/13.3.1/../../../../arm-none-eabi/lib/thumb/v7e-m+dp/hard/libc_nano.a(libc_a-mallocr.o)
                0x0800bc98                _malloc_r
 .text.__malloc_lock
                0x0800bd98        0xc /opt/st/stm32cubeide_2.0.0/plugins/com.st.stm32cube.ide.mcu.externaltools.gnu-tools-for-stm32.13.3.rel1.linux64_1.0.100.202509120712/tools/bin/../lib/gcc/arm-none-eabi/13.3.1/../../../../arm-none-eabi/lib/thumb/v7e-m+dp/hard/libc_nano.a(libc_a-mlock.o)
                0x0800bd98                __malloc_lock
 .text.__malloc_unlock
                0x0800bda4        0xc /opt/st/stm32cubeide_2.0.0/plugins/com.st.stm32cube.ide.mcu.externaltools.gnu-tools-for-stm32.13.3.rel1.linux64_1.0.100.202509120712/tools/bin/../lib/gcc/arm-none-eabi/13.3.1/../../../../arm-none-eabi/lib/thumb/v7e-m+dp/hard/libc_nano.a(libc_a-mlock.o)
                0x0800bda4                __malloc_unlock
 .text.__ssputs_r
                0x0800bdb0       0xb6 /opt/st/stm32cubeide_2.0.0/plugins/com.st.stm32cube.ide.mcu.externaltools.gnu-tools-for-stm32.13.3.rel1.linux64_1.0.100.202509120712/tools/bin/../lib/gcc/arm-none-eabi/13.3.1/../../../../arm-none-eabi/lib/thumb/v7e-m+dp/hard/libc_nano.a(libc_a-nano-svfprintf.o)
                0x0800bdb0                __ssputs_r
 *fill*         0x0800be66        0x2 
 .text._svfprintf_r
                0x0800be68      0x1f8 /opt/st/stm32cubeide_2.0.0/plugins/com.st.stm32cube.ide.mcu.externaltools.gnu-tools-for-stm32.13.3.rel1.linux64_1.0.100.202509120712/tools/bin/../lib/gcc/arm-none-eabi/13.3.1/../../../../arm-none-eabi/lib/thumb/v7e-m+dp/hard/libc_nano.a(libc_a-nano-svfprintf.o)
                0x0800be68                _svfprintf_r
                0x0800be68                _svfiprintf_r
 .text._printf_common
                0x0800c060       0xda /opt/st/stm32cubeide_2.0.0/plugins/com.st.stm32cube.ide.mcu.externaltools.gnu-tools-for-stm32.13.3.rel1.linux64_1.0.100.202509120712/tools/bin/../lib/gcc/arm-none-eabi/13.3.1/../../../../arm-none-eabi/lib/thumb/v7e-m+dp/hard/libc_nano.a(libc_a-nano-vfprintf_i.o)
                0x0800c060                _printf_common
 *fill*         0x0800c13a        0x2 
 .text._printf_i
                0x0800c13c      0x23c /opt/st/stm32cubeide_2.0.0/plugins/com.st.stm32cube.ide.mcu.externaltools.gnu-tools-for-stm32.13.3.rel1.linux64_1.0.100.202509120712/tools/bin/../lib/gcc/arm-none-eabi/13.3.1/../../../../arm-none-eabi/lib/thumb/v7e-m+dp/hard/libc_nano.a(libc_a-nano-vfprintf_i.o)
                0x0800c13c                _printf_i
 .text.memmove  0x0800c378       0x34 /opt/st/stm32cubeide_2.0.0/plugins/com.st.stm32cube.ide.mcu.externaltools.gnu-tools-for-stm32.13.3.rel1.linux64_1.0.100.202509120712/tools/bin/../lib/gcc/arm-none-eabi/13.3.1/../../../../arm-none-eabi/lib/thumb/v7e-m+dp/hard/libc_nano.a(libc_a-memmove.o)
                0x0800c378                memmove
 .text._sbrk_r  0x0800c3ac       0x20 /opt/st/stm32cubeide_2.0.0/plugins/com.st.stm32cube.ide.mcu.externaltools.gnu-tools-for-stm32.13.3.rel1.linux64_1.0.100.202509120712/tools/bin/../lib/gcc/arm-none-eabi/13.3.1/../../../../arm-none-eabi/lib/thumb/v7e-m+dp/hard/libc_nano.a(libc_a-sbrkr.o)
                0x0800c3ac                _sbrk_r
 .text._realloc_r
                0x0800c3cc       0x5c /opt/st/stm32cubeide_2.0.0/plugins/com.st.stm32cube.ide.mcu.externaltools.gnu-tools-for-stm32.13.3.rel1.linux64_1.0.100.202509120712/tools/bin/../lib/gcc/arm-none-eabi/13.3.1/../../../../arm-none-eabi/lib/thumb/v7e-m+dp/hard/libc_nano.a(libc_a-reallocr.o)
                0x0800c3cc                _realloc_r
 .text._malloc_usable_size_r
                0x0800c428       0x10 /opt/st/stm32cubeide_2.0.0/plugins/com.st.stm32cube.ide.mcu.externaltools.gnu-tools-for-stm32.13.3.rel1.linux64_1.0.100.202509120712/tools/bin/../lib/gcc/arm-none-eabi/13.3.1/../../../../arm-none-eabi/lib/thumb/v7e-m+dp/hard/libc_nano.a(libc_a-msizer.o)
                0x0800c428                _malloc_usable_size_r
 *(.glue_7)
 .glue_7        0x0800c438        0x0 linker stubs
 *(.glue_7t)
 .glue_7t       0x0800c438        0x0 linker stubs
 *(.eh_frame)
 .eh_frame      0x0800c438        0x0 /opt/st/stm32cubeide_2.0.0/plugins/com.st.stm32cube.ide.mcu.externaltools.gnu-tools-for-stm32.13.3.rel1.linux64_1.0.100.202509120712/tools/bin/../lib/gcc/arm-none-eabi/13.3.1/thumb/v7e-m+dp/hard/crtbegin.o
 *(.init)
 .init          0x0800c438        0x4 /opt/st/stm32cubeide_2.0.0/plugins/com.st.stm32cube.ide.mcu.externaltools.gnu-tools-for-stm32.13.3.rel1.linux64_1.0.100.202509120712/tools/bin/../lib/gcc/arm-none-eabi/13.3.1/thumb/v7e-m+dp/hard/crti.o
                0x0800c438                _init
 .init          0x0800c43c        0x8 /opt/st/stm32cubeide_2.0.0/plugins/com.st.stm32cube.ide.mcu.externaltools.gnu-tools-for-stm32.13.3.rel1.linux64_1.0.100.202509120712/tools/bin/../lib/gcc/arm-none-eabi/13.3.1/thumb/v7e-m+dp/hard/crtn.o
 *(.fini)
 .fini          0x0800c444        0x4 /opt/st/stm32cubeide_2.0.0/plugins/com.st.stm32cube.ide.mcu.externaltools.gnu-tools-for-stm32.13.3.rel1.linux64_1.0.100.202509120712/tools/bin/../lib/gcc/arm-none-eabi/13.3.1/thumb/v7e-m+dp/hard/crti.o
                0x0800c444                _fini
 .fini          0x0800c448        0x8 /opt/st/stm32cubeide_2.0.0/plugins/com.st.stm32cube.ide.mcu.externaltools.gnu-tools-for-stm32.13.3.rel1.linux64_1.0.100.202509120712/tools/bin/../lib/gcc/arm-none-eabi/13.3.1/thumb/v7e-m+dp/hard/crtn.o
                0x0800c450                        . = ALIGN (0x4)
                0x0800c450                        _etext = .

.vfp11_veneer   0x0800c450        0x0
 .vfp11_veneer  0x0800c450        0x0 linker stubs

.v4_bx          0x0800c450        0x0
 .v4_bx         0x0800c450        0x0 linker stubs

.iplt           0x0800c450        0x0
 .iplt          0x0800c450        0x0 /opt/st/stm32cubeide_2.0.0/plugins/com.st.stm32cube.ide.mcu.externaltools.gnu-tools-for-stm32.13.3.rel1.linux64_1.0.100.202509120712/tools/bin/../lib/gcc/arm-none-eabi/13.3.1/thumb/v7e-m+dp/hard/crtbegin.o

.rodata         0x0800c450      0x3d4
                0x0800c450                        . = ALIGN (0x4)
 *(.rodata)
 .rodata        0x0800c450      0x12c ./Core/Src/main.o
 .rodata        0x0800c57c       0x15 ./Core/Src/myBuffer.o
 *fill*         0x0800c591        0x3 
 .rodata        0x0800c594        0x5 ./Middlewares/Third_Party/FreeRTOS/tasks.o
 *fill*         0x0800c599        0x3 
 .rodata        0x0800c59c        0xd ./Middlewares/Third_Party/FreeRTOS/timers.o
 *(.rodata*)
 *fill*         0x0800c5a9        0x3 
 .rodata.D1CorePrescTable
                0x0800c5ac       0x10 ./Common/Src/system_stm32h7xx_dualcore_boot_cm4_cm7.o
                0x0800c5ac                D1CorePrescTable
 .rodata.defaultTask_attributes
                0x0800c5bc       0x24 ./Core/Src/main.o
                0x0800c5bc                defaultTask_attributes
 .rodata.UserInput_attributes
                0x0800c5e0       0x24 ./Core/Src/main.o
                0x0800c5e0                UserInput_attributes
 .rodata.Console_attributes
                0x0800c604       0x24 ./Core/Src/main.o
                0x0800c604                Console_attributes
 .rodata.LED_attributes
                0x0800c628       0x24 ./Core/Src/main.o
                0x0800c628                LED_attributes
 .rodata.ButtonTask_attributes
                0x0800c64c       0x24 ./Core/Src/main.o
                0x0800c64c                ButtonTask_attributes
 .rodata.ConsoleQueue_attributes
                0x0800c670       0x18 ./Core/Src/main.o
                0x0800c670                ConsoleQueue_attributes
 .rodata.LEDQueue_attributes
                0x0800c688       0x18 ./Core/Src/main.o
                0x0800c688                LEDQueue_attributes
 .rodata.ButtonQueue_attributes
                0x0800c6a0       0x18 ./Core/Src/main.o
                0x0800c6a0                ButtonQueue_attributes
 .rodata.uartRxSem_attributes
                0x0800c6b8       0x10 ./Core/Src/main.o
                0x0800c6b8                uartRxSem_attributes
 .rodata.UARTPrescTable
                0x0800c6c8       0x18 ./Drivers/STM32H7xx_HAL_Driver/stm32h7xx_hal_uart.o
                0x0800c6c8                UARTPrescTable
 .rodata.numerator.1
                0x0800c6e0        0x8 ./Drivers/STM32H7xx_HAL_Driver/stm32h7xx_hal_uart_ex.o
 .rodata.denominator.0
                0x0800c6e8        0x8 ./Drivers/STM32H7xx_HAL_Driver/stm32h7xx_hal_uart_ex.o
 .rodata._ctype_
                0x0800c6f0      0x101 /opt/st/stm32cubeide_2.0.0/plugins/com.st.stm32cube.ide.mcu.externaltools.gnu-tools-for-stm32.13.3.rel1.linux64_1.0.100.202509120712/tools/bin/../lib/gcc/arm-none-eabi/13.3.1/../../../../arm-none-eabi/lib/thumb/v7e-m+dp/hard/libc_nano.a(libc_a-ctype_.o)
                0x0800c6f0                _ctype_
 .rodata._svfprintf_r.str1.1
                0x0800c7f1       0x33 /opt/st/stm32cubeide_2.0.0/plugins/com.st.stm32cube.ide.mcu.externaltools.gnu-tools-for-stm32.13.3.rel1.linux64_1.0.100.202509120712/tools/bin/../lib/gcc/arm-none-eabi/13.3.1/../../../../arm-none-eabi/lib/thumb/v7e-m+dp/hard/libc_nano.a(libc_a-nano-svfprintf.o)
                                 0x11 (size before relaxing)
 .rodata._printf_i.str1.1
                0x0800c824        0x0 /opt/st/stm32cubeide_2.0.0/plugins/com.st.stm32cube.ide.mcu.externaltools.gnu-tools-for-stm32.13.3.rel1.linux64_1.0.100.202509120712/tools/bin/../lib/gcc/arm-none-eabi/13.3.1/../../../../arm-none-eabi/lib/thumb/v7e-m+dp/hard/libc_nano.a(libc_a-nano-vfprintf_i.o)
                                 0x22 (size before relaxing)
                0x0800c824                        . = ALIGN (0x4)

.ARM.extab      0x0800c824        0x0
                0x0800c824                        . = ALIGN (0x4)
 *(.ARM.extab* .gnu.linkonce.armextab.*)
                0x0800c824                        . = ALIGN (0x4)

.ARM            0x0800c824        0x8
                0x0800c824                        . = ALIGN (0x4)
                0x0800c824                        __exidx_start = .
 *(.ARM.exidx*)
 .ARM.exidx     0x0800c824        0x8 /opt/st/stm32cubeide_2.0.0/plugins/com.st.stm32cube.ide.mcu.externaltools.gnu-tools-for-stm32.13.3.rel1.linux64_1.0.100.202509120712/tools/bin/../lib/gcc/arm-none-eabi/13.3.1/../../../../arm-none-eabi/lib/thumb/v7e-m+dp/hard/libc_nano.a(libc_a-strcmp.o)
 .ARM.exidx     0x0800c82c        0x0 /opt/st/stm32cubeide_2.0.0/plugins/com.st.stm32cube.ide.mcu.externaltools.gnu-tools-for-stm32.13.3.rel1.linux64_1.0.100.202509120712/tools/bin/../lib/gcc/arm-none-eabi/13.3.1/../../../../arm-none-eabi/lib/thumb/v7e-m+dp/hard/libc_nano.a(libc_a-strlen.o)
                                  0x8 (size before relaxing)
 .ARM.exidx     0x0800c82c        0x0 /opt/st/stm32cubeide_2.0.0/plugins/com.st.stm32cube.ide.mcu.externaltools.gnu-tools-for-stm32.13.3.rel1.linux64_1.0.100.202509120712/tools/bin/../lib/gcc/arm-none-eabi/13.3.1/../../../../arm-none-eabi/lib/thumb/v7e-m+dp/hard/libc_nano.a(libc_a-memchr.o)
                                  0x8 (size before relaxing)
 .ARM.exidx     0x0800c82c        0x0 /opt/st/stm32cubeide_2.0.0/plugins/com.st.stm32cube.ide.mcu.externaltools.gnu-tools-for-stm32.13.3.rel1.linux64_1.0.100.202509120712/tools/bin/../lib/gcc/arm-none-eabi/13.3.1/thumb/v7e-m+dp/hard/libgcc.a(_udivmoddi4.o)
                                  0x8 (size before relaxing)
                0x0800c82c                        __exidx_end = .
                0x0800c82c                        . = ALIGN (0x4)

.preinit_array  0x0800c82c        0x0
                0x0800c82c                        . = ALIGN (0x4)
                0x0800c82c                        PROVIDE (__preinit_array_start = .)
 *(.preinit_array*)
                0x0800c82c                        PROVIDE (__preinit_array_end = .)
                0x0800c82c                        . = ALIGN (0x4)

.init_array     0x0800c82c        0x4
                0x0800c82c                        . = ALIGN (0x4)
                0x0800c82c                        PROVIDE (__init_array_start = .)
 *(SORT_BY_NAME(.init_array.*))
 *(.init_array*)
 .init_array    0x0800c82c        0x4 /opt/st/stm32cubeide_2.0.0/plugins/com.st.stm32cube.ide.mcu.externaltools.gnu-tools-for-stm32.13.3.rel1.linux64_1.0.100.202509120712/tools/bin/../lib/gcc/arm-none-eabi/13.3.1/thumb/v7e-m+dp/hard/crtbegin.o
                0x0800c830                        PROVIDE (__init_array_end = .)
                0x0800c830                        . = ALIGN (0x4)

.fini_array     0x0800c830        0x4
                0x0800c830                        . = ALIGN (0x4)
                [!provide]                        PROVIDE (__fini_array_start = .)
 *(SORT_BY_NAME(.fini_array.*))
 *(.fini_array*)
 .fini_array    0x0800c830        0x4 /opt/st/stm32cubeide_2.0.0/plugins/com.st.stm32cube.ide.mcu.externaltools.gnu-tools-for-stm32.13.3.rel1.linux64_1.0.100.202509120712/tools/bin/../lib/gcc/arm-none-eabi/13.3.1/thumb/v7e-m+dp/hard/crtbegin.o
                [!provide]                        PROVIDE (__fini_array_end = .)
                0x0800c834                        . = ALIGN (0x4)
                0x0800c834                        _sidata = LOADADDR (.data)

.rel.dyn        0x0800c834        0x0
 .rel.iplt      0x0800c834        0x0 /opt/st/stm32cubeide_2.0.0/plugins/com.st.stm32cube.ide.mcu.externaltools.gnu-tools-for-stm32.13.3.rel1.linux64_1.0.100.202509120712/tools/bin/../lib/gcc/arm-none-eabi/13.3.1/thumb/v7e-m+dp/hard/crtbegin.o

.data           0x24000000       0x64 load address 0x0800c834
                0x24000000                        . = ALIGN (0x4)
                0x24000000                        _sdata = .
 *(.data)
 *(.data*)
 .data.SystemCoreClock
                0x24000000        0x4 ./Common/Src/system_stm32h7xx_dualcore_boot_cm4_cm7.o
                0x24000000                SystemCoreClock
 .data.SystemD2Clock
                0x24000004        0x4 ./Common/Src/system_stm32h7xx_dualcore_boot_cm4_cm7.o
                0x24000004                SystemD2Clock
 .data.uwTickPrio
                0x24000008        0x4 ./Drivers/STM32H7xx_HAL_Driver/stm32h7xx_hal.o
                0x24000008                uwTickPrio
 .data.uwTickFreq
                0x2400000c        0x1 ./Drivers/STM32H7xx_HAL_Driver/stm32h7xx_hal.o
                0x2400000c                uwTickFreq
 *fill*         0x2400000d        0x3 
 .data.uxCriticalNesting
                0x24000010        0x4 ./Middlewares/Third_Party/FreeRTOS/port.o
 .data._impure_ptr
                0x24000014        0x4 /opt/st/stm32cubeide_2.0.0/plugins/com.st.stm32cube.ide.mcu.externaltools.gnu-tools-for-stm32.13.3.rel1.linux64_1.0.100.202509120712/tools/bin/../lib/gcc/arm-none-eabi/13.3.1/../../../../arm-none-eabi/lib/thumb/v7e-m+dp/hard/libc_nano.a(libc_a-impure.o)
                0x24000014                _impure_ptr
 .data._impure_data
                0x24000018       0x4c /opt/st/stm32cubeide_2.0.0/plugins/com.st.stm32cube.ide.mcu.externaltools.gnu-tools-for-stm32.13.3.rel1.linux64_1.0.100.202509120712/tools/bin/../lib/gcc/arm-none-eabi/13.3.1/../../../../arm-none-eabi/lib/thumb/v7e-m+dp/hard/libc_nano.a(libc_a-impure.o)
                0x24000018                _impure_data
 *(.RamFunc)
 *(.RamFunc*)
                0x24000064                        . = ALIGN (0x4)
                0x24000064                        _edata = .

.igot.plt       0x24000064        0x0 load address 0x0800c898
 .igot.plt      0x24000064        0x0 /opt/st/stm32cubeide_2.0.0/plugins/com.st.stm32cube.ide.mcu.externaltools.gnu-tools-for-stm32.13.3.rel1.linux64_1.0.100.202509120712/tools/bin/../lib/gcc/arm-none-eabi/13.3.1/thumb/v7e-m+dp/hard/crtbegin.o
                0x24000064                        . = ALIGN (0x4)

.bss            0x24000064     0x4bd0 load address 0x0800c898
                0x24000064                        _sbss = .
                0x24000064                        __bss_start__ = _sbss
 *(.bss)
 .bss           0x24000064       0x1c /opt/st/stm32cubeide_2.0.0/plugins/com.st.stm32cube.ide.mcu.externaltools.gnu-tools-for-stm32.13.3.rel1.linux64_1.0.100.202509120712/tools/bin/../lib/gcc/arm-none-eabi/13.3.1/thumb/v7e-m+dp/hard/crtbegin.o
 *(.bss*)
 .bss.huart3    0x24000080       0x94 ./Core/Src/main.o
                0x24000080                huart3
 .bss.defaultTaskHandle
                0x24000114        0x4 ./Core/Src/main.o
                0x24000114                defaultTaskHandle
 .bss.UserInputHandle
                0x24000118        0x4 ./Core/Src/main.o
                0x24000118                UserInputHandle
 .bss.ConsoleHandle
                0x2400011c        0x4 ./Core/Src/main.o
                0x2400011c                ConsoleHandle
 .bss.LEDHandle
                0x24000120        0x4 ./Core/Src/main.o
                0x24000120                LEDHandle
 .bss.ButtonTaskHandle
                0x24000124        0x4 ./Core/Src/main.o
                0x24000124                ButtonTaskHandle
 .bss.ConsoleQueueHandle
                0x24000128        0x4 ./Core/Src/main.o
                0x24000128                ConsoleQueueHandle
 .bss.LEDQueueHandle
                0x2400012c        0x4 ./Core/Src/main.o
                0x2400012c                LEDQueueHandle
 .bss.ButtonQueueHandle
                0x24000130        0x4 ./Core/Src/main.o
                0x24000130                ButtonQueueHandle
 .bss.uartRxSemHandle
                0x24000134        0x4 ./Core/Src/main.o
                0x24000134                uartRxSemHandle
 .bss.blinkDelay
                0x24000138        0x4 ./Core/Src/main.o
                0x24000138                blinkDelay
 .bss.flag      0x2400013c        0x1 ./Core/Src/main.o
                0x2400013c                flag
 .bss.lastCommand
                0x2400013d        0x1 ./Core/Src/main.o
                0x2400013d                lastCommand
 .bss.currentLEDState
                0x2400013e        0x1 ./Core/Src/main.o
                0x2400013e                currentLEDState
 *fill*         0x2400013f        0x1 
 .bss.rxBuff    0x24000140        0x5 ./Core/Src/myBuffer.o
                0x24000140                rxBuff
 .bss.rxChar    0x24000145        0x1 ./Core/Src/myBuffer.o
                0x24000145                rxChar
 .bss.rxIndex   0x24000146        0x1 ./Core/Src/myBuffer.o
                0x24000146                rxIndex
 *fill*         0x24000147        0x1 
 .bss.htim2     0x24000148       0x4c ./Core/Src/stm32h7xx_hal_timebase_tim.o
                0x24000148                htim2
 .bss.__sbrk_heap_end
                0x24000194        0x4 ./Core/Src/sysmem.o
 .bss.uwTick    0x24000198        0x4 ./Drivers/STM32H7xx_HAL_Driver/stm32h7xx_hal.o
                0x24000198                uwTick
 .bss.KernelState
                0x2400019c        0x4 ./Middlewares/Third_Party/FreeRTOS/cmsis_os2.o
 .bss.Idle_TCB.3
                0x240001a0       0x5c ./Middlewares/Third_Party/FreeRTOS/cmsis_os2.o
 .bss.Idle_Stack.2
                0x240001fc      0x200 ./Middlewares/Third_Party/FreeRTOS/cmsis_os2.o
 .bss.Timer_TCB.1
                0x240003fc       0x5c ./Middlewares/Third_Party/FreeRTOS/cmsis_os2.o
 .bss.Timer_Stack.0
                0x24000458      0x400 ./Middlewares/Third_Party/FreeRTOS/cmsis_os2.o
 .bss.ucHeap    0x24000858     0x3c00 ./Middlewares/Third_Party/FreeRTOS/heap_4.o
 .bss.xStart    0x24004458        0x8 ./Middlewares/Third_Party/FreeRTOS/heap_4.o
 .bss.pxEnd     0x24004460        0x4 ./Middlewares/Third_Party/FreeRTOS/heap_4.o
 .bss.xFreeBytesRemaining
                0x24004464        0x4 ./Middlewares/Third_Party/FreeRTOS/heap_4.o
 .bss.xMinimumEverFreeBytesRemaining
                0x24004468        0x4 ./Middlewares/Third_Party/FreeRTOS/heap_4.o
 .bss.xNumberOfSuccessfulAllocations
                0x2400446c        0x4 ./Middlewares/Third_Party/FreeRTOS/heap_4.o
 .bss.xNumberOfSuccessfulFrees
                0x24004470        0x4 ./Middlewares/Third_Party/FreeRTOS/heap_4.o
 .bss.xBlockAllocatedBit
                0x24004474        0x4 ./Middlewares/Third_Party/FreeRTOS/heap_4.o
 .bss.ucMaxSysCallPriority
                0x24004478        0x1 ./Middlewares/Third_Party/FreeRTOS/port.o
 *fill*         0x24004479        0x3 
 .bss.ulMaxPRIGROUPValue
                0x2400447c        0x4 ./Middlewares/Third_Party/FreeRTOS/port.o
 .bss.xQueueRegistry
                0x24004480       0x40 ./Middlewares/Third_Party/FreeRTOS/queue.o
                0x24004480                xQueueRegistry
 .bss.pxCurrentTCB
                0x240044c0        0x4 ./Middlewares/Third_Party/FreeRTOS/tasks.o
                0x240044c0                pxCurrentTCB
 .bss.pxReadyTasksLists
                0x240044c4      0x460 ./Middlewares/Third_Party/FreeRTOS/tasks.o
 .bss.xDelayedTaskList1
                0x24004924       0x14 ./Middlewares/Third_Party/FreeRTOS/tasks.o
 .bss.xDelayedTaskList2
                0x24004938       0x14 ./Middlewares/Third_Party/FreeRTOS/tasks.o
 .bss.pxDelayedTaskList
                0x2400494c        0x4 ./Middlewares/Third_Party/FreeRTOS/tasks.o
 .bss.pxOverflowDelayedTaskList
                0x24004950        0x4 ./Middlewares/Third_Party/FreeRTOS/tasks.o
 .bss.xPendingReadyList
                0x24004954       0x14 ./Middlewares/Third_Party/FreeRTOS/tasks.o
 .bss.xTasksWaitingTermination
                0x24004968       0x14 ./Middlewares/Third_Party/FreeRTOS/tasks.o
 .bss.uxDeletedTasksWaitingCleanUp
                0x2400497c        0x4 ./Middlewares/Third_Party/FreeRTOS/tasks.o
 .bss.xSuspendedTaskList
                0x24004980       0x14 ./Middlewares/Third_Party/FreeRTOS/tasks.o
 .bss.uxCurrentNumberOfTasks
                0x24004994        0x4 ./Middlewares/Third_Party/FreeRTOS/tasks.o
 .bss.xTickCount
                0x24004998        0x4 ./Middlewares/Third_Party/FreeRTOS/tasks.o
 .bss.uxTopReadyPriority
                0x2400499c        0x4 ./Middlewares/Third_Party/FreeRTOS/tasks.o
 .bss.xSchedulerRunning
                0x240049a0        0x4 ./Middlewares/Third_Party/FreeRTOS/tasks.o
 .bss.xPendedTicks
                0x240049a4        0x4 ./Middlewares/Third_Party/FreeRTOS/tasks.o
 .bss.xYieldPending
                0x240049a8        0x4 ./Middlewares/Third_Party/FreeRTOS/tasks.o
 .bss.xNumOfOverflows
                0x240049ac        0x4 ./Middlewares/Third_Party/FreeRTOS/tasks.o
 .bss.uxTaskNumber
                0x240049b0        0x4 ./Middlewares/Third_Party/FreeRTOS/tasks.o
 .bss.xNextTaskUnblockTime
                0x240049b4        0x4 ./Middlewares/Third_Party/FreeRTOS/tasks.o
 .bss.xIdleTaskHandle
                0x240049b8        0x4 ./Middlewares/Third_Party/FreeRTOS/tasks.o
 .bss.uxSchedulerSuspended
                0x240049bc        0x4 ./Middlewares/Third_Party/FreeRTOS/tasks.o
 .bss.xActiveTimerList1
                0x240049c0       0x14 ./Middlewares/Third_Party/FreeRTOS/timers.o
 .bss.xActiveTimerList2
                0x240049d4       0x14 ./Middlewares/Third_Party/FreeRTOS/timers.o
 .bss.pxCurrentTimerList
                0x240049e8        0x4 ./Middlewares/Third_Party/FreeRTOS/timers.o
 .bss.pxOverflowTimerList
                0x240049ec        0x4 ./Middlewares/Third_Party/FreeRTOS/timers.o
 .bss.xTimerQueue
                0x240049f0        0x4 ./Middlewares/Third_Party/FreeRTOS/timers.o
 .bss.xTimerTaskHandle
                0x240049f4        0x4 ./Middlewares/Third_Party/FreeRTOS/timers.o
 .bss.xLastTime.2
                0x240049f8        0x4 ./Middlewares/Third_Party/FreeRTOS/timers.o
 .bss.ucStaticTimerQueueStorage.1
                0x240049fc       0xa0 ./Middlewares/Third_Party/FreeRTOS/timers.o
 .bss.xStaticTimerQueue.0
                0x24004a9c       0x50 ./Middlewares/Third_Party/FreeRTOS/timers.o
 .bss.__sf      0x24004aec      0x138 /opt/st/stm32cubeide_2.0.0/plugins/com.st.stm32cube.ide.mcu.externaltools.gnu-tools-for-stm32.13.3.rel1.linux64_1.0.100.202509120712/tools/bin/../lib/gcc/arm-none-eabi/13.3.1/../../../../arm-none-eabi/lib/thumb/v7e-m+dp/hard/libc_nano.a(libc_a-findfp.o)
                0x24004aec                __sf
 .bss.errno     0x24004c24        0x4 /opt/st/stm32cubeide_2.0.0/plugins/com.st.stm32cube.ide.mcu.externaltools.gnu-tools-for-stm32.13.3.rel1.linux64_1.0.100.202509120712/tools/bin/../lib/gcc/arm-none-eabi/13.3.1/../../../../arm-none-eabi/lib/thumb/v7e-m+dp/hard/libc_nano.a(libc_a-reent.o)
                0x24004c24                errno
 .bss.__lock___malloc_recursive_mutex
                0x24004c28        0x1 /opt/st/stm32cubeide_2.0.0/plugins/com.st.stm32cube.ide.mcu.externaltools.gnu-tools-for-stm32.13.3.rel1.linux64_1.0.100.202509120712/tools/bin/../lib/gcc/arm-none-eabi/13.3.1/../../../../arm-none-eabi/lib/thumb/v7e-m+dp/hard/libc_nano.a(libc_a-lock.o)
                0x24004c28                __lock___malloc_recursive_mutex
 *fill*         0x24004c29        0x3 
 .bss.__malloc_sbrk_start
                0x24004c2c        0x4 /opt/st/stm32cubeide_2.0.0/plugins/com.st.stm32cube.ide.mcu.externaltools.gnu-tools-for-stm32.13.3.rel1.linux64_1.0.100.202509120712/tools/bin/../lib/gcc/arm-none-eabi/13.3.1/../../../../arm-none-eabi/lib/thumb/v7e-m+dp/hard/libc_nano.a(libc_a-mallocr.o)
                0x24004c2c                __malloc_sbrk_start
 .bss.__malloc_free_list
                0x24004c30        0x4 /opt/st/stm32cubeide_2.0.0/plugins/com.st.stm32cube.ide.mcu.externaltools.gnu-tools-for-stm32.13.3.rel1.linux64_1.0.100.202509120712/tools/bin/../lib/gcc/arm-none-eabi/13.3.1/../../../../arm-none-eabi/lib/thumb/v7e-m+dp/hard/libc_nano.a(libc_a-mallocr.o)
                0x24004c30                __malloc_free_list
 *(COMMON)
                0x24004c34                        . = ALIGN (0x4)
                0x24004c34                        _ebss = .
                0x24004c34                        __bss_end__ = _ebss

._user_heap_stack
                0x24004c34      0x654 load address 0x0800c898
                0x24004c38                        . = ALIGN (0x8)
 *fill*         0x24004c34        0x4 
                [!provide]                        PROVIDE (end = .)
                0x24004c38                        PROVIDE (_end = .)
                0x24004e38                        . = (. + _Min_Heap_Size)
 *fill*         0x24004c38      0x200 
                0x24005288                        . = (. + _Min_Stack_Size)
 *fill*         0x24004e38      0x450 
                0x24005288                        . = ALIGN (0x8)

/DISCARD/
 libc.a(*)
 libm.a(*)
 libgcc.a(*)

.ARM.attributes
                0x00000000       0x2e
 *(.ARM.attributes)
 .ARM.attributes
                0x00000000       0x20 /opt/st/stm32cubeide_2.0.0/plugins/com.st.stm32cube.ide.mcu.externaltools.gnu-tools-for-stm32.13.3.rel1.linux64_1.0.100.202509120712/tools/bin/../lib/gcc/arm-none-eabi/13.3.1/thumb/v7e-m+dp/hard/crti.o
 .ARM.attributes
                0x00000020       0x32 /opt/st/stm32cubeide_2.0.0/plugins/com.st.stm32cube.ide.mcu.externaltools.gnu-tools-for-stm32.13.3.rel1.linux64_1.0.100.202509120712/tools/bin/../lib/gcc/arm-none-eabi/13.3.1/thumb/v7e-m+dp/hard/crtbegin.o
 .ARM.attributes
                0x00000052       0x32 ./Common/Src/system_stm32h7xx_dualcore_boot_cm4_cm7.o
 .ARM.attributes
                0x00000084       0x32 ./Core/Src/main.o
 .ARM.attributes
                0x000000b6       0x32 ./Core/Src/myBuffer.o
 .ARM.attributes
                0x000000e8       0x32 ./Core/Src/stm32h7xx_hal_msp.o
 .ARM.attributes
                0x0000011a       0x32 ./Core/Src/stm32h7xx_hal_timebase_tim.o
 .ARM.attributes
                0x0000014c       0x32 ./Core/Src/stm32h7xx_it.o
 .ARM.attributes
                0x0000017e       0x32 ./Core/Src/sysmem.o
 .ARM.attributes
                0x000001b0       0x21 ./Core/Startup/startup_stm32h755zitx.o
 .ARM.attributes
                0x000001d1       0x32 ./Drivers/STM32H7xx_HAL_Driver/stm32h7xx_hal.o
 .ARM.attributes
                0x00000203       0x32 ./Drivers/STM32H7xx_HAL_Driver/stm32h7xx_hal_cortex.o
 .ARM.attributes
                0x00000235       0x32 ./Drivers/STM32H7xx_HAL_Driver/stm32h7xx_hal_dma.o
 .ARM.attributes
                0x00000267       0x32 ./Drivers/STM32H7xx_HAL_Driver/stm32h7xx_hal_gpio.o
 .ARM.attributes
                0x00000299       0x32 ./Drivers/STM32H7xx_HAL_Driver/stm32h7xx_hal_hsem.o
 .ARM.attributes
                0x000002cb       0x32 ./Drivers/STM32H7xx_HAL_Driver/stm32h7xx_hal_pwr_ex.o
 .ARM.attributes
                0x000002fd       0x32 ./Drivers/STM32H7xx_HAL_Driver/stm32h7xx_hal_rcc.o
 .ARM.attributes
                0x0000032f       0x32 ./Drivers/STM32H7xx_HAL_Driver/stm32h7xx_hal_rcc_ex.o
 .ARM.attributes
                0x00000361       0x32 ./Drivers/STM32H7xx_HAL_Driver/stm32h7xx_hal_tim.o
 .ARM.attributes
                0x00000393       0x32 ./Drivers/STM32H7xx_HAL_Driver/stm32h7xx_hal_tim_ex.o
 .ARM.attributes
                0x000003c5       0x32 ./Drivers/STM32H7xx_HAL_Driver/stm32h7xx_hal_uart.o
 .ARM.attributes
                0x000003f7       0x32 ./Drivers/STM32H7xx_HAL_Driver/stm32h7xx_hal_uart_ex.o
 .ARM.attributes
                0x00000429       0x32 ./Middlewares/Third_Party/FreeRTOS/cmsis_os2.o
 .ARM.attributes
                0x0000045b       0x32 ./Middlewares/Third_Party/FreeRTOS/heap_4.o
 .ARM.attributes
                0x0000048d       0x32 ./Middlewares/Third_Party/FreeRTOS/list.o
 .ARM.attributes
                0x000004bf       0x32 ./Middlewares/Third_Party/FreeRTOS/port.o
 .ARM.attributes
                0x000004f1       0x32 ./Middlewares/Third_Party/FreeRTOS/queue.o
 .ARM.attributes
                0x00000523       0x32 ./Middlewares/Third_Party/FreeRTOS/tasks.o
 .ARM.attributes
                0x00000555       0x32 ./Middlewares/Third_Party/FreeRTOS/timers.o
 .ARM.attributes
                0x00000587       0x32 /opt/st/stm32cubeide_2.0.0/plugins/com.st.stm32cube.ide.mcu.externaltools.gnu-tools-for-stm32.13.3.rel1.linux64_1.0.100.202509120712/tools/bin/../lib/gcc/arm-none-eabi/13.3.1/../../../../arm-none-eabi/lib/thumb/v7e-m+dp/hard/libc_nano.a(libc_a-ctype_.o)
 .ARM.attributes
                0x000005b9       0x32 /opt/st/stm32cubeide_2.0.0/plugins/com.st.stm32cube.ide.mcu.externaltools.gnu-tools-for-stm32.13.3.rel1.linux64_1.0.100.202509120712/tools/bin/../lib/gcc/arm-none-eabi/13.3.1/../../../../arm-none-eabi/lib/thumb/v7e-m+dp/hard/libc_nano.a(libc_a-findfp.o)
 .ARM.attributes
                0x000005eb       0x32 /opt/st/stm32cubeide_2.0.0/plugins/com.st.stm32cube.ide.mcu.externaltools.gnu-tools-for-stm32.13.3.rel1.linux64_1.0.100.202509120712/tools/bin/../lib/gcc/arm-none-eabi/13.3.1/../../../../arm-none-eabi/lib/thumb/v7e-m+dp/hard/libc_nano.a(libc_a-sprintf.o)
 .ARM.attributes
                0x0000061d       0x32 /opt/st/stm32cubeide_2.0.0/plugins/com.st.stm32cube.ide.mcu.externaltools.gnu-tools-for-stm32.13.3.rel1.linux64_1.0.100.202509120712/tools/bin/../lib/gcc/arm-none-eabi/13.3.1/../../../../arm-none-eabi/lib/thumb/v7e-m+dp/hard/libc_nano.a(libc_a-memset.o)
 .ARM.attributes
                0x0000064f       0x32 /opt/st/stm32cubeide_2.0.0/plugins/com.st.stm32cube.ide.mcu.externaltools.gnu-tools-for-stm32.13.3.rel1.linux64_1.0.100.202509120712/tools/bin/../lib/gcc/arm-none-eabi/13.3.1/../../../../arm-none-eabi/lib/thumb/v7e-m+dp/hard/libc_nano.a(libc_a-strncpy.o)
 .ARM.attributes
                0x00000681       0x32 /opt/st/stm32cubeide_2.0.0/plugins/com.st.stm32cube.ide.mcu.externaltools.gnu-tools-for-stm32.13.3.rel1.linux64_1.0.100.202509120712/tools/bin/../lib/gcc/arm-none-eabi/13.3.1/../../../../arm-none-eabi/lib/thumb/v7e-m+dp/hard/libc_nano.a(libc_a-reent.o)
 .ARM.attributes
                0x000006b3       0x32 /opt/st/stm32cubeide_2.0.0/plugins/com.st.stm32cube.ide.mcu.externaltools.gnu-tools-for-stm32.13.3.rel1.linux64_1.0.100.202509120712/tools/bin/../lib/gcc/arm-none-eabi/13.3.1/../../../../arm-none-eabi/lib/thumb/v7e-m+dp/hard/libc_nano.a(libc_a-impure.o)
 .ARM.attributes
                0x000006e5       0x32 /opt/st/stm32cubeide_2.0.0/plugins/com.st.stm32cube.ide.mcu.externaltools.gnu-tools-for-stm32.13.3.rel1.linux64_1.0.100.202509120712/tools/bin/../lib/gcc/arm-none-eabi/13.3.1/../../../../arm-none-eabi/lib/thumb/v7e-m+dp/hard/libc_nano.a(libc_a-errno.o)
 .ARM.attributes
                0x00000717       0x32 /opt/st/stm32cubeide_2.0.0/plugins/com.st.stm32cube.ide.mcu.externaltools.gnu-tools-for-stm32.13.3.rel1.linux64_1.0.100.202509120712/tools/bin/../lib/gcc/arm-none-eabi/13.3.1/../../../../arm-none-eabi/lib/thumb/v7e-m+dp/hard/libc_nano.a(libc_a-init.o)
 .ARM.attributes
                0x00000749       0x32 /opt/st/stm32cubeide_2.0.0/plugins/com.st.stm32cube.ide.mcu.externaltools.gnu-tools-for-stm32.13.3.rel1.linux64_1.0.100.202509120712/tools/bin/../lib/gcc/arm-none-eabi/13.3.1/../../../../arm-none-eabi/lib/thumb/v7e-m+dp/hard/libc_nano.a(libc_a-lock.o)
 .ARM.attributes
                0x0000077b       0x1e /opt/st/stm32cubeide_2.0.0/plugins/com.st.stm32cube.ide.mcu.externaltools.gnu-tools-for-stm32.13.3.rel1.linux64_1.0.100.202509120712/tools/bin/../lib/gcc/arm-none-eabi/13.3.1/../../../../arm-none-eabi/lib/thumb/v7e-m+dp/hard/libc_nano.a(libc_a-strcmp.o)
 .ARM.attributes
                0x00000799       0x32 /opt/st/stm32cubeide_2.0.0/plugins/com.st.stm32cube.ide.mcu.externaltools.gnu-tools-for-stm32.13.3.rel1.linux64_1.0.100.202509120712/tools/bin/../lib/gcc/arm-none-eabi/13.3.1/../../../../arm-none-eabi/lib/thumb/v7e-m+dp/hard/libc_nano.a(libc_a-memcpy-stub.o)
 .ARM.attributes
                0x000007cb       0x17 /opt/st/stm32cubeide_2.0.0/plugins/com.st.stm32cube.ide.mcu.externaltools.gnu-tools-for-stm32.13.3.rel1.linux64_1.0.100.202509120712/tools/bin/../lib/gcc/arm-none-eabi/13.3.1/../../../../arm-none-eabi/lib/thumb/v7e-m+dp/hard/libc_nano.a(libc_a-strlen.o)
 .ARM.attributes
                0x000007e2       0x32 /opt/st/stm32cubeide_2.0.0/plugins/com.st.stm32cube.ide.mcu.externaltools.gnu-tools-for-stm32.13.3.rel1.linux64_1.0.100.202509120712/tools/bin/../lib/gcc/arm-none-eabi/13.3.1/../../../../arm-none-eabi/lib/thumb/v7e-m+dp/hard/libc_nano.a(libc_a-freer.o)
 .ARM.attributes
                0x00000814       0x32 /opt/st/stm32cubeide_2.0.0/plugins/com.st.stm32cube.ide.mcu.externaltools.gnu-tools-for-stm32.13.3.rel1.linux64_1.0.100.202509120712/tools/bin/../lib/gcc/arm-none-eabi/13.3.1/../../../../arm-none-eabi/lib/thumb/v7e-m+dp/hard/libc_nano.a(libc_a-mallocr.o)
 .ARM.attributes
                0x00000846       0x32 /opt/st/stm32cubeide_2.0.0/plugins/com.st.stm32cube.ide.mcu.externaltools.gnu-tools-for-stm32.13.3.rel1.linux64_1.0.100.202509120712/tools/bin/../lib/gcc/arm-none-eabi/13.3.1/../../../../arm-none-eabi/lib/thumb/v7e-m+dp/hard/libc_nano.a(libc_a-mlock.o)
 .ARM.attributes
                0x00000878       0x32 /opt/st/stm32cubeide_2.0.0/plugins/com.st.stm32cube.ide.mcu.externaltools.gnu-tools-for-stm32.13.3.rel1.linux64_1.0.100.202509120712/tools/bin/../lib/gcc/arm-none-eabi/13.3.1/../../../../arm-none-eabi/lib/thumb/v7e-m+dp/hard/libc_nano.a(libc_a-nano-svfprintf.o)
 .ARM.attributes
                0x000008aa       0x32 /opt/st/stm32cubeide_2.0.0/plugins/com.st.stm32cube.ide.mcu.externaltools.gnu-tools-for-stm32.13.3.rel1.linux64_1.0.100.202509120712/tools/bin/../lib/gcc/arm-none-eabi/13.3.1/../../../../arm-none-eabi/lib/thumb/v7e-m+dp/hard/libc_nano.a(libc_a-nano-vfprintf_i.o)
 .ARM.attributes
                0x000008dc       0x32 /opt/st/stm32cubeide_2.0.0/plugins/com.st.stm32cube.ide.mcu.externaltools.gnu-tools-for-stm32.13.3.rel1.linux64_1.0.100.202509120712/tools/bin/../lib/gcc/arm-none-eabi/13.3.1/../../../../arm-none-eabi/lib/thumb/v7e-m+dp/hard/libc_nano.a(libc_a-memmove.o)
 .ARM.attributes
                0x0000090e       0x32 /opt/st/stm32cubeide_2.0.0/plugins/com.st.stm32cube.ide.mcu.externaltools.gnu-tools-for-stm32.13.3.rel1.linux64_1.0.100.202509120712/tools/bin/../lib/gcc/arm-none-eabi/13.3.1/../../../../arm-none-eabi/lib/thumb/v7e-m+dp/hard/libc_nano.a(libc_a-sbrkr.o)
 .ARM.attributes
                0x00000940       0x1c /opt/st/stm32cubeide_2.0.0/plugins/com.st.stm32cube.ide.mcu.externaltools.gnu-tools-for-stm32.13.3.rel1.linux64_1.0.100.202509120712/tools/bin/../lib/gcc/arm-none-eabi/13.3.1/../../../../arm-none-eabi/lib/thumb/v7e-m+dp/hard/libc_nano.a(libc_a-memchr.o)
 .ARM.attributes
                0x0000095c       0x32 /opt/st/stm32cubeide_2.0.0/plugins/com.st.stm32cube.ide.mcu.externaltools.gnu-tools-for-stm32.13.3.rel1.linux64_1.0.100.202509120712/tools/bin/../lib/gcc/arm-none-eabi/13.3.1/../../../../arm-none-eabi/lib/thumb/v7e-m+dp/hard/libc_nano.a(libc_a-reallocr.o)
 .ARM.attributes
                0x0000098e       0x32 /opt/st/stm32cubeide_2.0.0/plugins/com.st.stm32cube.ide.mcu.externaltools.gnu-tools-for-stm32.13.3.rel1.linux64_1.0.100.202509120712/tools/bin/../lib/gcc/arm-none-eabi/13.3.1/../../../../arm-none-eabi/lib/thumb/v7e-m+dp/hard/libc_nano.a(libc_a-msizer.o)
 .ARM.attributes
                0x000009c0       0x20 /opt/st/stm32cubeide_2.0.0/plugins/com.st.stm32cube.ide.mcu.externaltools.gnu-tools-for-stm32.13.3.rel1.linux64_1.0.100.202509120712/tools/bin/../lib/gcc/arm-none-eabi/13.3.1/thumb/v7e-m+dp/hard/libgcc.a(_aeabi_uldivmod.o)
 .ARM.attributes
                0x000009e0       0x32 /opt/st/stm32cubeide_2.0.0/plugins/com.st.stm32cube.ide.mcu.externaltools.gnu-tools-for-stm32.13.3.rel1.linux64_1.0.100.202509120712/tools/bin/../lib/gcc/arm-none-eabi/13.3.1/thumb/v7e-m+dp/hard/libgcc.a(_udivmoddi4.o)
 .ARM.attributes
                0x00000a12       0x20 /opt/st/stm32cubeide_2.0.0/plugins/com.st.stm32cube.ide.mcu.externaltools.gnu-tools-for-stm32.13.3.rel1.linux64_1.0.100.202509120712/tools/bin/../lib/gcc/arm-none-eabi/13.3.1/thumb/v7e-m+dp/hard/libgcc.a(_dvmd_tls.o)
 .ARM.attributes
                0x00000a32       0x20 /opt/st/stm32cubeide_2.0.0/plugins/com.st.stm32cube.ide.mcu.externaltools.gnu-tools-for-stm32.13.3.rel1.linux64_1.0.100.202509120712/tools/bin/../lib/gcc/arm-none-eabi/13.3.1/thumb/v7e-m+dp/hard/crtn.o
OUTPUT(STMH755_RTOS_taskComm_CM7.elf elf32-littlearm)
LOAD linker stubs
LOAD /opt/st/stm32cubeide_2.0.0/plugins/com.st.stm32cube.ide.mcu.externaltools.gnu-tools-for-stm32.13.3.rel1.linux64_1.0.100.202509120712/tools/bin/../lib/gcc/arm-none-eabi/13.3.1/../../../../arm-none-eabi/lib/thumb/v7e-m+dp/hard/libc.a
LOAD /opt/st/stm32cubeide_2.0.0/plugins/com.st.stm32cube.ide.mcu.externaltools.gnu-tools-for-stm32.13.3.rel1.linux64_1.0.100.202509120712/tools/bin/../lib/gcc/arm-none-eabi/13.3.1/../../../../arm-none-eabi/lib/thumb/v7e-m+dp/hard/libm.a
LOAD /opt/st/stm32cubeide_2.0.0/plugins/com.st.stm32cube.ide.mcu.externaltools.gnu-tools-for-stm32.13.3.rel1.linux64_1.0.100.202509120712/tools/bin/../lib/gcc/arm-none-eabi/13.3.1/thumb/v7e-m+dp/hard/libgcc.a

.debug_info     0x00000000    0x21b2c
 .debug_info    0x00000000      0xe73 ./Common/Src/system_stm32h7xx_dualcore_boot_cm4_cm7.o
 .debug_info    0x00000e73     0x249b ./Core/Src/main.o
 .debug_info    0x0000330e      0x20f ./Core/Src/myBuffer.o
 .debug_info    0x0000351d     0x1458 ./Core/Src/stm32h7xx_hal_msp.o
 .debug_info    0x00004975     0x10cd ./Core/Src/stm32h7xx_hal_timebase_tim.o
 .debug_info    0x00005a42      0xbe9 ./Core/Src/stm32h7xx_it.o
 .debug_info    0x0000662b      0x168 ./Core/Src/sysmem.o
 .debug_info    0x00006793       0x30 ./Core/Startup/startup_stm32h755zitx.o
 .debug_info    0x000067c3     0x177a ./Drivers/STM32H7xx_HAL_Driver/stm32h7xx_hal.o
 .debug_info    0x00007f3d     0x10d5 ./Drivers/STM32H7xx_HAL_Driver/stm32h7xx_hal_cortex.o
 .debug_info    0x00009012      0xc43 ./Drivers/STM32H7xx_HAL_Driver/stm32h7xx_hal_dma.o
 .debug_info    0x00009c55      0xd06 ./Drivers/STM32H7xx_HAL_Driver/stm32h7xx_hal_gpio.o
 .debug_info    0x0000a95b      0x3d3 ./Drivers/STM32H7xx_HAL_Driver/stm32h7xx_hal_hsem.o
 .debug_info    0x0000ad2e     0x1225 ./Drivers/STM32H7xx_HAL_Driver/stm32h7xx_hal_pwr_ex.o
 .debug_info    0x0000bf53      0xe67 ./Drivers/STM32H7xx_HAL_Driver/stm32h7xx_hal_rcc.o
 .debug_info    0x0000cdba     0x1303 ./Drivers/STM32H7xx_HAL_Driver/stm32h7xx_hal_rcc_ex.o
 .debug_info    0x0000e0bd     0x2bae ./Drivers/STM32H7xx_HAL_Driver/stm32h7xx_hal_tim.o
 .debug_info    0x00010c6b     0x17eb ./Drivers/STM32H7xx_HAL_Driver/stm32h7xx_hal_tim_ex.o
 .debug_info    0x00012456     0x4b1d ./Drivers/STM32H7xx_HAL_Driver/stm32h7xx_hal_uart.o
 .debug_info    0x00016f73      0xfbf ./Drivers/STM32H7xx_HAL_Driver/stm32h7xx_hal_uart_ex.o
 .debug_info    0x00017f32     0x3dab ./Middlewares/Third_Party/FreeRTOS/cmsis_os2.o
 .debug_info    0x0001bcdd      0x4d5 ./Middlewares/Third_Party/FreeRTOS/heap_4.o
 .debug_info    0x0001c1b2      0x2af ./Middlewares/Third_Party/FreeRTOS/list.o
 .debug_info    0x0001c461      0x4de ./Middlewares/Third_Party/FreeRTOS/port.o
 .debug_info    0x0001c93f     0x1b79 ./Middlewares/Third_Party/FreeRTOS/queue.o
 .debug_info    0x0001e4b8     0x21ec ./Middlewares/Third_Party/FreeRTOS/tasks.o
 .debug_info    0x000206a4     0x1488 ./Middlewares/Third_Party/FreeRTOS/timers.o

.debug_abbrev   0x00000000     0x408d
 .debug_abbrev  0x00000000      0x165 ./Common/Src/system_stm32h7xx_dualcore_boot_cm4_cm7.o
 .debug_abbrev  0x00000165      0x36f ./Core/Src/main.o
 .debug_abbrev  0x000004d4      0x11a ./Core/Src/myBuffer.o
 .debug_abbrev  0x000005ee      0x20c ./Core/Src/stm32h7xx_hal_msp.o
 .debug_abbrev  0x000007fa      0x212 ./Core/Src/stm32h7xx_hal_timebase_tim.o
 .debug_abbrev  0x00000a0c      0x187 ./Core/Src/stm32h7xx_it.o
 .debug_abbrev  0x00000b93       0xbc ./Core/Src/sysmem.o