../Core/Src/main.c:146:6:UART_Print	16	static
../Core/Src/main.c:160:5:main	16	static
../Core/Src/main.c:304:6:SystemClock_Config	120	static
../Core/Src/main.c:355:13:MX_USART3_UART_Init	8	static
../Core/Src/main.c:403:13:MX_GPIO_Init	48	static
../Core/Src/main.c:450:6:HAL_UART_RxCpltCallback	16	static
../Core/Src/main.c:491:6:HAL_GPIO_EXTI_Callback	24	static
../Core/Src/main.c:518:6:StartDefaultTask	16	static
../Core/Src/main.c:536:6:StartUserInput	24	static
../Core/Src/main.c:588:6:StartConsole	184	static
../Core/Src/main.c:638:6:StartLED	24	static
../Core/Src/main.c:706:6:StartButton	80	static
../Core/Src/main.c:745:6:HAL_TIM_PeriodElapsedCallback	16	static
../Core/Src/main.c:763:6:Error_Handler	4	static,ignoring_inline_asm
