../Core/Src/main.c:134:6:UART_Print	16	static
../Core/Src/main.c:145:5:main	16	static
../Core/Src/main.c:282:6:SystemClock_Config	120	static
../Core/Src/main.c:333:13:MX_USART3_UART_Init	8	static
../Core/Src/main.c:381:13:MX_GPIO_Init	40	static
../Core/Src/main.c:417:6:HAL_UART_RxCpltCallback	16	static
../Core/Src/main.c:437:6:StartDefaultTask	16	static
../Core/Src/main.c:455:6:StartUserInput	24	static
../Core/Src/main.c:509:6:StartConsole	152	static
../Core/Src/main.c:544:6:StartLED	24	static
../Core/Src/main.c:600:6:HAL_TIM_PeriodElapsedCallback	16	static
../Core/Src/main.c:618:6:Error_Handler	4	static,ignoring_inline_asm
