../Core/Src/main.c:134:6:UART_Print	1
../Core/Src/main.c:145:5:main	7
../Core/Src/main.c:282:6:SystemClock_Config	4
../Core/Src/main.c:333:13:MX_USART3_UART_Init	5
../Core/Src/main.c:381:13:MX_GPIO_Init	1
../Core/Src/main.c:417:6:HAL_UART_RxCpltCallback	2
../Core/Src/main.c:437:6:StartDefaultTask	1
../Core/Src/main.c:455:6:StartUserInput	5
../Core/Src/main.c:509:6:StartConsole	2
../Core/Src/main.c:544:6:StartLED	7
../Core/Src/main.c:600:6:HAL_TIM_PeriodElapsedCallback	2
../Core/Src/main.c:618:6:Error_Handler	1
