../Core/Src/main.c:133:6:UART_Print	1
../Core/Src/main.c:146:5:main	7
../Core/Src/main.c:284:6:SystemClock_Config	4
../Core/Src/main.c:335:13:MX_USART3_UART_Init	5
../Core/Src/main.c:383:13:MX_GPIO_Init	1
../Core/Src/main.c:430:6:HAL_UART_RxCpltCallback	6
../Core/Src/main.c:486:6:StartDefaultTask	1
../Core/Src/main.c:504:6:StartUserInput	2
../Core/Src/main.c:547:6:StartConsole	8
../Core/Src/main.c:603:6:StartLED	9
../Core/Src/main.c:672:6:HAL_TIM_PeriodElapsedCallback	2
../Core/Src/main.c:690:6:Error_Handler	1
